<html>
<body>
<pre>
<h1>µVision Build Log</h1>
<h2>Tool Versions:</h2>
IDE-Version: ¦ÌVision V5.15
Copyright (C) 2015 ARM Ltd and ARM Germany GmbH. All rights reserved.
License Information: 1 Administrator, 1, LIC=GMZI6-DCEES-2ZJW4-F2PDP-BQK6P-H20ZY
 
Tool Versions:
Toolchain:       MDK-ARM Plus  Version: 5.36.0.0
Toolchain Path:  C:\Keil_v5\ARM\ARMCC\Bin
C Compiler:      Armcc.exe V5.06 update 7 (build 960)
Assembler:       Armasm.exe V5.06 update 7 (build 960)
Linker/Locator:  ArmLink.exe V5.06 update 7 (build 960)
Library Manager: ArmAr.exe V5.06 update 7 (build 960)
Hex Converter:   FromElf.exe V5.06 update 7 (build 960)
CPU DLL:         SARMCM3.DLL V5.36.0.0
Dialog DLL:      DCM.DLL V1.17.3.0
Target DLL:      Segger\JL2CM3.dll V2.99.40.0
Dialog DLL:      TCM.DLL V1.53.0.0
 
<h2>Project:</h2>
D:\workspace\GD32F30x_Test\Project\test\MDK-ARM\test.uvprojx
Project File Date:  01/04/2022

<h2>Output:</h2>
*** Using Compiler 'V5.06 update 7 (build 960)', folder: 'C:\Keil_v5\ARM\ARMCC\Bin'
Build target 'test'
compiling util.c...
compiling test_task.c...
linking...
Program Size: Code=7864 RO-data=1120 RW-data=120 ZI-data=18632  
FromELF: creating hex file...
After Build - User command #1: fromelf --bin -o "D:\workspace\GD32F30x_Test\Project\test\MDK-ARM\output\test.bin" "D:\workspace\GD32F30x_Test\Project\test\MDK-ARM\output\test.axf"
".\output\test.axf" - 0 Error(s), 0 Warning(s).

<h2>Collection of Component include folders:</h2>
  D:\workspace\GD32F30x_Test\Project\test\MDK-ARM\RTE
  C:\Keil_v5\ARM\PACK\GigaDevice\GD32F30x_DFP\2.1.0\Device\Include

<h2>Collection of Component Files used:</h2>
</pre>
</body>
</html>
