Component: ARM Compiler 5.06 update 7 (build 960) Tool: armlink [4d3601]

==============================================================================

Section Cross References

    main.o(i.main) refers to delay.o(i.delay_init) for delay_init
    main.o(i.main) refers to uart_printf.o(i.uart_printf_init) for uart_printf_init
    main.o(i.main) refers to osal.o(i.OS_Init) for OS_Init
    main.o(i.main) refers to system.o(i.system_init) for system_init
    main.o(i.main) refers to osal.o(i.OS_StartScheduler) for OS_StartScheduler
    main.o(i.main) refers to printf3.o(i.__0printf$3) for __2printf
    gd32f30x_it.o(i.BusFault_Handler) refers to printf3.o(i.__0printf$3) for __2printf
    gd32f30x_it.o(i.BusFault_Handler) refers to gd32f30x_it.o(.constdata) for __func__
    gd32f30x_it.o(i.HardFault_Handler) refers to printf3.o(i.__0printf$3) for __2printf
    gd32f30x_it.o(i.HardFault_Handler) refers to gd32f30x_it.o(.constdata) for __func__
    gd32f30x_it.o(i.MemManage_Handler) refers to printf3.o(i.__0printf$3) for __2printf
    gd32f30x_it.o(i.MemManage_Handler) refers to gd32f30x_it.o(.constdata) for __func__
    gd32f30x_it.o(i.NMI_Handler) refers to printf3.o(i.__0printf$3) for __2printf
    gd32f30x_it.o(i.NMI_Handler) refers to gd32f30x_it.o(.constdata) for __func__
    gd32f30x_it.o(i.PendSV_Handler) refers to port.o(.emb_text) for xPortPendSVHandler
    gd32f30x_it.o(i.SVC_Handler) refers to port.o(.emb_text) for vPortSVCHandler
    gd32f30x_it.o(i.SysTick_Handler) refers to port.o(i.xPortSysTickHandler) for xPortSysTickHandler
    gd32f30x_it.o(i.SysTick_Handler) refers to systick.o(i.delay_decrement) for delay_decrement
    gd32f30x_it.o(i.UsageFault_Handler) refers to printf3.o(i.__0printf$3) for __2printf
    gd32f30x_it.o(i.UsageFault_Handler) refers to gd32f30x_it.o(.constdata) for __func__
    systick.o(i.delay_1ms) refers to systick.o(.data) for delay
    systick.o(i.delay_decrement) refers to systick.o(.data) for delay
    systick.o(i.systick_config) refers to systick.o(i.NVIC_SetPriority) for NVIC_SetPriority
    systick.o(i.systick_config) refers to system_gd32f30x.o(.data) for SystemCoreClock
    system_gd32f30x.o(i.SystemCoreClockUpdate) refers to system_gd32f30x.o(.data) for SystemCoreClock
    system_gd32f30x.o(i.SystemInit) refers to system_gd32f30x.o(i.system_clock_config) for system_clock_config
    system_gd32f30x.o(i.system_clock_config) refers to system_gd32f30x.o(i.system_clock_120m_hxtal) for system_clock_120m_hxtal
    gd32f30x_adc.o(i.adc_deinit) refers to gd32f30x_rcu.o(i.rcu_periph_reset_enable) for rcu_periph_reset_enable
    gd32f30x_adc.o(i.adc_deinit) refers to gd32f30x_rcu.o(i.rcu_periph_reset_disable) for rcu_periph_reset_disable
    gd32f30x_bkp.o(i.bkp_deinit) refers to gd32f30x_rcu.o(i.rcu_bkp_reset_enable) for rcu_bkp_reset_enable
    gd32f30x_bkp.o(i.bkp_deinit) refers to gd32f30x_rcu.o(i.rcu_bkp_reset_disable) for rcu_bkp_reset_disable
    gd32f30x_can.o(i.can_debug_freeze_disable) refers to gd32f30x_dbg.o(i.dbg_periph_enable) for dbg_periph_enable
    gd32f30x_can.o(i.can_debug_freeze_enable) refers to gd32f30x_dbg.o(i.dbg_periph_enable) for dbg_periph_enable
    gd32f30x_can.o(i.can_deinit) refers to gd32f30x_rcu.o(i.rcu_periph_reset_enable) for rcu_periph_reset_enable
    gd32f30x_can.o(i.can_deinit) refers to gd32f30x_rcu.o(i.rcu_periph_reset_disable) for rcu_periph_reset_disable
    gd32f30x_can.o(i.can_interrupt_flag_get) refers to gd32f30x_can.o(i.can_receive_message_length_get) for can_receive_message_length_get
    gd32f30x_can.o(i.can_interrupt_flag_get) refers to gd32f30x_can.o(i.can_error_get) for can_error_get
    gd32f30x_ctc.o(i.ctc_deinit) refers to gd32f30x_rcu.o(i.rcu_periph_reset_enable) for rcu_periph_reset_enable
    gd32f30x_ctc.o(i.ctc_deinit) refers to gd32f30x_rcu.o(i.rcu_periph_reset_disable) for rcu_periph_reset_disable
    gd32f30x_dac.o(i.dac_deinit) refers to gd32f30x_rcu.o(i.rcu_periph_reset_enable) for rcu_periph_reset_enable
    gd32f30x_dac.o(i.dac_deinit) refers to gd32f30x_rcu.o(i.rcu_periph_reset_disable) for rcu_periph_reset_disable
    gd32f30x_dma.o(i.dma_channel_disable) refers to gd32f30x_dma.o(i.dma_periph_and_channel_check) for dma_periph_and_channel_check
    gd32f30x_dma.o(i.dma_channel_enable) refers to gd32f30x_dma.o(i.dma_periph_and_channel_check) for dma_periph_and_channel_check
    gd32f30x_dma.o(i.dma_circulation_disable) refers to gd32f30x_dma.o(i.dma_periph_and_channel_check) for dma_periph_and_channel_check
    gd32f30x_dma.o(i.dma_circulation_enable) refers to gd32f30x_dma.o(i.dma_periph_and_channel_check) for dma_periph_and_channel_check
    gd32f30x_dma.o(i.dma_deinit) refers to gd32f30x_dma.o(i.dma_periph_and_channel_check) for dma_periph_and_channel_check
    gd32f30x_dma.o(i.dma_init) refers to gd32f30x_dma.o(i.dma_periph_and_channel_check) for dma_periph_and_channel_check
[...]
    Removing gd32f30x_usart.o(i.usart_interrupt_disable), (26 bytes).
    Removing gd32f30x_usart.o(i.usart_interrupt_enable), (26 bytes).
    Removing gd32f30x_usart.o(i.usart_interrupt_flag_clear), (26 bytes).
    Removing gd32f30x_usart.o(i.usart_interrupt_flag_get), (56 bytes).
    Removing gd32f30x_usart.o(i.usart_invert_config), (104 bytes).
    Removing gd32f30x_usart.o(i.usart_irda_lowpower_config), (20 bytes).
    Removing gd32f30x_usart.o(i.usart_irda_mode_disable), (10 bytes).
    Removing gd32f30x_usart.o(i.usart_irda_mode_enable), (10 bytes).
    Removing gd32f30x_usart.o(i.usart_lin_break_detection_length_config), (20 bytes).
    Removing gd32f30x_usart.o(i.usart_lin_mode_disable), (10 bytes).
    Removing gd32f30x_usart.o(i.usart_lin_mode_enable), (10 bytes).
    Removing gd32f30x_usart.o(i.usart_mute_mode_disable), (10 bytes).
    Removing gd32f30x_usart.o(i.usart_mute_mode_enable), (10 bytes).
    Removing gd32f30x_usart.o(i.usart_mute_mode_wakeup_config), (16 bytes).
    Removing gd32f30x_usart.o(i.usart_prescaler_config), (16 bytes).
    Removing gd32f30x_usart.o(i.usart_receiver_timeout_disable), (14 bytes).
    Removing gd32f30x_usart.o(i.usart_receiver_timeout_enable), (14 bytes).
    Removing gd32f30x_usart.o(i.usart_receiver_timeout_threshold_config), (20 bytes).
    Removing gd32f30x_usart.o(i.usart_send_break), (10 bytes).
    Removing gd32f30x_usart.o(i.usart_smartcard_autoretry_config), (26 bytes).
    Removing gd32f30x_usart.o(i.usart_smartcard_mode_disable), (10 bytes).
    Removing gd32f30x_usart.o(i.usart_smartcard_mode_enable), (10 bytes).
    Removing gd32f30x_usart.o(i.usart_smartcard_mode_nack_disable), (10 bytes).
    Removing gd32f30x_usart.o(i.usart_smartcard_mode_nack_enable), (10 bytes).
    Removing gd32f30x_usart.o(i.usart_synchronous_clock_config), (34 bytes).
    Removing gd32f30x_usart.o(i.usart_synchronous_clock_disable), (10 bytes).
    Removing gd32f30x_usart.o(i.usart_synchronous_clock_enable), (10 bytes).
    Removing gd32f30x_wwdgt.o(.rev16_text), (4 bytes).
    Removing gd32f30x_wwdgt.o(.revsh_text), (4 bytes).
    Removing gd32f30x_wwdgt.o(i.wwdgt_config), (56 bytes).
    Removing gd32f30x_wwdgt.o(i.wwdgt_counter_update), (28 bytes).
    Removing gd32f30x_wwdgt.o(i.wwdgt_deinit), (20 bytes).
    Removing gd32f30x_wwdgt.o(i.wwdgt_enable), (20 bytes).
    Removing gd32f30x_wwdgt.o(i.wwdgt_flag_clear), (20 bytes).
    Removing gd32f30x_wwdgt.o(i.wwdgt_flag_get), (24 bytes).
    Removing gd32f30x_wwdgt.o(i.wwdgt_interrupt_enable), (20 bytes).
    Removing gd32f303e_eval.o(.rev16_text), (4 bytes).
    Removing gd32f303e_eval.o(.revsh_text), (4 bytes).
    Removing gd32f303e_eval.o(i.gd_eval_com_init), (152 bytes).
    Removing gd32f303e_eval.o(i.gd_eval_key_init), (128 bytes).
    Removing gd32f303e_eval.o(i.gd_eval_key_state_get), (32 bytes).
    Removing gd32f303e_eval.o(i.gd_eval_led_init), (64 bytes).
    Removing gd32f303e_eval.o(i.gd_eval_led_off), (24 bytes).
    Removing gd32f303e_eval.o(i.gd_eval_led_on), (24 bytes).
    Removing gd32f303e_eval.o(i.gd_eval_led_toggle), (56 bytes).
    Removing gd32f303e_eval.o(.data), (140 bytes).
    Removing startup_gd32f30x_hd.o(HEAP), (1024 bytes).
    Removing key.o(.rev16_text), (4 bytes).
    Removing key.o(.revsh_text), (4 bytes).
    Removing key.o(i.key_init), (32 bytes).
    Removing key.o(i.key_state_get), (20 bytes).
    Removing led.o(.rev16_text), (4 bytes).
    Removing led.o(.revsh_text), (4 bytes).
    Removing led.o(i.led_init), (88 bytes).
    Removing led.o(i.led_off), (68 bytes).
    Removing led.o(i.led_on), (68 bytes).
    Removing i2c.o(.rev16_text), (4 bytes).
    Removing i2c.o(.revsh_text), (4 bytes).
    Removing i2c.o(i.I2C_ReadByte), (106 bytes).
    Removing i2c.o(i.I2C_ReadBytes), (136 bytes).
    Removing i2c.o(i.I2C_WriteByte), (92 bytes).
    Removing i2c.o(i.I2C_WriteBytes), (116 bytes).
    Removing i2c.o(i.IIC_Ack), (68 bytes).
    Removing i2c.o(i.IIC_Init), (68 bytes).
    Removing i2c.o(i.IIC_NAck), (68 bytes).
    Removing i2c.o(i.IIC_RecvByte), (96 bytes).
    Removing i2c.o(i.IIC_SendByte), (104 bytes).
    Removing i2c.o(i.IIC_SpeedCtl), (12 bytes).
    Removing i2c.o(i.IIC_Start), (68 bytes).
    Removing i2c.o(i.IIC_Stop), (68 bytes).
    Removing i2c.o(i.IIC_WaitAck), (172 bytes).
    Removing i2c.o(.data), (2 bytes).
    Removing delay.o(.rev16_text), (4 bytes).
    Removing delay.o(.revsh_text), (4 bytes).
    Removing delay.o(i.delay_ms), (18 bytes).
    Removing delay.o(i.delay_us), (24 bytes).
    Removing system.o(.rev16_text), (4 bytes).
    Removing system.o(.revsh_text), (4 bytes).
    Removing uart_printf.o(.rev16_text), (4 bytes).
    Removing uart_printf.o(.revsh_text), (4 bytes).
    Removing timer.o(i.timer_expired), (28 bytes).
    Removing timer.o(i.timer_remaining), (18 bytes).
    Removing timer.o(i.timer_reset), (10 bytes).
    Removing timer.o(i.timer_restart), (12 bytes).
    Removing timer.o(i.timer_set), (16 bytes).
    Removing kfifo.o(i.kFifoAviable), (16 bytes).
    Removing kfifo.o(i.kFifoEmpty), (18 bytes).
    Removing kfifo.o(i.kFifoFull), (24 bytes).
    Removing kfifo.o(i.kFifoGet), (124 bytes).
    Removing kfifo.o(i.kFifoInit), (32 bytes).
    Removing kfifo.o(i.kFifoLen), (10 bytes).
    Removing kfifo.o(i.kFifoPeer), (118 bytes).
    Removing kfifo.o(i.kFifoPut), (132 bytes).
    Removing kfifo.o(i.kFifoReset), (8 bytes).
    Removing test_task.o(.rev16_text), (4 bytes).
    Removing test_task.o(.revsh_text), (4 bytes).
    Removing osal.o(.rev16_text), (4 bytes).
    Removing osal.o(.revsh_text), (4 bytes).
    Removing osal.o(i.OS_GetTickCount), (8 bytes).
    Removing osal.o(i.OS_TaskDelete), (12 bytes).
    Removing osal.o(i.OS_TaskSetPriority), (16 bytes).
    Removing osal.o(i.OS_TickDelay), (12 bytes).
    Removing osal.o(i.OS_TickDelayUntil), (16 bytes).
    Removing event_groups.o(i.prvTestWaitCondition), (30 bytes).
    Removing event_groups.o(i.uxEventGroupGetNumber), (14 bytes).
    Removing event_groups.o(i.vEventGroupClearBitsCallback), (16 bytes).
    Removing event_groups.o(i.vEventGroupDelete), (140 bytes).
    Removing event_groups.o(i.vEventGroupSetBitsCallback), (16 bytes).
    Removing event_groups.o(i.vEventGroupSetNumber), (4 bytes).
    Removing event_groups.o(i.xEventGroupClearBits), (160 bytes).
    Removing event_groups.o(i.xEventGroupCreate), (26 bytes).
    Removing event_groups.o(i.xEventGroupGetBitsFromISR), (44 bytes).
    Removing event_groups.o(i.xEventGroupSetBits), (276 bytes).
    Removing event_groups.o(i.xEventGroupSync), (348 bytes).
    Removing event_groups.o(i.xEventGroupWaitBits), (436 bytes).
    Removing event_groups.o(.constdata), (94 bytes).
    Removing queue.o(i.prvCopyDataFromQueue), (42 bytes).
    Removing queue.o(i.prvCopyDataToQueue), (106 bytes).
    Removing queue.o(i.prvInitialiseNewQueue), (42 bytes).
    Removing queue.o(i.prvIsQueueEmpty), (26 bytes).
    Removing queue.o(i.prvIsQueueFull), (30 bytes).
    Removing queue.o(i.prvUnlockQueue), (126 bytes).
    Removing queue.o(i.ucQueueGetQueueType), (8 bytes).
    Removing queue.o(i.uxQueueGetQueueNumber), (6 bytes).
    Removing queue.o(i.uxQueueMessagesWaiting), (100 bytes).
    Removing queue.o(i.uxQueueMessagesWaitingFromISR), (92 bytes).
    Removing queue.o(i.uxQueueSpacesAvailable), (104 bytes).
    Removing queue.o(i.vQueueDelete), (96 bytes).
    Removing queue.o(i.vQueueSetQueueNumber), (4 bytes).
    Removing queue.o(i.xQueueGenericCreate), (244 bytes).
    Removing queue.o(i.xQueueGenericReset), (208 bytes).
    Removing queue.o(i.xQueueGenericSend), (516 bytes).
    Removing queue.o(i.xQueueGenericSendFromISR), (380 bytes).
    Removing queue.o(i.xQueueGiveFromISR), (352 bytes).
    Removing queue.o(i.xQueueIsQueueEmptyFromISR), (100 bytes).
    Removing queue.o(i.xQueueIsQueueFullFromISR), (104 bytes).
    Removing queue.o(i.xQueuePeek), (448 bytes).
    Removing queue.o(i.xQueuePeekFromISR), (256 bytes).
    Removing queue.o(i.xQueueReceive), (440 bytes).
    Removing queue.o(i.xQueueReceiveFromISR), (320 bytes).
    Removing queue.o(i.xQueueSemaphoreTake), (416 bytes).
    Removing queue.o(.constdata), (324 bytes).
    Removing tasks.o(i.prvTaskIsTaskSuspended), (148 bytes).
    Removing tasks.o(i.ulTaskGenericNotifyTake), (224 bytes).
    Removing tasks.o(i.ulTaskGenericNotifyValueClear), (64 bytes).
    Removing tasks.o(i.uxTaskGetTaskNumber), (14 bytes).
    Removing tasks.o(i.uxTaskPriorityGetFromISR), (68 bytes).
    Removing tasks.o(i.uxTaskResetEventItemValue), (28 bytes).
    Removing tasks.o(i.vTaskDelete), (308 bytes).
    Removing tasks.o(i.vTaskEndScheduler), (36 bytes).
    Removing tasks.o(i.vTaskGenericNotifyGiveFromISR), (372 bytes).
    Removing tasks.o(i.vTaskInternalSetTimeOutState), (24 bytes).
    Removing tasks.o(i.vTaskMissedYield), (12 bytes).
    Removing tasks.o(i.vTaskPlaceOnEventList), (112 bytes).
    Removing tasks.o(i.vTaskPlaceOnUnorderedEventList), (176 bytes).
    Removing tasks.o(i.vTaskPrioritySet), (324 bytes).
    Removing tasks.o(i.vTaskRemoveFromUnorderedEventList), (232 bytes).
    Removing tasks.o(i.vTaskResume), (200 bytes).
    Removing tasks.o(i.vTaskSetTaskNumber), (8 bytes).
    Removing tasks.o(i.vTaskSetTimeOutState), (116 bytes).
    Removing tasks.o(i.vTaskSuspend), (312 bytes).
    Removing tasks.o(i.xTaskCatchUpTicks), (128 bytes).
    Removing tasks.o(i.xTaskCheckForTimeOut), (212 bytes).
    Removing tasks.o(i.xTaskDelayUntil), (296 bytes).
    Removing tasks.o(i.xTaskGenericNotify), (476 bytes).
    Removing tasks.o(i.xTaskGenericNotifyFromISR), (532 bytes).
    Removing tasks.o(i.xTaskGenericNotifyStateClear), (152 bytes).
    Removing tasks.o(i.xTaskGenericNotifyWait), (260 bytes).
    Removing tasks.o(i.xTaskGetCurrentTaskHandle), (12 bytes).
    Removing tasks.o(i.xTaskGetSchedulerState), (32 bytes).
    Removing tasks.o(i.xTaskGetTickCount), (12 bytes).
    Removing tasks.o(i.xTaskGetTickCountFromISR), (20 bytes).
    Removing tasks.o(i.xTaskRemoveFromEventList), (208 bytes).
    Removing tasks.o(i.xTaskResumeFromISR), (244 bytes).
    Removing port.o(i.vPortEndScheduler), (104 bytes).
    Removing port.o(i.vPortValidateInterruptPriority), (188 bytes).
    Removing heap_4.o(i.vPortGetHeapStats), (128 bytes).
    Removing heap_4.o(i.vPortInitialiseBlocks), (2 bytes).
    Removing heap_4.o(i.xPortGetFreeHeapSize), (12 bytes).
    Removing heap_4.o(i.xPortGetMinimumEverFreeHeapSize), (12 bytes).
    Removing dadd.o(.text), (334 bytes).
    Removing dmul.o(.text), (228 bytes).
    Removing ddiv.o(.text), (222 bytes).
    Removing dfixul.o(.text), (48 bytes).
    Removing cdrcmple.o(.text), (48 bytes).
    Removing depilogue.o(.text), (186 bytes).

780 unused section(s) (total 40652 bytes) removed from the image.

==============================================================================

Image Symbol Table

    Local Symbols

    Symbol Name                              Value     Ov Type        Size  Object(Section)

    ../clib/microlib/division.c              0x00000000   Number         0  uidiv.o ABSOLUTE
    ../clib/microlib/division.c              0x00000000   Number         0  uldiv.o ABSOLUTE
    ../clib/microlib/init/entry.s            0x00000000   Number         0  entry10b.o ABSOLUTE
    ../clib/microlib/init/entry.s            0x00000000   Number         0  entry.o ABSOLUTE
    ../clib/microlib/init/entry.s            0x00000000   Number         0  entry11b.o ABSOLUTE
    ../clib/microlib/init/entry.s            0x00000000   Number         0  entry12a.o ABSOLUTE
    ../clib/microlib/init/entry.s            0x00000000   Number         0  entry8b.o ABSOLUTE
    ../clib/microlib/init/entry.s            0x00000000   Number         0  entry11a.o ABSOLUTE
    ../clib/microlib/init/entry.s            0x00000000   Number         0  entry8a.o ABSOLUTE
    ../clib/microlib/init/entry.s            0x00000000   Number         0  entry12b.o ABSOLUTE
    ../clib/microlib/init/entry.s            0x00000000   Number         0  entry7b.o ABSOLUTE
    ../clib/microlib/init/entry.s            0x00000000   Number         0  entry7a.o ABSOLUTE
    ../clib/microlib/init/entry.s            0x00000000   Number         0  entry5.o ABSOLUTE
    ../clib/microlib/init/entry.s            0x00000000   Number         0  entry2.o ABSOLUTE
    ../clib/microlib/init/entry.s            0x00000000   Number         0  entry9a.o ABSOLUTE
    ../clib/microlib/init/entry.s            0x00000000   Number         0  entry9b.o ABSOLUTE
    ../clib/microlib/init/entry.s            0x00000000   Number         0  entry10a.o ABSOLUTE
    ../clib/microlib/longlong.c              0x00000000   Number         0  llushr.o ABSOLUTE
    ../clib/microlib/longlong.c              0x00000000   Number         0  llsshr.o ABSOLUTE
    ../clib/microlib/longlong.c              0x00000000   Number         0  llshl.o ABSOLUTE
    ../clib/microlib/printf/printf.c         0x00000000   Number         0  printf2.o ABSOLUTE
    ../clib/microlib/printf/printf.c         0x00000000   Number         0  printf4.o ABSOLUTE
    ../clib/microlib/printf/printf.c         0x00000000   Number         0  printf5.o ABSOLUTE
    ../clib/microlib/printf/printf.c         0x00000000   Number         0  printf6.o ABSOLUTE
    ../clib/microlib/printf/printf.c         0x00000000   Number         0  printf3.o ABSOLUTE
    ../clib/microlib/printf/printf.c         0x00000000   Number         0  printf7.o ABSOLUTE
    ../clib/microlib/printf/printf.c         0x00000000   Number         0  printf1.o ABSOLUTE
    ../clib/microlib/printf/printf.c         0x00000000   Number         0  printf8.o ABSOLUTE
    ../clib/microlib/printf/printf.c         0x00000000   Number         0  printfa.o ABSOLUTE
    ../clib/microlib/printf/printf.c         0x00000000   Number         0  printfb.o ABSOLUTE
    ../clib/microlib/printf/printf.c         0x00000000   Number         0  printf0.o ABSOLUTE
    ../clib/microlib/printf/stubs.s          0x00000000   Number         0  stubs.o ABSOLUTE
    ../clib/microlib/stdio/streams.c         0x00000000   Number         0  stdout.o ABSOLUTE
    ../clib/microlib/string/memcpy.c         0x00000000   Number         0  memcpyb.o ABSOLUTE
    ../clib/microlib/string/memcpy.c         0x00000000   Number         0  memcpya.o ABSOLUTE
    ../clib/microlib/string/memset.c         0x00000000   Number         0  memseta.o ABSOLUTE
    ../clib/microlib/string/strcpy.c         0x00000000   Number         0  strcpy.o ABSOLUTE
    ../clib/microlib/string/strlen.c         0x00000000   Number         0  strlen.o ABSOLUTE
    ../clib/microlib/string/strrchr.c        0x00000000   Number         0  strrchr.o ABSOLUTE
    ../clib/microlib/stubs.s                 0x00000000   Number         0  iusefp.o ABSOLUTE
    ../fplib/microlib/fpadd.c                0x00000000   Number         0  dadd.o ABSOLUTE
    ../fplib/microlib/fpdiv.c                0x00000000   Number         0  ddiv.o ABSOLUTE
    ../fplib/microlib/fpepilogue.c           0x00000000   Number         0  depilogue.o ABSOLUTE
    ../fplib/microlib/fpfix.c                0x00000000   Number         0  dfixul.o ABSOLUTE
    ../fplib/microlib/fpmul.c                0x00000000   Number         0  dmul.o ABSOLUTE
    ..\..\..\Library\Firmware\CMSIS\GD\GD32F30x\Source\ARM\startup_gd32f30x_hd.s 0x00000000   Number         0  startup_gd32f30x_hd.o ABSOLUTE
    ..\..\..\Library\Firmware\CMSIS\GD\GD32F30x\Source\system_gd32f30x.c 0x00000000   Number         0  system_gd32f30x.o ABSOLUTE
    ..\..\..\Library\Firmware\GD32F30x_standard_peripheral\Source\gd32f30x_adc.c 0x00000000   Number         0  gd32f30x_adc.o ABSOLUTE
    ..\..\..\Library\Firmware\GD32F30x_standard_peripheral\Source\gd32f30x_bkp.c 0x00000000   Number         0  gd32f30x_bkp.o ABSOLUTE
    ..\..\..\Library\Firmware\GD32F30x_standard_peripheral\Source\gd32f30x_can.c 0x00000000   Number         0  gd32f30x_can.o ABSOLUTE
    ..\..\..\Library\Firmware\GD32F30x_standard_peripheral\Source\gd32f30x_crc.c 0x00000000   Number         0  gd32f30x_crc.o ABSOLUTE
    ..\..\..\Library\Firmware\GD32F30x_standard_peripheral\Source\gd32f30x_ctc.c 0x00000000   Number         0  gd32f30x_ctc.o ABSOLUTE
    ..\..\..\Library\Firmware\GD32F30x_standard_peripheral\Source\gd32f30x_dac.c 0x00000000   Number         0  gd32f30x_dac.o ABSOLUTE
    ..\..\..\Library\Firmware\GD32F30x_standard_peripheral\Source\gd32f30x_dbg.c 0x00000000   Number         0  gd32f30x_dbg.o ABSOLUTE
    ..\..\..\Library\Firmware\GD32F30x_standard_peripheral\Source\gd32f30x_dma.c 0x00000000   Number         0  gd32f30x_dma.o ABSOLUTE
    ..\..\..\Library\Firmware\GD32F30x_standard_peripheral\Source\gd32f30x_enet.c 0x00000000   Number         0  gd32f30x_enet.o ABSOLUTE
    ..\..\..\Library\Firmware\GD32F30x_standard_peripheral\Source\gd32f30x_exmc.c 0x00000000   Number         0  gd32f30x_exmc.o ABSOLUTE
    ..\..\..\Library\Firmware\GD32F30x_standard_peripheral\Source\gd32f30x_exti.c 0x00000000   Number         0  gd32f30x_exti.o ABSOLUTE
    ..\..\..\Library\Firmware\GD32F30x_standard_peripheral\Source\gd32f30x_fmc.c 0x00000000   Number         0  gd32f30x_fmc.o ABSOLUTE
    ..\..\..\Library\Firmware\GD32F30x_standard_peripheral\Source\gd32f30x_fwdgt.c 0x00000000   Number         0  gd32f30x_fwdgt.o ABSOLUTE
    ..\..\..\Library\Firmware\GD32F30x_standard_peripheral\Source\gd32f30x_gpio.c 0x00000000   Number         0  gd32f30x_gpio.o ABSOLUTE
    ..\..\..\Library\Firmware\GD32F30x_standard_peripheral\Source\gd32f30x_i2c.c 0x00000000   Number         0  gd32f30x_i2c.o ABSOLUTE
    ..\..\..\Library\Firmware\GD32F30x_standard_peripheral\Source\gd32f30x_misc.c 0x00000000   Number         0  gd32f30x_misc.o ABSOLUTE
    ..\..\..\Library\Firmware\GD32F30x_standard_peripheral\Source\gd32f30x_pmu.c 0x00000000   Number         0  gd32f30x_pmu.o ABSOLUTE
    ..\..\..\Library\Firmware\GD32F30x_standard_peripheral\Source\gd32f30x_rcu.c 0x00000000   Number         0  gd32f30x_rcu.o ABSOLUTE
    ..\..\..\Library\Firmware\GD32F30x_standard_peripheral\Source\gd32f30x_rtc.c 0x00000000   Number         0  gd32f30x_rtc.o ABSOLUTE
    ..\..\..\Library\Firmware\GD32F30x_standard_peripheral\Source\gd32f30x_sdio.c 0x00000000   Number         0  gd32f30x_sdio.o ABSOLUTE
    ..\..\..\Library\Firmware\GD32F30x_standard_peripheral\Source\gd32f30x_spi.c 0x00000000   Number         0  gd32f30x_spi.o ABSOLUTE
    ..\..\..\Library\Firmware\GD32F30x_standard_peripheral\Source\gd32f30x_timer.c 0x00000000   Number         0  gd32f30x_timer.o ABSOLUTE
    ..\..\..\Library\Firmware\GD32F30x_standard_peripheral\Source\gd32f30x_usart.c 0x00000000   Number         0  gd32f30x_usart.o ABSOLUTE
    ..\..\..\Library\Firmware\GD32F30x_standard_peripheral\Source\gd32f30x_wwdgt.c 0x00000000   Number         0  gd32f30x_wwdgt.o ABSOLUTE
    ..\..\..\Library\Utilities\gd32f303e_eval.c 0x00000000   Number         0  gd32f303e_eval.o ABSOLUTE
    ..\\..\\..\\Library\\Firmware\\CMSIS\\GD\\GD32F30x\\Source\\system_gd32f30x.c 0x00000000   Number         0  system_gd32f30x.o ABSOLUTE
    ..\\..\\..\\Library\\Firmware\\GD32F30x_standard_peripheral\\Source\\gd32f30x_adc.c 0x00000000   Number         0  gd32f30x_adc.o ABSOLUTE
    ..\\..\\..\\Library\\Firmware\\GD32F30x_standard_peripheral\\Source\\gd32f30x_bkp.c 0x00000000   Number         0  gd32f30x_bkp.o ABSOLUTE
    ..\\..\\..\\Library\\Firmware\\GD32F30x_standard_peripheral\\Source\\gd32f30x_can.c 0x00000000   Number         0  gd32f30x_can.o ABSOLUTE
    ..\\..\\..\\Library\\Firmware\\GD32F30x_standard_peripheral\\Source\\gd32f30x_crc.c 0x00000000   Number         0  gd32f30x_crc.o ABSOLUTE
    ..\\..\\..\\Library\\Firmware\\GD32F30x_standard_peripheral\\Source\\gd32f30x_ctc.c 0x00000000   Number         0  gd32f30x_ctc.o ABSOLUTE
    ..\\..\\..\\Library\\Firmware\\GD32F30x_standard_peripheral\\Source\\gd32f30x_dac.c 0x00000000   Number         0  gd32f30x_dac.o ABSOLUTE
    ..\\..\\..\\Library\\Firmware\\GD32F30x_standard_peripheral\\Source\\gd32f30x_dbg.c 0x00000000   Number         0  gd32f30x_dbg.o ABSOLUTE
    ..\\..\\..\\Library\\Firmware\\GD32F30x_standard_peripheral\\Source\\gd32f30x_dma.c 0x00000000   Number         0  gd32f30x_dma.o ABSOLUTE
    ..\\..\\..\\Library\\Firmware\\GD32F30x_standard_peripheral\\Source\\gd32f30x_enet.c 0x00000000   Number         0  gd32f30x_enet.o ABSOLUTE
    ..\\..\\..\\Library\\Firmware\\GD32F30x_standard_peripheral\\Source\\gd32f30x_exmc.c 0x00000000   Number         0  gd32f30x_exmc.o ABSOLUTE
    ..\\..\\..\\Library\\Firmware\\GD32F30x_standard_peripheral\\Source\\gd32f30x_exti.c 0x00000000   Number         0  gd32f30x_exti.o ABSOLUTE
    ..\\..\\..\\Library\\Firmware\\GD32F30x_standard_peripheral\\Source\\gd32f30x_fmc.c 0x00000000   Number         0  gd32f30x_fmc.o ABSOLUTE
    ..\\..\\..\\Library\\Firmware\\GD32F30x_standard_peripheral\\Source\\gd32f30x_fwdgt.c 0x00000000   Number         0  gd32f30x_fwdgt.o ABSOLUTE
    ..\\..\\..\\Library\\Firmware\\GD32F30x_standard_peripheral\\Source\\gd32f30x_gpio.c 0x00000000   Number         0  gd32f30x_gpio.o ABSOLUTE
    ..\\..\\..\\Library\\Firmware\\GD32F30x_standard_peripheral\\Source\\gd32f30x_i2c.c 0x00000000   Number         0  gd32f30x_i2c.o ABSOLUTE
    ..\\..\\..\\Library\\Firmware\\GD32F30x_standard_peripheral\\Source\\gd32f30x_misc.c 0x00000000   Number         0  gd32f30x_misc.o ABSOLUTE
    ..\\..\\..\\Library\\Firmware\\GD32F30x_standard_peripheral\\Source\\gd32f30x_pmu.c 0x00000000   Number         0  gd32f30x_pmu.o ABSOLUTE
    ..\\..\\..\\Library\\Firmware\\GD32F30x_standard_peripheral\\Source\\gd32f30x_rcu.c 0x00000000   Number         0  gd32f30x_rcu.o ABSOLUTE
    ..\\..\\..\\Library\\Firmware\\GD32F30x_standard_peripheral\\Source\\gd32f30x_rtc.c 0x00000000   Number         0  gd32f30x_rtc.o ABSOLUTE
    ..\\..\\..\\Library\\Firmware\\GD32F30x_standard_peripheral\\Source\\gd32f30x_sdio.c 0x00000000   Number         0  gd32f30x_sdio.o ABSOLUTE
    ..\\..\\..\\Library\\Firmware\\GD32F30x_standard_peripheral\\Source\\gd32f30x_spi.c 0x00000000   Number         0  gd32f30x_spi.o ABSOLUTE
    ..\\..\\..\\Library\\Firmware\\GD32F30x_standard_peripheral\\Source\\gd32f30x_timer.c 0x00000000   Number         0  gd32f30x_timer.o ABSOLUTE
    ..\\..\\..\\Library\\Firmware\\GD32F30x_standard_peripheral\\Source\\gd32f30x_usart.c 0x00000000   Number         0  gd32f30x_usart.o ABSOLUTE
    ..\\..\\..\\Library\\Firmware\\GD32F30x_standard_peripheral\\Source\\gd32f30x_wwdgt.c 0x00000000   Number         0  gd32f30x_wwdgt.o ABSOLUTE
    ..\\..\\..\\Library\\Utilities\\gd32f303e_eval.c 0x00000000   Number         0  gd32f303e_eval.o ABSOLUTE
    ..\\bsp\\delay\\delay.c                  0x00000000   Number         0  delay.o ABSOLUTE
    ..\\bsp\\i2c\\i2c.c                      0x00000000   Number         0  i2c.o ABSOLUTE
    ..\\bsp\\key\\key.c                      0x00000000   Number         0  key.o ABSOLUTE
    ..\\bsp\\led\\led.c                      0x00000000   Number         0  led.o ABSOLUTE
    ..\\gd32f30x_it.c                        0x00000000   Number         0  gd32f30x_it.o ABSOLUTE
    ..\\main.c                               0x00000000   Number         0  main.o ABSOLUTE
    ..\\osal\\FreeRTOS\\kernel\\portable\\RVDS\\ARM_CM4F\\port.c 0x00000000   Number         0  port.o ABSOLUTE
    ..\\osal\\osal.c                         0x00000000   Number         0  osal.o ABSOLUTE
    ..\\source\\output\\uart_printf.c        0x00000000   Number         0  uart_printf.o ABSOLUTE
    ..\\source\\system\\system.c             0x00000000   Number         0  system.o ABSOLUTE
    ..\\source\\system\\test_task.c          0x00000000   Number         0  test_task.o ABSOLUTE
    ..\\systick.c                            0x00000000   Number         0  systick.o ABSOLUTE
    ..\bsp\delay\delay.c                     0x00000000   Number         0  delay.o ABSOLUTE
    ..\bsp\i2c\i2c.c                         0x00000000   Number         0  i2c.o ABSOLUTE
    ..\bsp\key\key.c                         0x00000000   Number         0  key.o ABSOLUTE
    ..\bsp\led\led.c                         0x00000000   Number         0  led.o ABSOLUTE
    ..\gd32f30x_it.c                         0x00000000   Number         0  gd32f30x_it.o ABSOLUTE
    ..\main.c                                0x00000000   Number         0  main.o ABSOLUTE
    ..\osal\FreeRTOS\kernel\croutine.c       0x00000000   Number         0  croutine.o ABSOLUTE
    ..\osal\FreeRTOS\kernel\event_groups.c   0x00000000   Number         0  event_groups.o ABSOLUTE
    ..\osal\FreeRTOS\kernel\list.c           0x00000000   Number         0  list.o ABSOLUTE
    ..\osal\FreeRTOS\kernel\portable\MemMang\heap_4.c 0x00000000   Number         0  heap_4.o ABSOLUTE
    ..\osal\FreeRTOS\kernel\portable\RVDS\ARM_CM4F\port.c 0x00000000   Number         0  port.o ABSOLUTE
    ..\osal\FreeRTOS\kernel\queue.c          0x00000000   Number         0  queue.o ABSOLUTE
    ..\osal\FreeRTOS\kernel\tasks.c          0x00000000   Number         0  tasks.o ABSOLUTE
    ..\osal\FreeRTOS\kernel\timers.c         0x00000000   Number         0  timers.o ABSOLUTE
    ..\osal\osal.c                           0x00000000   Number         0  osal.o ABSOLUTE
    ..\source\common\kfifo.c                 0x00000000   Number         0  kfifo.o ABSOLUTE
    ..\source\common\timer.c                 0x00000000   Number         0  timer.o ABSOLUTE
    ..\source\common\util.c                  0x00000000   Number         0  util.o ABSOLUTE
    ..\source\output\uart_printf.c           0x00000000   Number         0  uart_printf.o ABSOLUTE
    ..\source\system\system.c                0x00000000   Number         0  system.o ABSOLUTE
    ..\source\system\test_task.c             0x00000000   Number         0  test_task.o ABSOLUTE
    ..\systick.c                             0x00000000   Number         0  systick.o ABSOLUTE
    cdrcmple.s                               0x00000000   Number         0  cdrcmple.o ABSOLUTE
    dc.s                                     0x00000000   Number         0  dc.o ABSOLUTE
    handlers.s                               0x00000000   Number         0  handlers.o ABSOLUTE
    init.s                                   0x00000000   Number         0  init.o ABSOLUTE
    RESET                                    0x08000000   Section      304  startup_gd32f30x_hd.o(RESET)
    .ARM.Collect$$$$00000000                 0x08000130   Section        0  entry.o(.ARM.Collect$$$$00000000)
    .ARM.Collect$$$$00000001                 0x08000130   Section        4  entry2.o(.ARM.Collect$$$$00000001)
    .ARM.Collect$$$$00000004                 0x08000134   Section        4  entry5.o(.ARM.Collect$$$$00000004)
    .ARM.Collect$$$$00000008                 0x08000138   Section        0  entry7b.o(.ARM.Collect$$$$00000008)
    .ARM.Collect$$$$0000000A                 0x08000138   Section        0  entry8b.o(.ARM.Collect$$$$0000000A)
    .ARM.Collect$$$$0000000B                 0x08000138   Section        8  entry9a.o(.ARM.Collect$$$$0000000B)
    .ARM.Collect$$$$0000000E                 0x08000140   Section        4  entry12b.o(.ARM.Collect$$$$0000000E)
    .ARM.Collect$$$$0000000F                 0x08000144   Section        0  entry10a.o(.ARM.Collect$$$$0000000F)
    .ARM.Collect$$$$00000011                 0x08000144   Section        0  entry11a.o(.ARM.Collect$$$$00000011)
    .ARM.Collect$$$$00002712                 0x08000144   Section        4  entry2.o(.ARM.Collect$$$$00002712)
    __lit__00000000                          0x08000144   Data           4  entry2.o(.ARM.Collect$$$$00002712)
    .emb_text                                0x08000148   Section      190  port.o(.emb_text)
    $v0                                      0x08000148   Number         0  port.o(.emb_text)
    .text                                    0x08000208   Section       36  startup_gd32f30x_hd.o(.text)
    $v0                                      0x08000208   Number         0  startup_gd32f30x_hd.o(.text)
    .text                                    0x0800022c   Section        0  memseta.o(.text)
    .text                                    0x08000250   Section        0  strlen.o(.text)
    .text                                    0x0800025e   Section        0  strcpy.o(.text)
    .text                                    0x08000270   Section        0  strrchr.o(.text)
    .text                                    0x08000286   Section        0  uidiv.o(.text)
    .text                                    0x080002b4   Section       36  init.o(.text)
    i.BusFault_Handler                       0x080002d8   Section        0  gd32f30x_it.o(i.BusFault_Handler)
    i.DebugMon_Handler                       0x080002ec   Section        0  gd32f30x_it.o(i.DebugMon_Handler)
    i.HardFault_Handler                      0x080002f0   Section        0  gd32f30x_it.o(i.HardFault_Handler)
    i.MemManage_Handler                      0x08000304   Section        0  gd32f30x_it.o(i.MemManage_Handler)
    i.NMI_Handler                            0x08000318   Section        0  gd32f30x_it.o(i.NMI_Handler)
    i.OS_GetVersion                          0x0800032c   Section        0  osal.o(i.OS_GetVersion)
    i.OS_Init                                0x08000344   Section        0  osal.o(i.OS_Init)
    i.OS_MemAlloc                            0x08000370   Section        0  osal.o(i.OS_MemAlloc)
    i.OS_MemFree                             0x0800037c   Section        0  osal.o(i.OS_MemFree)
    i.OS_MsDelay                             0x08000388   Section        0  osal.o(i.OS_MsDelay)
    i.OS_StartScheduler                      0x08000396   Section        0  osal.o(i.OS_StartScheduler)
    i.OS_SysInfo                             0x080003a0   Section        0  osal.o(i.OS_SysInfo)
    i.OS_TaskCreate                          0x08000468   Section        0  osal.o(i.OS_TaskCreate)
    i.OS_TaskGetFreeStackSpace               0x08000494   Section        0  osal.o(i.OS_TaskGetFreeStackSpace)
    i.OS_TaskGetName                         0x080004a0   Section        0  osal.o(i.OS_TaskGetName)
    i.OS_TaskGetPriority                     0x080004ac   Section        0  osal.o(i.OS_TaskGetPriority)
    i.PendSV_Handler                         0x080004b8   Section        0  gd32f30x_it.o(i.PendSV_Handler)
    i.SVC_Handler                            0x080004c0   Section        0  gd32f30x_it.o(i.SVC_Handler)
    i.SysTick_Handler                        0x080004c8   Section        0  gd32f30x_it.o(i.SysTick_Handler)
    i.SystemInit                             0x080004d4   Section        0  system_gd32f30x.o(i.SystemInit)
    i.TIMER6_IRQHandler                      0x08000544   Section        0  delay.o(i.TIMER6_IRQHandler)
    i.UsageFault_Handler                     0x08000564   Section        0  gd32f30x_it.o(i.UsageFault_Handler)
    i.__0printf$3                            0x08000578   Section        0  printf3.o(i.__0printf$3)
    i.__0sprintf$3                           0x08000598   Section        0  printf3.o(i.__0sprintf$3)
    i.__scatterload_copy                     0x080005c0   Section       14  handlers.o(i.__scatterload_copy)
    i.__scatterload_null                     0x080005ce   Section        2  handlers.o(i.__scatterload_null)
    i.__scatterload_zeroinit                 0x080005d0   Section       14  handlers.o(i.__scatterload_zeroinit)
    i._printf_core                           0x080005e0   Section        0  printf3.o(i._printf_core)
    _printf_core                             0x080005e1   Thumb Code   436  printf3.o(i._printf_core)
    i._sputc                                 0x08000798   Section        0  printf3.o(i._sputc)
    _sputc                                   0x08000799   Thumb Code    10  printf3.o(i._sputc)
    i.delay_decrement                        0x080007a4   Section        0  systick.o(i.delay_decrement)
    i.delay_init                             0x080007bc   Section        0  delay.o(i.delay_init)
    i.delay_timer_init                       0x080007c4   Section        0  delay.o(i.delay_timer_init)
    i.eTaskGetState                          0x08000810   Section        0  tasks.o(i.eTaskGetState)
    i.fputc                                  0x080008ec   Section        0  uart_printf.o(i.fputc)
    i.get_complie_time                       0x08000910   Section        0  util.o(i.get_complie_time)
    i.gpio_init                              0x08000920   Section        0  gd32f30x_gpio.o(i.gpio_init)
    i.main                                   0x080009dc   Section        0  main.o(i.main)
    i.nvic_irq_enable                        0x08000a00   Section        0  gd32f30x_misc.o(i.nvic_irq_enable)
    i.nvic_priority_group_set                0x08000ac4   Section        0  gd32f30x_misc.o(i.nvic_priority_group_set)
    i.pcTaskGetName                          0x08000ad8   Section        0  tasks.o(i.pcTaskGetName)
    i.prvAddCurrentTaskToDelayedList         0x08000b44   Section        0  tasks.o(i.prvAddCurrentTaskToDelayedList)
    prvAddCurrentTaskToDelayedList           0x08000b45   Thumb Code   124  tasks.o(i.prvAddCurrentTaskToDelayedList)
    i.prvAddNewTaskToReadyList               0x08000bdc   Section        0  tasks.o(i.prvAddNewTaskToReadyList)
    prvAddNewTaskToReadyList                 0x08000bdd   Thumb Code   156  tasks.o(i.prvAddNewTaskToReadyList)
    i.prvCheckTasksWaitingTermination        0x08000c94   Section        0  tasks.o(i.prvCheckTasksWaitingTermination)
    prvCheckTasksWaitingTermination          0x08000c95   Thumb Code    60  tasks.o(i.prvCheckTasksWaitingTermination)
    i.prvDeleteTCB                           0x08000cdc   Section        0  tasks.o(i.prvDeleteTCB)
    prvDeleteTCB                             0x08000cdd   Thumb Code    18  tasks.o(i.prvDeleteTCB)
    i.prvHeapInit                            0x08000cf0   Section        0  heap_4.o(i.prvHeapInit)
    prvHeapInit                              0x08000cf1   Thumb Code    98  heap_4.o(i.prvHeapInit)
    i.prvIdleTask                            0x08000d6c   Section        0  tasks.o(i.prvIdleTask)
    prvIdleTask                              0x08000d6d   Thumb Code    36  tasks.o(i.prvIdleTask)
    i.prvInitialiseNewTask                   0x08000d98   Section        0  tasks.o(i.prvInitialiseNewTask)
    prvInitialiseNewTask                     0x08000d99   Thumb Code   202  tasks.o(i.prvInitialiseNewTask)
    i.prvInitialiseTaskLists                 0x08000e90   Section        0  tasks.o(i.prvInitialiseTaskLists)
    prvInitialiseTaskLists                   0x08000e91   Thumb Code    70  tasks.o(i.prvInitialiseTaskLists)
    i.prvInsertBlockIntoFreeList             0x08000ef8   Section        0  heap_4.o(i.prvInsertBlockIntoFreeList)
    prvInsertBlockIntoFreeList               0x08000ef9   Thumb Code    96  heap_4.o(i.prvInsertBlockIntoFreeList)
    i.prvListTasksWithinSingleList           0x08000f60   Section        0  tasks.o(i.prvListTasksWithinSingleList)
    prvListTasksWithinSingleList             0x08000f61   Thumb Code   106  tasks.o(i.prvListTasksWithinSingleList)
    i.prvResetNextTaskUnblockTime            0x08000fcc   Section        0  tasks.o(i.prvResetNextTaskUnblockTime)
    prvResetNextTaskUnblockTime              0x08000fcd   Thumb Code    40  tasks.o(i.prvResetNextTaskUnblockTime)
    i.prvTaskCheckFreeStackSpace             0x08000ffc   Section        0  tasks.o(i.prvTaskCheckFreeStackSpace)
    prvTaskCheckFreeStackSpace               0x08000ffd   Thumb Code    22  tasks.o(i.prvTaskCheckFreeStackSpace)
    i.prvTaskExitError                       0x08001014   Section        0  port.o(i.prvTaskExitError)
    prvTaskExitError                         0x08001015   Thumb Code    70  port.o(i.prvTaskExitError)
    i.prvWriteNameToBuffer                   0x0800108c   Section        0  tasks.o(i.prvWriteNameToBuffer)
    prvWriteNameToBuffer                     0x0800108d   Thumb Code    42  tasks.o(i.prvWriteNameToBuffer)
    i.pvPortMalloc                           0x080010b8   Section        0  heap_4.o(i.pvPortMalloc)
    i.pxPortInitialiseStack                  0x08001270   Section        0  port.o(i.pxPortInitialiseStack)
    i.rcu_clock_freq_get                     0x0800129c   Section        0  gd32f30x_rcu.o(i.rcu_clock_freq_get)
    i.rcu_periph_clock_enable                0x080013f4   Section        0  gd32f30x_rcu.o(i.rcu_periph_clock_enable)
    i.rcu_periph_reset_disable               0x08001414   Section        0  gd32f30x_rcu.o(i.rcu_periph_reset_disable)
    i.rcu_periph_reset_enable                0x08001434   Section        0  gd32f30x_rcu.o(i.rcu_periph_reset_enable)
    i.system_clock_120m_hxtal                0x08001454   Section        0  system_gd32f30x.o(i.system_clock_120m_hxtal)
    system_clock_120m_hxtal                  0x08001455   Thumb Code   258  system_gd32f30x.o(i.system_clock_120m_hxtal)
    i.system_clock_config                    0x08001568   Section        0  system_gd32f30x.o(i.system_clock_config)
    system_clock_config                      0x08001569   Thumb Code     8  system_gd32f30x.o(i.system_clock_config)
    i.system_init                            0x08001570   Section        0  system.o(i.system_init)
    i.test_task                              0x080015ac   Section        0  test_task.o(i.test_task)
    test_task                                0x080015ad   Thumb Code    92  test_task.o(i.test_task)
    i.test_task_init                         0x0800165c   Section        0  test_task.o(i.test_task_init)
    i.timer_enable                           0x08001684   Section        0  gd32f30x_timer.o(i.timer_enable)
    i.timer_init                             0x08001690   Section        0  gd32f30x_timer.o(i.timer_init)
    i.timer_interrupt_enable                 0x08001728   Section        0  gd32f30x_timer.o(i.timer_interrupt_enable)
    i.timer_interrupt_flag_clear             0x08001730   Section        0  gd32f30x_timer.o(i.timer_interrupt_flag_clear)
    i.uart_printf_init                       0x08001738   Section        0  uart_printf.o(i.uart_printf_init)
    i.usart_baudrate_set                     0x080017bc   Section        0  gd32f30x_usart.o(i.usart_baudrate_set)
    i.usart_data_transmit                    0x0800184c   Section        0  gd32f30x_usart.o(i.usart_data_transmit)
    i.usart_deinit                           0x08001854   Section        0  gd32f30x_usart.o(i.usart_deinit)
    i.usart_enable                           0x080018e4   Section        0  gd32f30x_usart.o(i.usart_enable)
    i.usart_flag_get                         0x080018ee   Section        0  gd32f30x_usart.o(i.usart_flag_get)
    i.usart_hardware_flow_cts_config         0x0800190c   Section        0  gd32f30x_usart.o(i.usart_hardware_flow_cts_config)
    i.usart_hardware_flow_rts_config         0x0800191c   Section        0  gd32f30x_usart.o(i.usart_hardware_flow_rts_config)
    i.usart_parity_config                    0x0800192c   Section        0  gd32f30x_usart.o(i.usart_parity_config)
    i.usart_receive_config                   0x0800193c   Section        0  gd32f30x_usart.o(i.usart_receive_config)
    i.usart_stop_bit_set                     0x0800194c   Section        0  gd32f30x_usart.o(i.usart_stop_bit_set)
    i.usart_transmit_config                  0x0800195c   Section        0  gd32f30x_usart.o(i.usart_transmit_config)
    i.usart_word_length_set                  0x0800196c   Section        0  gd32f30x_usart.o(i.usart_word_length_set)
    i.uxListRemove                           0x0800197c   Section        0  list.o(i.uxListRemove)
    i.uxTaskGetNumberOfTasks                 0x080019a4   Section        0  tasks.o(i.uxTaskGetNumberOfTasks)
    i.uxTaskGetStackHighWaterMark            0x080019b0   Section        0  tasks.o(i.uxTaskGetStackHighWaterMark)
    i.uxTaskGetSystemState                   0x080019d8   Section        0  tasks.o(i.uxTaskGetSystemState)
    i.uxTaskPriorityGet                      0x08001a90   Section        0  tasks.o(i.uxTaskPriorityGet)
    i.vApplicationIdleHook                   0x08001ab4   Section        0  osal.o(i.vApplicationIdleHook)
    i.vApplicationStackOverflowHook          0x08001ab8   Section        0  osal.o(i.vApplicationStackOverflowHook)
    i.vListInitialise                        0x08001aec   Section        0  list.o(i.vListInitialise)
    i.vListInitialiseItem                    0x08001b06   Section        0  list.o(i.vListInitialiseItem)
    i.vListInsert                            0x08001b0c   Section        0  list.o(i.vListInsert)
    i.vListInsertEnd                         0x08001b40   Section        0  list.o(i.vListInsertEnd)
    i.vPortEnterCritical                     0x08001b58   Section        0  port.o(i.vPortEnterCritical)
    i.vPortExitCritical                      0x08001be8   Section        0  port.o(i.vPortExitCritical)
    i.vPortFree                              0x08001c60   Section        0  heap_4.o(i.vPortFree)
    i.vPortSetupTimerInterrupt               0x08001d48   Section        0  port.o(i.vPortSetupTimerInterrupt)
    i.vTaskDelay                             0x08001d70   Section        0  tasks.o(i.vTaskDelay)
    i.vTaskGetInfo                           0x08001e04   Section        0  tasks.o(i.vTaskGetInfo)
    i.vTaskGetRunTimeStats                   0x08001e88   Section        0  tasks.o(i.vTaskGetRunTimeStats)
    i.vTaskList                              0x08001f4c   Section        0  tasks.o(i.vTaskList)
    i.vTaskStartScheduler                    0x08002028   Section        0  tasks.o(i.vTaskStartScheduler)
    i.vTaskSuspendAll                        0x080020f8   Section        0  tasks.o(i.vTaskSuspendAll)
    i.vTaskSwitchContext                     0x08002108   Section        0  tasks.o(i.vTaskSwitchContext)
    i.xPortStartScheduler                    0x08002228   Section        0  port.o(i.xPortStartScheduler)
    i.xPortSysTickHandler                    0x080023ec   Section        0  port.o(i.xPortSysTickHandler)
    i.xTaskCreate                            0x08002420   Section        0  tasks.o(i.xTaskCreate)
    i.xTaskIncrementTick                     0x08002480   Section        0  tasks.o(i.xTaskIncrementTick)
    i.xTaskResumeAll                         0x08002600   Section        0  tasks.o(i.xTaskResumeAll)
    .constdata                               0x0800273c   Section       84  gd32f30x_it.o(.constdata)
    __func__                                 0x0800273c   Data          12  gd32f30x_it.o(.constdata)
    __func__                                 0x08002748   Data          18  gd32f30x_it.o(.constdata)
    __func__                                 0x0800275a   Data          18  gd32f30x_it.o(.constdata)
    __func__                                 0x0800276c   Data          17  gd32f30x_it.o(.constdata)
    __func__                                 0x0800277d   Data          19  gd32f30x_it.o(.constdata)
    .constdata                               0x08002790   Section      568  tasks.o(.constdata)
    __func__                                 0x08002790   Data          21  tasks.o(.constdata)
    __func__                                 0x080027a5   Data          12  tasks.o(.constdata)
    __func__                                 0x080027b1   Data          16  tasks.o(.constdata)
    __func__                                 0x080027c1   Data          11  tasks.o(.constdata)
    __func__                                 0x080027cc   Data          14  tasks.o(.constdata)
    __func__                                 0x080027da   Data          17  tasks.o(.constdata)
    __func__                                 0x080027eb   Data          13  tasks.o(.constdata)
    __func__                                 0x080027f8   Data          23  tasks.o(.constdata)
    __func__                                 0x0800280f   Data          12  tasks.o(.constdata)
    __func__                                 0x0800281b   Data          19  tasks.o(.constdata)
    __func__                                 0x0800282e   Data          20  tasks.o(.constdata)
    __func__                                 0x08002842   Data          15  tasks.o(.constdata)
    __func__                                 0x08002851   Data          14  tasks.o(.constdata)
    __func__                                 0x0800285f   Data          18  tasks.o(.constdata)
    __func__                                 0x08002871   Data          19  tasks.o(.constdata)
    __func__                                 0x08002884   Data          19  tasks.o(.constdata)
    __func__                                 0x08002897   Data          22  tasks.o(.constdata)
    __func__                                 0x080028ad   Data          31  tasks.o(.constdata)
    __func__                                 0x080028cc   Data          25  tasks.o(.constdata)
    __func__                                 0x080028e5   Data          34  tasks.o(.constdata)
    __func__                                 0x08002907   Data          21  tasks.o(.constdata)
    __func__                                 0x0800291c   Data          21  tasks.o(.constdata)
    __func__                                 0x08002931   Data          24  tasks.o(.constdata)
    __func__                                 0x08002949   Data          23  tasks.o(.constdata)
    __func__                                 0x08002960   Data          19  tasks.o(.constdata)
    __func__                                 0x08002973   Data          26  tasks.o(.constdata)
    __func__                                 0x0800298d   Data          30  tasks.o(.constdata)
    __func__                                 0x080029ab   Data          29  tasks.o(.constdata)
    .constdata                               0x080029c8   Section      123  port.o(.constdata)
    __func__                                 0x080029c8   Data          17  port.o(.constdata)
    __func__                                 0x080029d9   Data          20  port.o(.constdata)
    __func__                                 0x080029ed   Data          18  port.o(.constdata)
    __func__                                 0x080029ff   Data          19  port.o(.constdata)
    __func__                                 0x08002a12   Data          18  port.o(.constdata)
    __func__                                 0x08002a24   Data          31  port.o(.constdata)
    .constdata                               0x08002a43   Section       23  heap_4.o(.constdata)
    __func__                                 0x08002a43   Data          13  heap_4.o(.constdata)
    __func__                                 0x08002a50   Data          10  heap_4.o(.constdata)
    .data                                    0x20000000   Section        4  systick.o(.data)
    delay                                    0x20000000   Data           4  systick.o(.data)
    .data                                    0x20000004   Section        4  system_gd32f30x.o(.data)
    .data                                    0x20000008   Section        4  delay.o(.data)
    .data                                    0x2000000c   Section       72  tasks.o(.data)
    pxDelayedTaskList                        0x20000010   Data           4  tasks.o(.data)
    pxOverflowDelayedTaskList                0x20000014   Data           4  tasks.o(.data)
    uxDeletedTasksWaitingCleanUp             0x20000018   Data           4  tasks.o(.data)
    uxCurrentNumberOfTasks                   0x2000001c   Data           4  tasks.o(.data)
    xTickCount                               0x20000020   Data           4  tasks.o(.data)
    uxTopReadyPriority                       0x20000024   Data           4  tasks.o(.data)
    xSchedulerRunning                        0x20000028   Data           4  tasks.o(.data)
    xPendedTicks                             0x2000002c   Data           4  tasks.o(.data)
    xYieldPending                            0x20000030   Data           4  tasks.o(.data)
    xNumOfOverflows                          0x20000034   Data           4  tasks.o(.data)
    uxTaskNumber                             0x20000038   Data           4  tasks.o(.data)
    xNextTaskUnblockTime                     0x2000003c   Data           4  tasks.o(.data)
    xIdleTaskHandle                          0x20000040   Data           4  tasks.o(.data)
    uxSchedulerSuspended                     0x20000048   Data           4  tasks.o(.data)
    ulTaskSwitchedInTime                     0x2000004c   Data           4  tasks.o(.data)
    ulTotalRunTime                           0x20000050   Data           4  tasks.o(.data)
    .data                                    0x20000054   Section       12  port.o(.data)
    uxCriticalNesting                        0x20000054   Data           4  port.o(.data)
    ucMaxSysCallPriority                     0x20000058   Data           1  port.o(.data)
    ulMaxPRIGROUPValue                       0x2000005c   Data           4  port.o(.data)
    .data                                    0x20000060   Section       32  heap_4.o(.data)
    xStart                                   0x20000060   Data           8  heap_4.o(.data)
    pxEnd                                    0x20000068   Data           4  heap_4.o(.data)
    xFreeBytesRemaining                      0x2000006c   Data           4  heap_4.o(.data)
    xMinimumEverFreeBytesRemaining           0x20000070   Data           4  heap_4.o(.data)
    xNumberOfSuccessfulAllocations           0x20000074   Data           4  heap_4.o(.data)
    xNumberOfSuccessfulFrees                 0x20000078   Data           4  heap_4.o(.data)
    xBlockAllocatedBit                       0x2000007c   Data           4  heap_4.o(.data)
    .data                                    0x20000080   Section        4  stdout.o(.data)
    .bss                                     0x20000084   Section      200  tasks.o(.bss)
    pxReadyTasksLists                        0x20000084   Data         100  tasks.o(.bss)
    xDelayedTaskList1                        0x200000e8   Data          20  tasks.o(.bss)
    xDelayedTaskList2                        0x200000fc   Data          20  tasks.o(.bss)
    xPendingReadyList                        0x20000110   Data          20  tasks.o(.bss)
    xTasksWaitingTermination                 0x20000124   Data          20  tasks.o(.bss)
    xSuspendedTaskList                       0x20000138   Data          20  tasks.o(.bss)
    .bss                                     0x2000014c   Section    17408  heap_4.o(.bss)
    ucHeap                                   0x2000014c   Data       17408  heap_4.o(.bss)
    STACK                                    0x20004550   Section     1024  startup_gd32f30x_hd.o(STACK)

    Global Symbols

    Symbol Name                              Value     Ov Type        Size  Object(Section)

    BuildAttributes$$THM_ISAv4$E$P$D$K$B$S$7EM$VFPi3$EXTD16$VFPS$VFMA$PE$A:L22UL41UL21$X:L11$S22US41US21$IEEE1$IW$USESV6$~STKCKD$USESV7$~SHL$OSPACE$ROPI$EBA8$MICROLIB$REQ8$PRES8$EABIv2 0x00000000   Number         0  anon$$obj.o ABSOLUTE
    __ARM_use_no_argv                        0x00000000   Number         0  main.o ABSOLUTE
    _printf_a                                0x00000000   Number         0  stubs.o ABSOLUTE
    _printf_c                                0x00000000   Number         0  stubs.o ABSOLUTE
    _printf_charcount                        0x00000000   Number         0  stubs.o ABSOLUTE
    _printf_d                                0x00000000   Number         0  stubs.o ABSOLUTE
    _printf_e                                0x00000000   Number         0  stubs.o ABSOLUTE
    _printf_f                                0x00000000   Number         0  stubs.o ABSOLUTE
    _printf_flags                            0x00000000   Number         0  stubs.o ABSOLUTE
    _printf_fp_dec                           0x00000000   Number         0  stubs.o ABSOLUTE
    _printf_fp_hex                           0x00000000   Number         0  stubs.o ABSOLUTE
    _printf_g                                0x00000000   Number         0  stubs.o ABSOLUTE
    _printf_i                                0x00000000   Number         0  stubs.o ABSOLUTE
    _printf_int_dec                          0x00000000   Number         0  stubs.o ABSOLUTE
    _printf_l                                0x00000000   Number         0  stubs.o ABSOLUTE
    _printf_lc                               0x00000000   Number         0  stubs.o ABSOLUTE
    _printf_ll                               0x00000000   Number         0  stubs.o ABSOLUTE
    _printf_lld                              0x00000000   Number         0  stubs.o ABSOLUTE
    _printf_lli                              0x00000000   Number         0  stubs.o ABSOLUTE
    _printf_llo                              0x00000000   Number         0  stubs.o ABSOLUTE
    _printf_llu                              0x00000000   Number         0  stubs.o ABSOLUTE
    _printf_llx                              0x00000000   Number         0  stubs.o ABSOLUTE
    _printf_longlong_dec                     0x00000000   Number         0  stubs.o ABSOLUTE
    _printf_longlong_hex                     0x00000000   Number         0  stubs.o ABSOLUTE
    _printf_longlong_oct                     0x00000000   Number         0  stubs.o ABSOLUTE
    _printf_ls                               0x00000000   Number         0  stubs.o ABSOLUTE
    _printf_mbtowc                           0x00000000   Number         0  stubs.o ABSOLUTE
    _printf_n                                0x00000000   Number         0  stubs.o ABSOLUTE
    _printf_o                                0x00000000   Number         0  stubs.o ABSOLUTE
    _printf_p                                0x00000000   Number         0  stubs.o ABSOLUTE
    _printf_percent                          0x00000000   Number         0  stubs.o ABSOLUTE
    _printf_pre_padding                      0x00000000   Number         0  stubs.o ABSOLUTE
    _printf_return_value                     0x00000000   Number         0  stubs.o ABSOLUTE
    _printf_s                                0x00000000   Number         0  stubs.o ABSOLUTE
    _printf_sizespec                         0x00000000   Number         0  stubs.o ABSOLUTE
    _printf_str                              0x00000000   Number         0  stubs.o ABSOLUTE
    _printf_truncate_signed                  0x00000000   Number         0  stubs.o ABSOLUTE
    _printf_truncate_unsigned                0x00000000   Number         0  stubs.o ABSOLUTE
    _printf_u                                0x00000000   Number         0  stubs.o ABSOLUTE
    _printf_wc                               0x00000000   Number         0  stubs.o ABSOLUTE
    _printf_wctomb                           0x00000000   Number         0  stubs.o ABSOLUTE
    _printf_widthprec                        0x00000000   Number         0  stubs.o ABSOLUTE
    _printf_x                                0x00000000   Number         0  stubs.o ABSOLUTE
    __arm_fini_                               - Undefined Weak Reference
    __cpp_initialize__aeabi_                  - Undefined Weak Reference
    __cxa_finalize                            - Undefined Weak Reference
    __decompress                              - Undefined Weak Reference
    _clock_init                               - Undefined Weak Reference
    _microlib_exit                            - Undefined Weak Reference
    __Vectors_Size                           0x00000130   Number         0  startup_gd32f30x_hd.o ABSOLUTE
    __Vectors                                0x08000000   Data           4  startup_gd32f30x_hd.o(RESET)
    __Vectors_End                            0x08000130   Data           0  startup_gd32f30x_hd.o(RESET)
    __main                                   0x08000131   Thumb Code     0  entry.o(.ARM.Collect$$$$00000000)
    _main_stk                                0x08000131   Thumb Code     0  entry2.o(.ARM.Collect$$$$00000001)
    _main_scatterload                        0x08000135   Thumb Code     0  entry5.o(.ARM.Collect$$$$00000004)
    __main_after_scatterload                 0x08000139   Thumb Code     0  entry5.o(.ARM.Collect$$$$00000004)
    _main_clock                              0x08000139   Thumb Code     0  entry7b.o(.ARM.Collect$$$$00000008)
    _main_cpp_init                           0x08000139   Thumb Code     0  entry8b.o(.ARM.Collect$$$$0000000A)
    _main_init                               0x08000139   Thumb Code     0  entry9a.o(.ARM.Collect$$$$0000000B)
    __rt_lib_shutdown_fini                   0x08000141   Thumb Code     0  entry12b.o(.ARM.Collect$$$$0000000E)
    __rt_final_cpp                           0x08000145   Thumb Code     0  entry10a.o(.ARM.Collect$$$$0000000F)
    __rt_final_exit                          0x08000145   Thumb Code     0  entry11a.o(.ARM.Collect$$$$00000011)
    vPortSVCHandler                          0x08000149   Thumb Code    28  port.o(.emb_text)
    __asm___6_port_c_39a90d8d__prvStartFirstTask 0x08000169   Thumb Code    36  port.o(.emb_text)
    __asm___6_port_c_39a90d8d__prvEnableVFP  0x08000191   Thumb Code    16  port.o(.emb_text)
    xPortPendSVHandler                       0x080001a5   Thumb Code    88  port.o(.emb_text)
    vPortGetIPSR                             0x08000201   Thumb Code     6  port.o(.emb_text)
    Reset_Handler                            0x08000209   Thumb Code     8  startup_gd32f30x_hd.o(.text)
    ADC0_1_IRQHandler                        0x08000223   Thumb Code     0  startup_gd32f30x_hd.o(.text)
    ADC2_IRQHandler                          0x08000223   Thumb Code     0  startup_gd32f30x_hd.o(.text)
    CAN0_EWMC_IRQHandler                     0x08000223   Thumb Code     0  startup_gd32f30x_hd.o(.text)
    CAN0_RX1_IRQHandler                      0x08000223   Thumb Code     0  startup_gd32f30x_hd.o(.text)
    DMA0_Channel0_IRQHandler                 0x08000223   Thumb Code     0  startup_gd32f30x_hd.o(.text)
    DMA0_Channel1_IRQHandler                 0x08000223   Thumb Code     0  startup_gd32f30x_hd.o(.text)
    DMA0_Channel2_IRQHandler                 0x08000223   Thumb Code     0  startup_gd32f30x_hd.o(.text)
    DMA0_Channel3_IRQHandler                 0x08000223   Thumb Code     0  startup_gd32f30x_hd.o(.text)
    DMA0_Channel4_IRQHandler                 0x08000223   Thumb Code     0  startup_gd32f30x_hd.o(.text)
    DMA0_Channel5_IRQHandler                 0x08000223   Thumb Code     0  startup_gd32f30x_hd.o(.text)
    DMA0_Channel6_IRQHandler                 0x08000223   Thumb Code     0  startup_gd32f30x_hd.o(.text)
    DMA1_Channel0_IRQHandler                 0x08000223   Thumb Code     0  startup_gd32f30x_hd.o(.text)
    DMA1_Channel1_IRQHandler                 0x08000223   Thumb Code     0  startup_gd32f30x_hd.o(.text)
    DMA1_Channel2_IRQHandler                 0x08000223   Thumb Code     0  startup_gd32f30x_hd.o(.text)
    DMA1_Channel3_4_IRQHandler               0x08000223   Thumb Code     0  startup_gd32f30x_hd.o(.text)
    EXMC_IRQHandler                          0x08000223   Thumb Code     0  startup_gd32f30x_hd.o(.text)
    EXTI0_IRQHandler                         0x08000223   Thumb Code     0  startup_gd32f30x_hd.o(.text)
    EXTI10_15_IRQHandler                     0x08000223   Thumb Code     0  startup_gd32f30x_hd.o(.text)
    EXTI1_IRQHandler                         0x08000223   Thumb Code     0  startup_gd32f30x_hd.o(.text)
    EXTI2_IRQHandler                         0x08000223   Thumb Code     0  startup_gd32f30x_hd.o(.text)
    EXTI3_IRQHandler                         0x08000223   Thumb Code     0  startup_gd32f30x_hd.o(.text)
    EXTI4_IRQHandler                         0x08000223   Thumb Code     0  startup_gd32f30x_hd.o(.text)
    EXTI5_9_IRQHandler                       0x08000223   Thumb Code     0  startup_gd32f30x_hd.o(.text)
    FMC_IRQHandler                           0x08000223   Thumb Code     0  startup_gd32f30x_hd.o(.text)
    I2C0_ER_IRQHandler                       0x08000223   Thumb Code     0  startup_gd32f30x_hd.o(.text)
    I2C0_EV_IRQHandler                       0x08000223   Thumb Code     0  startup_gd32f30x_hd.o(.text)
    I2C1_ER_IRQHandler                       0x08000223   Thumb Code     0  startup_gd32f30x_hd.o(.text)
    I2C1_EV_IRQHandler                       0x08000223   Thumb Code     0  startup_gd32f30x_hd.o(.text)
    LVD_IRQHandler                           0x08000223   Thumb Code     0  startup_gd32f30x_hd.o(.text)
    RCU_CTC_IRQHandler                       0x08000223   Thumb Code     0  startup_gd32f30x_hd.o(.text)
    RTC_Alarm_IRQHandler                     0x08000223   Thumb Code     0  startup_gd32f30x_hd.o(.text)
    RTC_IRQHandler                           0x08000223   Thumb Code     0  startup_gd32f30x_hd.o(.text)
    SDIO_IRQHandler                          0x08000223   Thumb Code     0  startup_gd32f30x_hd.o(.text)
    SPI0_IRQHandler                          0x08000223   Thumb Code     0  startup_gd32f30x_hd.o(.text)
    SPI1_IRQHandler                          0x08000223   Thumb Code     0  startup_gd32f30x_hd.o(.text)
    SPI2_IRQHandler                          0x08000223   Thumb Code     0  startup_gd32f30x_hd.o(.text)
    TAMPER_IRQHandler                        0x08000223   Thumb Code     0  startup_gd32f30x_hd.o(.text)
    TIMER0_BRK_IRQHandler                    0x08000223   Thumb Code     0  startup_gd32f30x_hd.o(.text)
    TIMER0_Channel_IRQHandler                0x08000223   Thumb Code     0  startup_gd32f30x_hd.o(.text)
    TIMER0_TRG_CMT_IRQHandler                0x08000223   Thumb Code     0  startup_gd32f30x_hd.o(.text)
    TIMER0_UP_IRQHandler                     0x08000223   Thumb Code     0  startup_gd32f30x_hd.o(.text)
    TIMER1_IRQHandler                        0x08000223   Thumb Code     0  startup_gd32f30x_hd.o(.text)
    TIMER2_IRQHandler                        0x08000223   Thumb Code     0  startup_gd32f30x_hd.o(.text)
    TIMER3_IRQHandler                        0x08000223   Thumb Code     0  startup_gd32f30x_hd.o(.text)
    TIMER4_IRQHandler                        0x08000223   Thumb Code     0  startup_gd32f30x_hd.o(.text)
    TIMER5_IRQHandler                        0x08000223   Thumb Code     0  startup_gd32f30x_hd.o(.text)
    TIMER7_BRK_IRQHandler                    0x08000223   Thumb Code     0  startup_gd32f30x_hd.o(.text)
    TIMER7_Channel_IRQHandler                0x08000223   Thumb Code     0  startup_gd32f30x_hd.o(.text)
    TIMER7_TRG_CMT_IRQHandler                0x08000223   Thumb Code     0  startup_gd32f30x_hd.o(.text)
    TIMER7_UP_IRQHandler                     0x08000223   Thumb Code     0  startup_gd32f30x_hd.o(.text)
    UART3_IRQHandler                         0x08000223   Thumb Code     0  startup_gd32f30x_hd.o(.text)
    UART4_IRQHandler                         0x08000223   Thumb Code     0  startup_gd32f30x_hd.o(.text)
    USART0_IRQHandler                        0x08000223   Thumb Code     0  startup_gd32f30x_hd.o(.text)
    USART1_IRQHandler                        0x08000223   Thumb Code     0  startup_gd32f30x_hd.o(.text)
    USART2_IRQHandler                        0x08000223   Thumb Code     0  startup_gd32f30x_hd.o(.text)
    USBD_HP_CAN0_TX_IRQHandler               0x08000223   Thumb Code     0  startup_gd32f30x_hd.o(.text)
    USBD_LP_CAN0_RX0_IRQHandler              0x08000223   Thumb Code     0  startup_gd32f30x_hd.o(.text)
    USBD_WKUP_IRQHandler                     0x08000223   Thumb Code     0  startup_gd32f30x_hd.o(.text)
    WWDGT_IRQHandler                         0x08000223   Thumb Code     0  startup_gd32f30x_hd.o(.text)
    __aeabi_memset                           0x0800022d   Thumb Code    14  memseta.o(.text)
    __aeabi_memset4                          0x0800022d   Thumb Code     0  memseta.o(.text)
    __aeabi_memset8                          0x0800022d   Thumb Code     0  memseta.o(.text)
    __aeabi_memclr                           0x0800023b   Thumb Code     4  memseta.o(.text)
    __aeabi_memclr4                          0x0800023b   Thumb Code     0  memseta.o(.text)
    __aeabi_memclr8                          0x0800023b   Thumb Code     0  memseta.o(.text)
    _memset$wrapper                          0x0800023f   Thumb Code    18  memseta.o(.text)
    strlen                                   0x08000251   Thumb Code    14  strlen.o(.text)
    strcpy                                   0x0800025f   Thumb Code    18  strcpy.o(.text)
    strrchr                                  0x08000271   Thumb Code    22  strrchr.o(.text)
    __aeabi_uidiv                            0x08000287   Thumb Code     0  uidiv.o(.text)
    __aeabi_uidivmod                         0x08000287   Thumb Code    44  uidiv.o(.text)
    __scatterload                            0x080002b5   Thumb Code    28  init.o(.text)
    __scatterload_rt2                        0x080002b5   Thumb Code     0  init.o(.text)
    BusFault_Handler                         0x080002d9   Thumb Code    12  gd32f30x_it.o(i.BusFault_Handler)
    DebugMon_Handler                         0x080002ed   Thumb Code     2  gd32f30x_it.o(i.DebugMon_Handler)
    HardFault_Handler                        0x080002f1   Thumb Code    12  gd32f30x_it.o(i.HardFault_Handler)
    MemManage_Handler                        0x08000305   Thumb Code    12  gd32f30x_it.o(i.MemManage_Handler)
    NMI_Handler                              0x08000319   Thumb Code    12  gd32f30x_it.o(i.NMI_Handler)
    OS_GetVersion                            0x0800032d   Thumb Code     4  osal.o(i.OS_GetVersion)
    OS_Init                                  0x08000345   Thumb Code    26  osal.o(i.OS_Init)
    OS_MemAlloc                              0x08000371   Thumb Code    12  osal.o(i.OS_MemAlloc)
    OS_MemFree                               0x0800037d   Thumb Code    12  osal.o(i.OS_MemFree)
    OS_MsDelay                               0x08000389   Thumb Code    14  osal.o(i.OS_MsDelay)
    OS_StartScheduler                        0x08000397   Thumb Code     8  osal.o(i.OS_StartScheduler)
    OS_SysInfo                               0x080003a1   Thumb Code    78  osal.o(i.OS_SysInfo)
    OS_TaskCreate                            0x08000469   Thumb Code    44  osal.o(i.OS_TaskCreate)
    OS_TaskGetFreeStackSpace                 0x08000495   Thumb Code    12  osal.o(i.OS_TaskGetFreeStackSpace)
    OS_TaskGetName                           0x080004a1   Thumb Code    12  osal.o(i.OS_TaskGetName)
    OS_TaskGetPriority                       0x080004ad   Thumb Code    12  osal.o(i.OS_TaskGetPriority)
    PendSV_Handler                           0x080004b9   Thumb Code     8  gd32f30x_it.o(i.PendSV_Handler)
    SVC_Handler                              0x080004c1   Thumb Code     8  gd32f30x_it.o(i.SVC_Handler)
    SysTick_Handler                          0x080004c9   Thumb Code    12  gd32f30x_it.o(i.SysTick_Handler)
    SystemInit                               0x080004d5   Thumb Code   100  system_gd32f30x.o(i.SystemInit)
    TIMER6_IRQHandler                        0x08000545   Thumb Code    22  delay.o(i.TIMER6_IRQHandler)
    UsageFault_Handler                       0x08000565   Thumb Code    12  gd32f30x_it.o(i.UsageFault_Handler)
    __0printf$3                              0x08000579   Thumb Code    22  printf3.o(i.__0printf$3)
    __1printf$3                              0x08000579   Thumb Code     0  printf3.o(i.__0printf$3)
    __2printf                                0x08000579   Thumb Code     0  printf3.o(i.__0printf$3)
    __0sprintf$3                             0x08000599   Thumb Code    34  printf3.o(i.__0sprintf$3)
    __1sprintf$3                             0x08000599   Thumb Code     0  printf3.o(i.__0sprintf$3)
    __2sprintf                               0x08000599   Thumb Code     0  printf3.o(i.__0sprintf$3)
    __scatterload_copy                       0x080005c1   Thumb Code    14  handlers.o(i.__scatterload_copy)
    __scatterload_null                       0x080005cf   Thumb Code     2  handlers.o(i.__scatterload_null)
    __scatterload_zeroinit                   0x080005d1   Thumb Code    14  handlers.o(i.__scatterload_zeroinit)
    delay_decrement                          0x080007a5   Thumb Code    18  systick.o(i.delay_decrement)
    delay_init                               0x080007bd   Thumb Code     8  delay.o(i.delay_init)
    delay_timer_init                         0x080007c5   Thumb Code    70  delay.o(i.delay_timer_init)
    eTaskGetState                            0x08000811   Thumb Code   154  tasks.o(i.eTaskGetState)
    fputc                                    0x080008ed   Thumb Code    32  uart_printf.o(i.fputc)
    get_complie_time                         0x08000911   Thumb Code     4  util.o(i.get_complie_time)
    gpio_init                                0x08000921   Thumb Code   188  gd32f30x_gpio.o(i.gpio_init)
    main                                     0x080009dd   Thumb Code    30  main.o(i.main)
    nvic_irq_enable                          0x08000a01   Thumb Code   186  gd32f30x_misc.o(i.nvic_irq_enable)
    nvic_priority_group_set                  0x08000ac5   Thumb Code    10  gd32f30x_misc.o(i.nvic_priority_group_set)
    pcTaskGetName                            0x08000ad9   Thumb Code    58  tasks.o(i.pcTaskGetName)
    pvPortMalloc                             0x080010b9   Thumb Code   372  heap_4.o(i.pvPortMalloc)
    pxPortInitialiseStack                    0x08001271   Thumb Code    38  port.o(i.pxPortInitialiseStack)
    rcu_clock_freq_get                       0x0800129d   Thumb Code   310  gd32f30x_rcu.o(i.rcu_clock_freq_get)
    rcu_periph_clock_enable                  0x080013f5   Thumb Code    28  gd32f30x_rcu.o(i.rcu_periph_clock_enable)
    rcu_periph_reset_disable                 0x08001415   Thumb Code    28  gd32f30x_rcu.o(i.rcu_periph_reset_disable)
    rcu_periph_reset_enable                  0x08001435   Thumb Code    28  gd32f30x_rcu.o(i.rcu_periph_reset_enable)
    system_init                              0x08001571   Thumb Code    24  system.o(i.system_init)
    test_task_init                           0x0800165d   Thumb Code    24  test_task.o(i.test_task_init)
    timer_enable                             0x08001685   Thumb Code    10  gd32f30x_timer.o(i.timer_enable)
    timer_init                               0x08001691   Thumb Code   122  gd32f30x_timer.o(i.timer_init)
    timer_interrupt_enable                   0x08001729   Thumb Code     8  gd32f30x_timer.o(i.timer_interrupt_enable)
    timer_interrupt_flag_clear               0x08001731   Thumb Code     6  gd32f30x_timer.o(i.timer_interrupt_flag_clear)
    uart_printf_init                         0x08001739   Thumb Code   122  uart_printf.o(i.uart_printf_init)
    usart_baudrate_set                       0x080017bd   Thumb Code   136  gd32f30x_usart.o(i.usart_baudrate_set)
    usart_data_transmit                      0x0800184d   Thumb Code     8  gd32f30x_usart.o(i.usart_data_transmit)
    usart_deinit                             0x08001855   Thumb Code   136  gd32f30x_usart.o(i.usart_deinit)
    usart_enable                             0x080018e5   Thumb Code    10  gd32f30x_usart.o(i.usart_enable)
    usart_flag_get                           0x080018ef   Thumb Code    30  gd32f30x_usart.o(i.usart_flag_get)
    usart_hardware_flow_cts_config           0x0800190d   Thumb Code    16  gd32f30x_usart.o(i.usart_hardware_flow_cts_config)
    usart_hardware_flow_rts_config           0x0800191d   Thumb Code    16  gd32f30x_usart.o(i.usart_hardware_flow_rts_config)
    usart_parity_config                      0x0800192d   Thumb Code    16  gd32f30x_usart.o(i.usart_parity_config)
    usart_receive_config                     0x0800193d   Thumb Code    16  gd32f30x_usart.o(i.usart_receive_config)
    usart_stop_bit_set                       0x0800194d   Thumb Code    16  gd32f30x_usart.o(i.usart_stop_bit_set)
    usart_transmit_config                    0x0800195d   Thumb Code    16  gd32f30x_usart.o(i.usart_transmit_config)
    usart_word_length_set                    0x0800196d   Thumb Code    16  gd32f30x_usart.o(i.usart_word_length_set)
    uxListRemove                             0x0800197d   Thumb Code    40  list.o(i.uxListRemove)
    uxTaskGetNumberOfTasks                   0x080019a5   Thumb Code     6  tasks.o(i.uxTaskGetNumberOfTasks)
    uxTaskGetStackHighWaterMark              0x080019b1   Thumb Code    34  tasks.o(i.uxTaskGetStackHighWaterMark)
    uxTaskGetSystemState                     0x080019d9   Thumb Code   154  tasks.o(i.uxTaskGetSystemState)
    uxTaskPriorityGet                        0x08001a91   Thumb Code    30  tasks.o(i.uxTaskPriorityGet)
    vApplicationIdleHook                     0x08001ab5   Thumb Code     2  osal.o(i.vApplicationIdleHook)
    vApplicationStackOverflowHook            0x08001ab9   Thumb Code    16  osal.o(i.vApplicationStackOverflowHook)
    vListInitialise                          0x08001aed   Thumb Code    26  list.o(i.vListInitialise)
    vListInitialiseItem                      0x08001b07   Thumb Code     6  list.o(i.vListInitialiseItem)
    vListInsert                              0x08001b0d   Thumb Code    52  list.o(i.vListInsert)
    vListInsertEnd                           0x08001b41   Thumb Code    24  list.o(i.vListInsertEnd)
    vPortEnterCritical                       0x08001b59   Thumb Code    90  port.o(i.vPortEnterCritical)
    vPortExitCritical                        0x08001be9   Thumb Code    70  port.o(i.vPortExitCritical)
    vPortFree                                0x08001c61   Thumb Code   174  heap_4.o(i.vPortFree)
    vPortSetupTimerInterrupt                 0x08001d49   Thumb Code    36  port.o(i.vPortSetupTimerInterrupt)
    vTaskDelay                               0x08001d71   Thumb Code    94  tasks.o(i.vTaskDelay)
    vTaskGetInfo                             0x08001e05   Thumb Code   126  tasks.o(i.vTaskGetInfo)
    vTaskGetRunTimeStats                     0x08001e89   Thumb Code   168  tasks.o(i.vTaskGetRunTimeStats)
    vTaskList                                0x08001f4d   Thumb Code   200  tasks.o(i.vTaskList)
    vTaskStartScheduler                      0x08002029   Thumb Code   128  tasks.o(i.vTaskStartScheduler)
    vTaskSuspendAll                          0x080020f9   Thumb Code    12  tasks.o(i.vTaskSuspendAll)
    vTaskSwitchContext                       0x08002109   Thumb Code   212  tasks.o(i.vTaskSwitchContext)
    xPortStartScheduler                      0x08002229   Thumb Code   378  port.o(i.xPortStartScheduler)
    xPortSysTickHandler                      0x080023ed   Thumb Code    46  port.o(i.xPortSysTickHandler)
    xTaskCreate                              0x08002421   Thumb Code    96  tasks.o(i.xTaskCreate)
    xTaskIncrementTick                       0x08002481   Thumb Code   296  tasks.o(i.xTaskIncrementTick)
    xTaskResumeAll                           0x08002601   Thumb Code   236  tasks.o(i.xTaskResumeAll)
    Region$$Table$$Base                      0x08002a5c   Number         0  anon$$obj.o(Region$$Table)
    Region$$Table$$Limit                     0x08002a7c   Number         0  anon$$obj.o(Region$$Table)
    SystemCoreClock                          0x20000004   Data           4  system_gd32f30x.o(.data)
    g_timeticks                              0x20000008   Data           4  delay.o(.data)
    pxCurrentTCB                             0x2000000c   Data           4  tasks.o(.data)
    uxTopUsedPriority                        0x20000044   Data           4  tasks.o(.data)
    __stdout                                 0x20000080   Data           4  stdout.o(.data)
    __initial_sp                             0x20004950   Data           0  startup_gd32f30x_hd.o(STACK)



==============================================================================

Memory Map of the image

  Image Entry point : 0x08000131

  Load Region LR_IROM1 (Base: 0x08000000, Size: 0x00002b00, Max: 0x00080000, ABSOLUTE)

    Execution Region ER_IROM1 (Base: 0x08000000, Size: 0x00002a7c, Max: 0x00080000, ABSOLUTE)

    Base Addr    Size         Type   Attr      Idx    E Section Name        Object

    0x08000000   0x00000130   Data   RO         4450    RESET               startup_gd32f30x_hd.o
    0x08000130   0x00000000   Code   RO         5864  * .ARM.Collect$$$$00000000  mc_w.l(entry.o)
    0x08000130   0x00000004   Code   RO         6140    .ARM.Collect$$$$00000001  mc_w.l(entry2.o)
    0x08000134   0x00000004   Code   RO         6143    .ARM.Collect$$$$00000004  mc_w.l(entry5.o)
    0x08000138   0x00000000   Code   RO         6145    .ARM.Collect$$$$00000008  mc_w.l(entry7b.o)
    0x08000138   0x00000000   Code   RO         6147    .ARM.Collect$$$$0000000A  mc_w.l(entry8b.o)
    0x08000138   0x00000008   Code   RO         6148    .ARM.Collect$$$$0000000B  mc_w.l(entry9a.o)
    0x08000140   0x00000004   Code   RO         6155    .ARM.Collect$$$$0000000E  mc_w.l(entry12b.o)
    0x08000144   0x00000000   Code   RO         6150    .ARM.Collect$$$$0000000F  mc_w.l(entry10a.o)
    0x08000144   0x00000000   Code   RO         6152    .ARM.Collect$$$$00000011  mc_w.l(entry11a.o)
    0x08000144   0x00000004   Code   RO         6141    .ARM.Collect$$$$00002712  mc_w.l(entry2.o)
    0x08000148   0x000000be   Code   RO         5718    .emb_text           port.o
    0x08000206   0x00000002   PAD
    0x08000208   0x00000024   Code   RO         4451    .text               startup_gd32f30x_hd.o
    0x0800022c   0x00000024   Code   RO         5869    .text               mc_w.l(memseta.o)
    0x08000250   0x0000000e   Code   RO         5871    .text               mc_w.l(strlen.o)
    0x0800025e   0x00000012   Code   RO         5873    .text               mc_w.l(strcpy.o)
    0x08000270   0x00000016   Code   RO         5875    .text               mc_w.l(strrchr.o)
    0x08000286   0x0000002c   Code   RO         6157    .text               mc_w.l(uidiv.o)
    0x080002b2   0x00000002   PAD
    0x080002b4   0x00000024   Code   RO         6172    .text               mc_w.l(init.o)
    0x080002d8   0x00000014   Code   RO          186    i.BusFault_Handler  gd32f30x_it.o
    0x080002ec   0x00000002   Code   RO          187    i.DebugMon_Handler  gd32f30x_it.o
    0x080002ee   0x00000002   PAD
    0x080002f0   0x00000014   Code   RO          188    i.HardFault_Handler  gd32f30x_it.o
    0x08000304   0x00000014   Code   RO          189    i.MemManage_Handler  gd32f30x_it.o
    0x08000318   0x00000014   Code   RO          190    i.NMI_Handler       gd32f30x_it.o
    0x0800032c   0x00000018   Code   RO         4914    i.OS_GetVersion     osal.o
    0x08000344   0x0000002c   Code   RO         4915    i.OS_Init           osal.o
    0x08000370   0x0000000c   Code   RO         4916    i.OS_MemAlloc       osal.o
    0x0800037c   0x0000000c   Code   RO         4917    i.OS_MemFree        osal.o
    0x08000388   0x0000000e   Code   RO         4918    i.OS_MsDelay        osal.o
    0x08000396   0x00000008   Code   RO         4919    i.OS_StartScheduler  osal.o
    0x0800039e   0x00000002   PAD
    0x080003a0   0x000000c8   Code   RO         4920    i.OS_SysInfo        osal.o
    0x08000468   0x0000002c   Code   RO         4921    i.OS_TaskCreate     osal.o
    0x08000494   0x0000000c   Code   RO         4923    i.OS_TaskGetFreeStackSpace  osal.o
    0x080004a0   0x0000000c   Code   RO         4924    i.OS_TaskGetName    osal.o
    0x080004ac   0x0000000c   Code   RO         4925    i.OS_TaskGetPriority  osal.o
    0x080004b8   0x00000008   Code   RO          191    i.PendSV_Handler    gd32f30x_it.o
    0x080004c0   0x00000008   Code   RO          192    i.SVC_Handler       gd32f30x_it.o
    0x080004c8   0x0000000c   Code   RO          193    i.SysTick_Handler   gd32f30x_it.o
    0x080004d4   0x00000070   Code   RO          352    i.SystemInit        system_gd32f30x.o
    0x08000544   0x00000020   Code   RO         4615    i.TIMER6_IRQHandler  delay.o
    0x08000564   0x00000014   Code   RO          194    i.UsageFault_Handler  gd32f30x_it.o
    0x08000578   0x00000020   Code   RO         5968    i.__0printf$3       mc_w.l(printf3.o)
    0x08000598   0x00000028   Code   RO         5970    i.__0sprintf$3      mc_w.l(printf3.o)
    0x080005c0   0x0000000e   Code   RO         6184    i.__scatterload_copy  mc_w.l(handlers.o)
    0x080005ce   0x00000002   Code   RO         6185    i.__scatterload_null  mc_w.l(handlers.o)
    0x080005d0   0x0000000e   Code   RO         6186    i.__scatterload_zeroinit  mc_w.l(handlers.o)
    0x080005de   0x00000002   PAD
    0x080005e0   0x000001b8   Code   RO         5975    i._printf_core      mc_w.l(printf3.o)
    0x08000798   0x0000000a   Code   RO         5977    i._sputc            mc_w.l(printf3.o)
    0x080007a2   0x00000002   PAD
    0x080007a4   0x00000018   Code   RO          310    i.delay_decrement   systick.o
    0x080007bc   0x00000008   Code   RO         4616    i.delay_init        delay.o
    0x080007c4   0x0000004c   Code   RO         4618    i.delay_timer_init  delay.o
    0x08000810   0x000000dc   Code   RO         5350    i.eTaskGetState     tasks.o
    0x080008ec   0x00000024   Code   RO         4706    i.fputc             uart_printf.o
    0x08000910   0x00000010   Code   RO         4850    i.get_complie_time  util.o
    0x08000920   0x000000bc   Code   RO         2172    i.gpio_init         gd32f30x_gpio.o
    0x080009dc   0x00000024   Code   RO            3    i.main              main.o
    0x08000a00   0x000000c4   Code   RO         2496    i.nvic_irq_enable   gd32f30x_misc.o
    0x08000ac4   0x00000014   Code   RO         2497    i.nvic_priority_group_set  gd32f30x_misc.o
    0x08000ad8   0x0000006c   Code   RO         5351    i.pcTaskGetName     tasks.o
    0x08000b44   0x00000098   Code   RO         5352    i.prvAddCurrentTaskToDelayedList  tasks.o
    0x08000bdc   0x000000b8   Code   RO         5353    i.prvAddNewTaskToReadyList  tasks.o
    0x08000c94   0x00000048   Code   RO         5354    i.prvCheckTasksWaitingTermination  tasks.o
    0x08000cdc   0x00000012   Code   RO         5355    i.prvDeleteTCB      tasks.o
    0x08000cee   0x00000002   PAD
    0x08000cf0   0x0000007c   Code   RO         5796    i.prvHeapInit       heap_4.o
    0x08000d6c   0x0000002c   Code   RO         5356    i.prvIdleTask       tasks.o
    0x08000d98   0x000000f8   Code   RO         5357    i.prvInitialiseNewTask  tasks.o
    0x08000e90   0x00000068   Code   RO         5358    i.prvInitialiseTaskLists  tasks.o
    0x08000ef8   0x00000068   Code   RO         5797    i.prvInsertBlockIntoFreeList  heap_4.o
    0x08000f60   0x0000006a   Code   RO         5359    i.prvListTasksWithinSingleList  tasks.o
    0x08000fca   0x00000002   PAD
    0x08000fcc   0x00000030   Code   RO         5360    i.prvResetNextTaskUnblockTime  tasks.o
    0x08000ffc   0x00000016   Code   RO         5361    i.prvTaskCheckFreeStackSpace  tasks.o
    0x08001012   0x00000002   PAD
    0x08001014   0x00000078   Code   RO         5719    i.prvTaskExitError  port.o
    0x0800108c   0x0000002a   Code   RO         5363    i.prvWriteNameToBuffer  tasks.o
    0x080010b6   0x00000002   PAD
    0x080010b8   0x000001b8   Code   RO         5798    i.pvPortMalloc      heap_4.o
    0x08001270   0x0000002c   Code   RO         5720    i.pxPortInitialiseStack  port.o
    0x0800129c   0x00000158   Code   RO         2695    i.rcu_clock_freq_get  gd32f30x_rcu.o
    0x080013f4   0x00000020   Code   RO         2713    i.rcu_periph_clock_enable  gd32f30x_rcu.o
    0x08001414   0x00000020   Code   RO         2716    i.rcu_periph_reset_disable  gd32f30x_rcu.o
    0x08001434   0x00000020   Code   RO         2717    i.rcu_periph_reset_enable  gd32f30x_rcu.o
    0x08001454   0x00000114   Code   RO          353    i.system_clock_120m_hxtal  system_gd32f30x.o
    0x08001568   0x00000008   Code   RO          354    i.system_clock_config  system_gd32f30x.o
    0x08001570   0x0000003c   Code   RO         4662    i.system_init       system.o
    0x080015ac   0x000000b0   Code   RO         4864    i.test_task         test_task.o
    0x0800165c   0x00000028   Code   RO         4865    i.test_task_init    test_task.o
    0x08001684   0x0000000a   Code   RO         3612    i.timer_enable      gd32f30x_timer.o
    0x0800168e   0x00000002   PAD
    0x08001690   0x00000098   Code   RO         3622    i.timer_init        gd32f30x_timer.o
    0x08001728   0x00000008   Code   RO         3629    i.timer_interrupt_enable  gd32f30x_timer.o
    0x08001730   0x00000006   Code   RO         3630    i.timer_interrupt_flag_clear  gd32f30x_timer.o
    0x08001736   0x00000002   PAD
    0x08001738   0x00000084   Code   RO         4707    i.uart_printf_init  uart_printf.o
    0x080017bc   0x00000090   Code   RO         4020    i.usart_baudrate_set  gd32f30x_usart.o
    0x0800184c   0x00000008   Code   RO         4024    i.usart_data_transmit  gd32f30x_usart.o
    0x08001854   0x00000090   Code   RO         4025    i.usart_deinit      gd32f30x_usart.o
    0x080018e4   0x0000000a   Code   RO         4029    i.usart_enable      gd32f30x_usart.o
    0x080018ee   0x0000001e   Code   RO         4031    i.usart_flag_get    gd32f30x_usart.o
    0x0800190c   0x00000010   Code   RO         4035    i.usart_hardware_flow_cts_config  gd32f30x_usart.o
    0x0800191c   0x00000010   Code   RO         4036    i.usart_hardware_flow_rts_config  gd32f30x_usart.o
    0x0800192c   0x00000010   Code   RO         4051    i.usart_parity_config  gd32f30x_usart.o
    0x0800193c   0x00000010   Code   RO         4053    i.usart_receive_config  gd32f30x_usart.o
    0x0800194c   0x00000010   Code   RO         4063    i.usart_stop_bit_set  gd32f30x_usart.o
    0x0800195c   0x00000010   Code   RO         4067    i.usart_transmit_config  gd32f30x_usart.o
    0x0800196c   0x00000010   Code   RO         4068    i.usart_word_length_set  gd32f30x_usart.o
    0x0800197c   0x00000028   Code   RO         5160    i.uxListRemove      list.o
    0x080019a4   0x0000000c   Code   RO         5366    i.uxTaskGetNumberOfTasks  tasks.o
    0x080019b0   0x00000028   Code   RO         5367    i.uxTaskGetStackHighWaterMark  tasks.o
    0x080019d8   0x000000b8   Code   RO         5368    i.uxTaskGetSystemState  tasks.o
    0x08001a90   0x00000024   Code   RO         5370    i.uxTaskPriorityGet  tasks.o
    0x08001ab4   0x00000002   Code   RO         4929    i.vApplicationIdleHook  osal.o
    0x08001ab6   0x00000002   PAD
    0x08001ab8   0x00000034   Code   RO         4930    i.vApplicationStackOverflowHook  osal.o
    0x08001aec   0x0000001a   Code   RO         5161    i.vListInitialise   list.o
    0x08001b06   0x00000006   Code   RO         5162    i.vListInitialiseItem  list.o
    0x08001b0c   0x00000034   Code   RO         5163    i.vListInsert       list.o
    0x08001b40   0x00000018   Code   RO         5164    i.vListInsertEnd    list.o
    0x08001b58   0x00000090   Code   RO         5722    i.vPortEnterCritical  port.o
    0x08001be8   0x00000078   Code   RO         5723    i.vPortExitCritical  port.o
    0x08001c60   0x000000e8   Code   RO         5799    i.vPortFree         heap_4.o
    0x08001d48   0x00000028   Code   RO         5724    i.vPortSetupTimerInterrupt  port.o
    0x08001d70   0x00000094   Code   RO         5373    i.vTaskDelay        tasks.o
    0x08001e04   0x00000084   Code   RO         5377    i.vTaskGetInfo      tasks.o
    0x08001e88   0x000000c4   Code   RO         5378    i.vTaskGetRunTimeStats  tasks.o
    0x08001f4c   0x000000dc   Code   RO         5380    i.vTaskList         tasks.o
    0x08002028   0x000000d0   Code   RO         5389    i.vTaskStartScheduler  tasks.o
    0x080020f8   0x00000010   Code   RO         5391    i.vTaskSuspendAll   tasks.o
    0x08002108   0x00000120   Code   RO         5392    i.vTaskSwitchContext  tasks.o
    0x08002228   0x000001c4   Code   RO         5726    i.xPortStartScheduler  port.o
    0x080023ec   0x00000034   Code   RO         5727    i.xPortSysTickHandler  port.o
    0x08002420   0x00000060   Code   RO         5395    i.xTaskCreate       tasks.o
    0x08002480   0x00000180   Code   RO         5405    i.xTaskIncrementTick  tasks.o
    0x08002600   0x0000013c   Code   RO         5407    i.xTaskResumeAll    tasks.o
    0x0800273c   0x00000054   Data   RO          195    .constdata          gd32f30x_it.o
    0x08002790   0x00000238   Data   RO         5410    .constdata          tasks.o
    0x080029c8   0x0000007b   Data   RO         5728    .constdata          port.o
    0x08002a43   0x00000017   Data   RO         5805    .constdata          heap_4.o
    0x08002a5a   0x00000002   PAD
    0x08002a5c   0x00000020   Data   RO         6182    Region$$Table       anon$$obj.o


    Execution Region RW_IRAM1 (Base: 0x20000000, Size: 0x00004950, Max: 0x00010000, ABSOLUTE)

    Base Addr    Size         Type   Attr      Idx    E Section Name        Object

    0x20000000   0x00000004   Data   RW          312    .data               systick.o
    0x20000004   0x00000004   Data   RW          355    .data               system_gd32f30x.o
    0x20000008   0x00000004   Data   RW         4620    .data               delay.o
    0x2000000c   0x00000048   Data   RW         5411    .data               tasks.o
    0x20000054   0x0000000c   Data   RW         5729    .data               port.o
    0x20000060   0x00000020   Data   RW         5806    .data               heap_4.o
    0x20000080   0x00000004   Data   RW         6156    .data               mc_w.l(stdout.o)
    0x20000084   0x000000c8   Zero   RW         5409    .bss                tasks.o
    0x2000014c   0x00004400   Zero   RW         5804    .bss                heap_4.o
    0x2000454c   0x00000004   PAD
    0x20004550   0x00000400   Zero   RW         4448    STACK               startup_gd32f30x_hd.o


==============================================================================

Image component sizes


      Code (inc. data)   RO Data    RW Data    ZI Data      Debug   Object Name

       116         16          0          4          0       2278   delay.o
         0          0          0          0          0       5168   event_groups.o
       188          0          0          0          0        960   gd32f30x_gpio.o
       130         40         84          0          0       5602   gd32f30x_it.o
       216         20          0          0          0       1568   gd32f30x_misc.o
       440         46          0          0          0      20392   gd32f30x_rcu.o
       176         30          0          0          0      18554   gd32f30x_timer.o
       448         16          0          0          0      14986   gd32f30x_usart.o
       900        160         23         32      17408       7463   heap_4.o
       148          0          0          0          0       3410   list.o
        36          6          0          0          0      19155   main.o
       448        196          0          0          0       7591   osal.o
      1162        260        123         12          0      12609   port.o
        36          8        304          0       1024        916   startup_gd32f30x_hd.o
        60         36          0          0          0       1534   system.o
       396         30          0          4          0       2827   system_gd32f30x.o
        24          6          0          4          0        930   systick.o
      3644        770        568         72        200      49933   tasks.o
       216        100          0          0          0      13933   test_task.o
       168         14          0          0          0       1167   uart_printf.o
        16         12          0          0          0        763   util.o

    ----------------------------------------------------------------------
      8988       1766       1136        128      18636     191739   Object Totals
         0          0         32          0          0          0   (incl. Generated)
        20          0          2          0          4          0   (incl. Padding)

    ----------------------------------------------------------------------

      Code (inc. data)   RO Data    RW Data    ZI Data      Debug   Library Member Name

         0          0          0          0          0          0   entry.o
         0          0          0          0          0          0   entry10a.o
         0          0          0          0          0          0   entry11a.o
         4          0          0          0          0          0   entry12b.o
         8          4          0          0          0          0   entry2.o
         4          0          0          0          0          0   entry5.o
         0          0          0          0          0          0   entry7b.o
         0          0          0          0          0          0   entry8b.o
         8          4          0          0          0          0   entry9a.o
        30          0          0          0          0          0   handlers.o
        36          8          0          0          0         68   init.o
        36          0          0          0          0        108   memseta.o
       522         20          0          0          0        336   printf3.o
         0          0          0          4          0          0   stdout.o
        18          0          0          0          0         68   strcpy.o
        14          0          0          0          0         68   strlen.o
        22          0          0          0          0         68   strrchr.o
        44          0          0          0          0         80   uidiv.o

    ----------------------------------------------------------------------
       752         36          0          4          0        796   Library Totals
         6          0          0          0          0          0   (incl. Padding)

    ----------------------------------------------------------------------

      Code (inc. data)   RO Data    RW Data    ZI Data      Debug   Library Name

       746         36          0          4          0        796   mc_w.l

    ----------------------------------------------------------------------
       752         36          0          4          0        796   Library Totals

    ----------------------------------------------------------------------

==============================================================================


      Code (inc. data)   RO Data    RW Data    ZI Data      Debug   

      9740       1802       1136        132      18636     182727   Grand Totals
      9740       1802       1136        132      18636     182727   ELF Image Totals
      9740       1802       1136        132          0          0   ROM Totals

==============================================================================

    Total RO  Size (Code + RO Data)                10876 (  10.62kB)
    Total RW  Size (RW Data + ZI Data)             18768 (  18.33kB)
    Total ROM Size (Code + RO Data + RW Data)      11008 (  10.75kB)

==============================================================================

