Component: ARM Compiler 5.06 update 7 (build 960) Tool: armlink [4d3601]

==============================================================================

Section Cross References

    main.o(i.main) refers to delay.o(i.delay_init) for delay_init
    main.o(i.main) refers to uart_printf.o(i.uart_printf_init) for uart_printf_init
    main.o(i.main) refers to osal.o(i.OS_Init) for OS_Init
    main.o(i.main) refers to system.o(i.system_init) for system_init
    main.o(i.main) refers to osal.o(i.OS_StartScheduler) for OS_StartScheduler
    main.o(i.main) refers to printf3.o(i.__0printf$3) for __2printf
    gd32f30x_it.o(i.BusFault_Handler) refers to printf3.o(i.__0printf$3) for __2printf
    gd32f30x_it.o(i.BusFault_Handler) refers to gd32f30x_it.o(.constdata) for .constdata
    gd32f30x_it.o(i.HardFault_Handler) refers to printf3.o(i.__0printf$3) for __2printf
    gd32f30x_it.o(i.HardFault_Handler) refers to gd32f30x_it.o(.constdata) for .constdata
    gd32f30x_it.o(i.MemManage_Handler) refers to printf3.o(i.__0printf$3) for __2printf
    gd32f30x_it.o(i.MemManage_Handler) refers to gd32f30x_it.o(.constdata) for .constdata
    gd32f30x_it.o(i.NMI_Handler) refers to printf3.o(i.__0printf$3) for __2printf
    gd32f30x_it.o(i.NMI_Handler) refers to gd32f30x_it.o(.constdata) for .constdata
    gd32f30x_it.o(i.PendSV_Handler) refers to port.o(.emb_text) for xPortPendSVHandler
    gd32f30x_it.o(i.SVC_Handler) refers to port.o(.emb_text) for vPortSVCHandler
    gd32f30x_it.o(i.SysTick_Handler) refers to port.o(i.xPortSysTickHandler) for xPortSysTickHandler
    gd32f30x_it.o(i.SysTick_Handler) refers to systick.o(i.delay_decrement) for delay_decrement
    gd32f30x_it.o(i.UsageFault_Handler) refers to printf3.o(i.__0printf$3) for __2printf
    gd32f30x_it.o(i.UsageFault_Handler) refers to gd32f30x_it.o(.constdata) for .constdata
    systick.o(i.delay_1ms) refers to systick.o(.data) for .data
    systick.o(i.delay_decrement) refers to systick.o(.data) for .data
    systick.o(i.systick_config) refers to systick.o(i.NVIC_SetPriority) for NVIC_SetPriority
    systick.o(i.systick_config) refers to system_gd32f30x.o(.data) for SystemCoreClock
    system_gd32f30x.o(i.SystemCoreClockUpdate) refers to system_gd32f30x.o(.data) for .data
    system_gd32f30x.o(i.SystemInit) refers to system_gd32f30x.o(i.system_clock_120m_hxtal) for system_clock_120m_hxtal
    gd32f30x_adc.o(i.adc_deinit) refers to gd32f30x_rcu.o(i.rcu_periph_reset_enable) for rcu_periph_reset_enable
    gd32f30x_adc.o(i.adc_deinit) refers to gd32f30x_rcu.o(i.rcu_periph_reset_disable) for rcu_periph_reset_disable
    gd32f30x_bkp.o(i.bkp_deinit) refers to gd32f30x_rcu.o(i.rcu_bkp_reset_enable) for rcu_bkp_reset_enable
    gd32f30x_bkp.o(i.bkp_deinit) refers to gd32f30x_rcu.o(i.rcu_bkp_reset_disable) for rcu_bkp_reset_disable
    gd32f30x_can.o(i.can_debug_freeze_disable) refers to gd32f30x_dbg.o(i.dbg_periph_enable) for dbg_periph_enable
    gd32f30x_can.o(i.can_debug_freeze_enable) refers to gd32f30x_dbg.o(i.dbg_periph_enable) for dbg_periph_enable
    gd32f30x_can.o(i.can_deinit) refers to gd32f30x_rcu.o(i.rcu_periph_reset_enable) for rcu_periph_reset_enable
    gd32f30x_can.o(i.can_deinit) refers to gd32f30x_rcu.o(i.rcu_periph_reset_disable) for rcu_periph_reset_disable
    gd32f30x_can.o(i.can_interrupt_flag_get) refers to gd32f30x_can.o(i.can_receive_message_length_get) for can_receive_message_length_get
    gd32f30x_can.o(i.can_interrupt_flag_get) refers to gd32f30x_can.o(i.can_error_get) for can_error_get
    gd32f30x_ctc.o(i.ctc_deinit) refers to gd32f30x_rcu.o(i.rcu_periph_reset_enable) for rcu_periph_reset_enable
    gd32f30x_ctc.o(i.ctc_deinit) refers to gd32f30x_rcu.o(i.rcu_periph_reset_disable) for rcu_periph_reset_disable
    gd32f30x_dac.o(i.dac_deinit) refers to gd32f30x_rcu.o(i.rcu_periph_reset_enable) for rcu_periph_reset_enable
    gd32f30x_dac.o(i.dac_deinit) refers to gd32f30x_rcu.o(i.rcu_periph_reset_disable) for rcu_periph_reset_disable
    gd32f30x_dma.o(i.dma_channel_disable) refers to gd32f30x_dma.o(i.dma_periph_and_channel_check) for dma_periph_and_channel_check
    gd32f30x_dma.o(i.dma_channel_enable) refers to gd32f30x_dma.o(i.dma_periph_and_channel_check) for dma_periph_and_channel_check
    gd32f30x_dma.o(i.dma_circulation_disable) refers to gd32f30x_dma.o(i.dma_periph_and_channel_check) for dma_periph_and_channel_check
    gd32f30x_dma.o(i.dma_circulation_enable) refers to gd32f30x_dma.o(i.dma_periph_and_channel_check) for dma_periph_and_channel_check
    gd32f30x_dma.o(i.dma_deinit) refers to gd32f30x_dma.o(i.dma_periph_and_channel_check) for dma_periph_and_channel_check
    gd32f30x_dma.o(i.dma_init) refers to gd32f30x_dma.o(i.dma_periph_and_channel_check) for dma_periph_and_channel_check
    gd32f30x_dma.o(i.dma_interrupt_disable) refers to gd32f30x_dma.o(i.dma_periph_and_channel_check) for dma_periph_and_channel_check
[...]
    Removing gd32f30x_spi.o(i.spi_i2s_interrupt_disable), (36 bytes).
    Removing gd32f30x_spi.o(i.spi_i2s_interrupt_enable), (36 bytes).
    Removing gd32f30x_spi.o(i.spi_i2s_interrupt_flag_get), (84 bytes).
    Removing gd32f30x_spi.o(i.spi_init), (46 bytes).
    Removing gd32f30x_spi.o(i.spi_nss_internal_high), (10 bytes).
    Removing gd32f30x_spi.o(i.spi_nss_internal_low), (10 bytes).
    Removing gd32f30x_spi.o(i.spi_nss_output_disable), (10 bytes).
    Removing gd32f30x_spi.o(i.spi_nss_output_enable), (10 bytes).
    Removing gd32f30x_spi.o(i.spi_nssp_mode_disable), (10 bytes).
    Removing gd32f30x_spi.o(i.spi_nssp_mode_enable), (10 bytes).
    Removing gd32f30x_spi.o(i.spi_struct_para_init), (18 bytes).
    Removing gd32f30x_spi.o(i.spi_ti_mode_disable), (10 bytes).
    Removing gd32f30x_spi.o(i.spi_ti_mode_enable), (10 bytes).
    Removing gd32f30x_timer.o(.rev16_text), (4 bytes).
    Removing gd32f30x_timer.o(.revsh_text), (4 bytes).
    Removing gd32f30x_timer.o(i.timer_auto_reload_shadow_disable), (10 bytes).
    Removing gd32f30x_timer.o(i.timer_auto_reload_shadow_enable), (10 bytes).
    Removing gd32f30x_timer.o(i.timer_automatic_output_disable), (10 bytes).
    Removing gd32f30x_timer.o(i.timer_automatic_output_enable), (10 bytes).
    Removing gd32f30x_timer.o(i.timer_autoreload_value_config), (4 bytes).
    Removing gd32f30x_timer.o(i.timer_break_config), (32 bytes).
    Removing gd32f30x_timer.o(i.timer_break_disable), (10 bytes).
    Removing gd32f30x_timer.o(i.timer_break_enable), (10 bytes).
    Removing gd32f30x_timer.o(i.timer_break_struct_para_init), (18 bytes).
    Removing gd32f30x_timer.o(i.timer_channel_capture_value_register_read), (34 bytes).
    Removing gd32f30x_timer.o(i.timer_channel_complementary_output_polarity_config), (58 bytes).
    Removing gd32f30x_timer.o(i.timer_channel_complementary_output_state_config), (58 bytes).
    Removing gd32f30x_timer.o(i.timer_channel_control_shadow_config), (20 bytes).
    Removing gd32f30x_timer.o(i.timer_channel_control_shadow_update_config), (24 bytes).
    Removing gd32f30x_timer.o(i.timer_channel_dma_request_source_select), (24 bytes).
    Removing gd32f30x_timer.o(i.timer_channel_input_capture_prescaler_config), (78 bytes).
    Removing gd32f30x_timer.o(i.timer_channel_input_struct_para_init), (14 bytes).
    Removing gd32f30x_timer.o(i.timer_channel_output_clear_config), (78 bytes).
    Removing gd32f30x_timer.o(i.timer_channel_output_config), (468 bytes).
    Removing gd32f30x_timer.o(i.timer_channel_output_fast_config), (78 bytes).
    Removing gd32f30x_timer.o(i.timer_channel_output_mode_config), (78 bytes).
    Removing gd32f30x_timer.o(i.timer_channel_output_polarity_config), (78 bytes).
    Removing gd32f30x_timer.o(i.timer_channel_output_pulse_value_config), (30 bytes).
    Removing gd32f30x_timer.o(i.timer_channel_output_shadow_config), (78 bytes).
    Removing gd32f30x_timer.o(i.timer_channel_output_state_config), (78 bytes).
    Removing gd32f30x_timer.o(i.timer_channel_output_struct_para_init), (16 bytes).
    Removing gd32f30x_timer.o(i.timer_counter_alignment), (16 bytes).
    Removing gd32f30x_timer.o(i.timer_counter_down_direction), (10 bytes).
    Removing gd32f30x_timer.o(i.timer_counter_read), (4 bytes).
    Removing gd32f30x_timer.o(i.timer_counter_up_direction), (10 bytes).
    Removing gd32f30x_timer.o(i.timer_counter_value_config), (4 bytes).
    Removing gd32f30x_timer.o(i.timer_deinit), (120 bytes).
    Removing gd32f30x_timer.o(i.timer_disable), (10 bytes).
    Removing gd32f30x_timer.o(i.timer_dma_disable), (8 bytes).
    Removing gd32f30x_timer.o(i.timer_dma_enable), (8 bytes).
    Removing gd32f30x_timer.o(i.timer_dma_transfer_config), (22 bytes).
    Removing gd32f30x_timer.o(i.timer_event_software_generate), (8 bytes).
    Removing gd32f30x_timer.o(i.timer_external_clock_mode0_config), (26 bytes).
    Removing gd32f30x_timer.o(i.timer_external_clock_mode1_config), (18 bytes).
    Removing gd32f30x_timer.o(i.timer_external_clock_mode1_disable), (10 bytes).
    Removing gd32f30x_timer.o(i.timer_external_trigger_as_external_clock_config), (156 bytes).
    Removing gd32f30x_timer.o(i.timer_external_trigger_config), (28 bytes).
    Removing gd32f30x_timer.o(i.timer_flag_clear), (6 bytes).
    Removing gd32f30x_timer.o(i.timer_flag_get), (10 bytes).
    Removing gd32f30x_timer.o(i.timer_hall_mode_config), (24 bytes).
    Removing gd32f30x_timer.o(i.timer_input_capture_config), (300 bytes).
    Removing gd32f30x_timer.o(i.timer_input_pwm_capture_config), (334 bytes).
    Removing gd32f30x_timer.o(i.timer_input_trigger_source_select), (16 bytes).
    Removing gd32f30x_timer.o(i.timer_internal_clock_config), (10 bytes).
    Removing gd32f30x_timer.o(i.timer_internal_trigger_as_external_clock_config), (26 bytes).
    Removing gd32f30x_timer.o(i.timer_interrupt_disable), (8 bytes).
    Removing gd32f30x_timer.o(i.timer_interrupt_flag_get), (20 bytes).
    Removing gd32f30x_timer.o(i.timer_master_output_trigger_source_select), (16 bytes).
    Removing gd32f30x_timer.o(i.timer_master_slave_mode_config), (24 bytes).
    Removing gd32f30x_timer.o(i.timer_output_value_selection_config), (30 bytes).
    Removing gd32f30x_timer.o(i.timer_prescaler_config), (16 bytes).
    Removing gd32f30x_timer.o(i.timer_prescaler_read), (6 bytes).
    Removing gd32f30x_timer.o(i.timer_primary_output_config), (20 bytes).
    Removing gd32f30x_timer.o(i.timer_quadrature_decoder_mode_config), (64 bytes).
    Removing gd32f30x_timer.o(i.timer_repetition_value_config), (4 bytes).
    Removing gd32f30x_timer.o(i.timer_single_pulse_mode_config), (24 bytes).
    Removing gd32f30x_timer.o(i.timer_slave_mode_select), (16 bytes).
    Removing gd32f30x_timer.o(i.timer_struct_para_init), (20 bytes).
    Removing gd32f30x_timer.o(i.timer_update_event_disable), (10 bytes).
    Removing gd32f30x_timer.o(i.timer_update_event_enable), (10 bytes).
    Removing gd32f30x_timer.o(i.timer_update_source_config), (24 bytes).
    Removing gd32f30x_timer.o(i.timer_write_chxval_register_config), (30 bytes).
    Removing gd32f30x_usart.o(.rev16_text), (4 bytes).
    Removing gd32f30x_usart.o(.revsh_text), (4 bytes).
    Removing gd32f30x_usart.o(i.usart_address_config), (20 bytes).
    Removing gd32f30x_usart.o(i.usart_block_length_config), (20 bytes).
    Removing gd32f30x_usart.o(i.usart_data_first_config), (18 bytes).
    Removing gd32f30x_usart.o(i.usart_data_receive), (8 bytes).
    Removing gd32f30x_usart.o(i.usart_disable), (10 bytes).
    Removing gd32f30x_usart.o(i.usart_dma_receive_config), (12 bytes).
    Removing gd32f30x_usart.o(i.usart_dma_transmit_config), (12 bytes).
    Removing gd32f30x_usart.o(i.usart_flag_clear), (20 bytes).
    Removing gd32f30x_usart.o(i.usart_guard_time_config), (24 bytes).
    Removing gd32f30x_usart.o(i.usart_halfduplex_disable), (10 bytes).
    Removing gd32f30x_usart.o(i.usart_halfduplex_enable), (10 bytes).
    Removing gd32f30x_usart.o(i.usart_interrupt_disable), (20 bytes).
    Removing gd32f30x_usart.o(i.usart_interrupt_enable), (20 bytes).
    Removing gd32f30x_usart.o(i.usart_interrupt_flag_clear), (20 bytes).
    Removing gd32f30x_usart.o(i.usart_interrupt_flag_get), (48 bytes).
    Removing gd32f30x_usart.o(i.usart_invert_config), (76 bytes).
    Removing gd32f30x_usart.o(i.usart_irda_lowpower_config), (20 bytes).
    Removing gd32f30x_usart.o(i.usart_irda_mode_disable), (10 bytes).
    Removing gd32f30x_usart.o(i.usart_irda_mode_enable), (10 bytes).
    Removing gd32f30x_usart.o(i.usart_lin_break_detection_length_config), (20 bytes).
    Removing gd32f30x_usart.o(i.usart_lin_mode_disable), (10 bytes).
    Removing gd32f30x_usart.o(i.usart_lin_mode_enable), (10 bytes).
    Removing gd32f30x_usart.o(i.usart_mute_mode_disable), (10 bytes).
    Removing gd32f30x_usart.o(i.usart_mute_mode_enable), (10 bytes).
    Removing gd32f30x_usart.o(i.usart_mute_mode_wakeup_config), (16 bytes).
    Removing gd32f30x_usart.o(i.usart_prescaler_config), (16 bytes).
    Removing gd32f30x_usart.o(i.usart_receiver_timeout_disable), (12 bytes).
    Removing gd32f30x_usart.o(i.usart_receiver_timeout_enable), (12 bytes).
    Removing gd32f30x_usart.o(i.usart_receiver_timeout_threshold_config), (18 bytes).
    Removing gd32f30x_usart.o(i.usart_send_break), (10 bytes).
    Removing gd32f30x_usart.o(i.usart_smartcard_autoretry_config), (24 bytes).
    Removing gd32f30x_usart.o(i.usart_smartcard_mode_disable), (10 bytes).
    Removing gd32f30x_usart.o(i.usart_smartcard_mode_enable), (10 bytes).
    Removing gd32f30x_usart.o(i.usart_smartcard_mode_nack_disable), (10 bytes).
    Removing gd32f30x_usart.o(i.usart_smartcard_mode_nack_enable), (10 bytes).
    Removing gd32f30x_usart.o(i.usart_synchronous_clock_config), (30 bytes).
    Removing gd32f30x_usart.o(i.usart_synchronous_clock_disable), (10 bytes).
    Removing gd32f30x_usart.o(i.usart_synchronous_clock_enable), (10 bytes).
    Removing gd32f30x_wwdgt.o(.rev16_text), (4 bytes).
    Removing gd32f30x_wwdgt.o(.revsh_text), (4 bytes).
    Removing gd32f30x_wwdgt.o(i.wwdgt_config), (44 bytes).
    Removing gd32f30x_wwdgt.o(i.wwdgt_counter_update), (24 bytes).
    Removing gd32f30x_wwdgt.o(i.wwdgt_deinit), (22 bytes).
    Removing gd32f30x_wwdgt.o(i.wwdgt_enable), (16 bytes).
    Removing gd32f30x_wwdgt.o(i.wwdgt_flag_clear), (16 bytes).
    Removing gd32f30x_wwdgt.o(i.wwdgt_flag_get), (16 bytes).
    Removing gd32f30x_wwdgt.o(i.wwdgt_interrupt_enable), (16 bytes).
    Removing gd32f303e_eval.o(.rev16_text), (4 bytes).
    Removing gd32f303e_eval.o(.revsh_text), (4 bytes).
    Removing gd32f303e_eval.o(i.gd_eval_com_init), (140 bytes).
    Removing gd32f303e_eval.o(i.gd_eval_key_init), (112 bytes).
    Removing gd32f303e_eval.o(i.gd_eval_key_state_get), (24 bytes).
    Removing gd32f303e_eval.o(i.gd_eval_led_init), (56 bytes).
    Removing gd32f303e_eval.o(i.gd_eval_led_off), (24 bytes).
    Removing gd32f303e_eval.o(i.gd_eval_led_on), (24 bytes).
    Removing gd32f303e_eval.o(i.gd_eval_led_toggle), (48 bytes).
    Removing gd32f303e_eval.o(.data), (140 bytes).
    Removing startup_gd32f30x_hd.o(HEAP), (1024 bytes).
    Removing key.o(.rev16_text), (4 bytes).
    Removing key.o(.revsh_text), (4 bytes).
    Removing key.o(i.key_init), (32 bytes).
    Removing key.o(i.key_state_get), (16 bytes).
    Removing led.o(.rev16_text), (4 bytes).
    Removing led.o(.revsh_text), (4 bytes).
    Removing led.o(i.led_init), (88 bytes).
    Removing led.o(i.led_off), (44 bytes).
    Removing led.o(i.led_on), (44 bytes).
    Removing i2c.o(.rev16_text), (4 bytes).
    Removing i2c.o(.revsh_text), (4 bytes).
    Removing i2c.o(i.I2C_ReadByte), (94 bytes).
    Removing i2c.o(i.I2C_ReadBytes), (108 bytes).
    Removing i2c.o(i.I2C_WriteByte), (74 bytes).
    Removing i2c.o(i.I2C_WriteBytes), (94 bytes).
    Removing i2c.o(i.IIC_Ack), (68 bytes).
    Removing i2c.o(i.IIC_Init), (72 bytes).
    Removing i2c.o(i.IIC_NAck), (68 bytes).
    Removing i2c.o(i.IIC_RecvByte), (100 bytes).
    Removing i2c.o(i.IIC_SendByte), (100 bytes).
    Removing i2c.o(i.IIC_SpeedCtl), (12 bytes).
    Removing i2c.o(i.IIC_Start), (72 bytes).
    Removing i2c.o(i.IIC_Stop), (72 bytes).
    Removing i2c.o(i.IIC_WaitAck), (164 bytes).
    Removing i2c.o(.data), (2 bytes).
    Removing delay.o(.rev16_text), (4 bytes).
    Removing delay.o(.revsh_text), (4 bytes).
    Removing system.o(.rev16_text), (4 bytes).
    Removing system.o(.revsh_text), (4 bytes).
    Removing uart_printf.o(.rev16_text), (4 bytes).
    Removing uart_printf.o(.revsh_text), (4 bytes).
    Removing timer.o(i.timer_expired), (28 bytes).
    Removing timer.o(i.timer_remaining), (18 bytes).
    Removing timer.o(i.timer_reset), (10 bytes).
    Removing timer.o(i.timer_restart), (12 bytes).
    Removing timer.o(i.timer_set), (14 bytes).
    Removing kfifo.o(i.kFifoAviable), (12 bytes).
    Removing kfifo.o(i.kFifoEmpty), (16 bytes).
    Removing kfifo.o(i.kFifoFull), (20 bytes).
    Removing kfifo.o(i.kFifoGet), (114 bytes).
    Removing kfifo.o(i.kFifoInit), (26 bytes).
    Removing kfifo.o(i.kFifoLen), (8 bytes).
    Removing kfifo.o(i.kFifoPeer), (108 bytes).
    Removing kfifo.o(i.kFifoPut), (122 bytes).
    Removing kfifo.o(i.kFifoReset), (8 bytes).
    Removing test_task.o(.rev16_text), (4 bytes).
    Removing test_task.o(.revsh_text), (4 bytes).
    Removing osal.o(.rev16_text), (4 bytes).
    Removing osal.o(.revsh_text), (4 bytes).
    Removing osal.o(i.OS_GetTickCount), (4 bytes).
    Removing osal.o(i.OS_TaskDelete), (4 bytes).
    Removing osal.o(i.OS_TaskSetPriority), (4 bytes).
    Removing osal.o(i.OS_TickDelay), (4 bytes).
    Removing osal.o(i.OS_TickDelayUntil), (4 bytes).
    Removing event_groups.o(i.prvTestWaitCondition), (20 bytes).
    Removing event_groups.o(i.vEventGroupClearBitsCallback), (4 bytes).
    Removing event_groups.o(i.vEventGroupDelete), (128 bytes).
    Removing event_groups.o(i.vEventGroupSetBitsCallback), (4 bytes).
    Removing event_groups.o(i.xEventGroupClearBits), (132 bytes).
    Removing event_groups.o(i.xEventGroupCreate), (26 bytes).
    Removing event_groups.o(i.xEventGroupGetBitsFromISR), (26 bytes).
    Removing event_groups.o(i.xEventGroupSetBits), (208 bytes).
    Removing event_groups.o(i.xEventGroupSync), (276 bytes).
    Removing event_groups.o(i.xEventGroupWaitBits), (356 bytes).
    Removing event_groups.o(.constdata), (94 bytes).
    Removing queue.o(i.prvCopyDataFromQueue), (38 bytes).
    Removing queue.o(i.prvCopyDataToQueue), (90 bytes).
    Removing queue.o(i.prvIsQueueEmpty), (26 bytes).
    Removing queue.o(i.prvUnlockQueue), (106 bytes).
    Removing queue.o(i.uxQueueMessagesWaiting), (92 bytes).
    Removing queue.o(i.uxQueueMessagesWaitingFromISR), (80 bytes).
    Removing queue.o(i.uxQueueSpacesAvailable), (96 bytes).
    Removing queue.o(i.vQueueDelete), (84 bytes).
    Removing queue.o(i.xQueueGenericCreate), (196 bytes).
    Removing queue.o(i.xQueueGenericReset), (192 bytes).
    Removing queue.o(i.xQueueGenericSend), (448 bytes).
    Removing queue.o(i.xQueueGenericSendFromISR), (304 bytes).
    Removing queue.o(i.xQueueGiveFromISR), (268 bytes).
    Removing queue.o(i.xQueueIsQueueEmptyFromISR), (88 bytes).
    Removing queue.o(i.xQueueIsQueueFullFromISR), (92 bytes).
    Removing queue.o(i.xQueuePeek), (392 bytes).
    Removing queue.o(i.xQueuePeekFromISR), (200 bytes).
    Removing queue.o(i.xQueueReceive), (392 bytes).
    Removing queue.o(i.xQueueReceiveFromISR), (256 bytes).
    Removing queue.o(i.xQueueSemaphoreTake), (376 bytes).
    Removing queue.o(.constdata), (324 bytes).
    Removing tasks.o(i.prvTaskIsTaskSuspended), (112 bytes).
    Removing tasks.o(i.ulTaskGenericNotifyTake), (176 bytes).
    Removing tasks.o(i.ulTaskGenericNotifyValueClear), (44 bytes).
    Removing tasks.o(i.uxTaskGetNumberOfTasks), (12 bytes).
    Removing tasks.o(i.uxTaskPriorityGetFromISR), (44 bytes).
    Removing tasks.o(i.uxTaskResetEventItemValue), (24 bytes).
    Removing tasks.o(i.vTaskDelete), (232 bytes).
    Removing tasks.o(i.vTaskEndScheduler), (28 bytes).
    Removing tasks.o(i.vTaskGenericNotifyGiveFromISR), (276 bytes).
    Removing tasks.o(i.vTaskInternalSetTimeOutState), (16 bytes).
    Removing tasks.o(i.vTaskMissedYield), (12 bytes).
    Removing tasks.o(i.vTaskPlaceOnEventList), (104 bytes).
    Removing tasks.o(i.vTaskPlaceOnUnorderedEventList), (144 bytes).
    Removing tasks.o(i.vTaskPrioritySet), (244 bytes).
    Removing tasks.o(i.vTaskRemoveFromUnorderedEventList), (180 bytes).
    Removing tasks.o(i.vTaskResume), (180 bytes).
    Removing tasks.o(i.vTaskSetTimeOutState), (104 bytes).
    Removing tasks.o(i.vTaskSuspend), (252 bytes).
    Removing tasks.o(i.xTaskCatchUpTicks), (104 bytes).
    Removing tasks.o(i.xTaskCheckForTimeOut), (192 bytes).
    Removing tasks.o(i.xTaskDelayUntil), (228 bytes).
    Removing tasks.o(i.xTaskGenericNotify), (332 bytes).
    Removing tasks.o(i.xTaskGenericNotifyFromISR), (364 bytes).
    Removing tasks.o(i.xTaskGenericNotifyStateClear), (124 bytes).
    Removing tasks.o(i.xTaskGenericNotifyWait), (212 bytes).
    Removing tasks.o(i.xTaskGetCurrentTaskHandle), (12 bytes).
    Removing tasks.o(i.xTaskGetSchedulerState), (28 bytes).
    Removing tasks.o(i.xTaskGetTickCount), (12 bytes).
    Removing tasks.o(i.xTaskGetTickCountFromISR), (16 bytes).
    Removing tasks.o(i.xTaskRemoveFromEventList), (172 bytes).
    Removing tasks.o(i.xTaskResumeFromISR), (200 bytes).
    Removing port.o(i.vPortEndScheduler), (92 bytes).
    Removing port.o(i.vPortValidateInterruptPriority), (152 bytes).
    Removing heap_4.o(i.vPortGetHeapStats), (108 bytes).
    Removing heap_4.o(i.vPortInitialiseBlocks), (2 bytes).
    Removing heap_4.o(i.xPortGetFreeHeapSize), (12 bytes).
    Removing heap_4.o(i.xPortGetMinimumEverFreeHeapSize), (12 bytes).
    Removing dadd.o(.text), (334 bytes).
    Removing dmul.o(.text), (228 bytes).
    Removing ddiv.o(.text), (222 bytes).
    Removing dfixul.o(.text), (48 bytes).
    Removing cdrcmple.o(.text), (48 bytes).
    Removing depilogue.o(.text), (186 bytes).

770 unused section(s) (total 33010 bytes) removed from the image.

==============================================================================

Image Symbol Table

    Local Symbols

    Symbol Name                              Value     Ov Type        Size  Object(Section)

    ../clib/microlib/division.c              0x00000000   Number         0  uidiv.o ABSOLUTE
    ../clib/microlib/division.c              0x00000000   Number         0  uldiv.o ABSOLUTE
    ../clib/microlib/init/entry.s            0x00000000   Number         0  entry8a.o ABSOLUTE
    ../clib/microlib/init/entry.s            0x00000000   Number         0  entry7b.o ABSOLUTE
    ../clib/microlib/init/entry.s            0x00000000   Number         0  entry5.o ABSOLUTE
    ../clib/microlib/init/entry.s            0x00000000   Number         0  entry.o ABSOLUTE
    ../clib/microlib/init/entry.s            0x00000000   Number         0  entry11b.o ABSOLUTE
    ../clib/microlib/init/entry.s            0x00000000   Number         0  entry12a.o ABSOLUTE
    ../clib/microlib/init/entry.s            0x00000000   Number         0  entry12b.o ABSOLUTE
    ../clib/microlib/init/entry.s            0x00000000   Number         0  entry10a.o ABSOLUTE
    ../clib/microlib/init/entry.s            0x00000000   Number         0  entry9b.o ABSOLUTE
    ../clib/microlib/init/entry.s            0x00000000   Number         0  entry7a.o ABSOLUTE
    ../clib/microlib/init/entry.s            0x00000000   Number         0  entry9a.o ABSOLUTE
    ../clib/microlib/init/entry.s            0x00000000   Number         0  entry10b.o ABSOLUTE
    ../clib/microlib/init/entry.s            0x00000000   Number         0  entry11a.o ABSOLUTE
    ../clib/microlib/init/entry.s            0x00000000   Number         0  entry2.o ABSOLUTE
    ../clib/microlib/init/entry.s            0x00000000   Number         0  entry8b.o ABSOLUTE
    ../clib/microlib/longlong.c              0x00000000   Number         0  llsshr.o ABSOLUTE
    ../clib/microlib/longlong.c              0x00000000   Number         0  llushr.o ABSOLUTE
    ../clib/microlib/longlong.c              0x00000000   Number         0  llshl.o ABSOLUTE
    ../clib/microlib/printf/printf.c         0x00000000   Number         0  printf1.o ABSOLUTE
    ../clib/microlib/printf/printf.c         0x00000000   Number         0  printf4.o ABSOLUTE
    ../clib/microlib/printf/printf.c         0x00000000   Number         0  printf5.o ABSOLUTE
    ../clib/microlib/printf/printf.c         0x00000000   Number         0  printf6.o ABSOLUTE
    ../clib/microlib/printf/printf.c         0x00000000   Number         0  printf7.o ABSOLUTE
    ../clib/microlib/printf/printf.c         0x00000000   Number         0  printf8.o ABSOLUTE
    ../clib/microlib/printf/printf.c         0x00000000   Number         0  printfa.o ABSOLUTE
    ../clib/microlib/printf/printf.c         0x00000000   Number         0  printfb.o ABSOLUTE
    ../clib/microlib/printf/printf.c         0x00000000   Number         0  printf0.o ABSOLUTE
    ../clib/microlib/printf/printf.c         0x00000000   Number         0  printf2.o ABSOLUTE
    ../clib/microlib/printf/printf.c         0x00000000   Number         0  printf3.o ABSOLUTE
    ../clib/microlib/printf/stubs.s          0x00000000   Number         0  stubs.o ABSOLUTE
    ../clib/microlib/stdio/streams.c         0x00000000   Number         0  stdout.o ABSOLUTE
    ../clib/microlib/string/memcpy.c         0x00000000   Number         0  memcpya.o ABSOLUTE
    ../clib/microlib/string/memcpy.c         0x00000000   Number         0  memcpyb.o ABSOLUTE
    ../clib/microlib/string/memset.c         0x00000000   Number         0  memseta.o ABSOLUTE
    ../clib/microlib/string/strrchr.c        0x00000000   Number         0  strrchr.o ABSOLUTE
    ../clib/microlib/stubs.s                 0x00000000   Number         0  iusefp.o ABSOLUTE
    ../fplib/microlib/fpadd.c                0x00000000   Number         0  dadd.o ABSOLUTE
    ../fplib/microlib/fpdiv.c                0x00000000   Number         0  ddiv.o ABSOLUTE
    ../fplib/microlib/fpepilogue.c           0x00000000   Number         0  depilogue.o ABSOLUTE
    ../fplib/microlib/fpfix.c                0x00000000   Number         0  dfixul.o ABSOLUTE
    ../fplib/microlib/fpmul.c                0x00000000   Number         0  dmul.o ABSOLUTE
    ..\..\..\Library\Firmware\CMSIS\GD\GD32F30x\Source\ARM\startup_gd32f30x_hd.s 0x00000000   Number         0  startup_gd32f30x_hd.o ABSOLUTE
    ..\..\..\Library\Firmware\CMSIS\GD\GD32F30x\Source\system_gd32f30x.c 0x00000000   Number         0  system_gd32f30x.o ABSOLUTE
    ..\..\..\Library\Firmware\GD32F30x_standard_peripheral\Source\gd32f30x_adc.c 0x00000000   Number         0  gd32f30x_adc.o ABSOLUTE
    ..\..\..\Library\Firmware\GD32F30x_standard_peripheral\Source\gd32f30x_bkp.c 0x00000000   Number         0  gd32f30x_bkp.o ABSOLUTE
    ..\..\..\Library\Firmware\GD32F30x_standard_peripheral\Source\gd32f30x_can.c 0x00000000   Number         0  gd32f30x_can.o ABSOLUTE
    ..\..\..\Library\Firmware\GD32F30x_standard_peripheral\Source\gd32f30x_crc.c 0x00000000   Number         0  gd32f30x_crc.o ABSOLUTE
    ..\..\..\Library\Firmware\GD32F30x_standard_peripheral\Source\gd32f30x_ctc.c 0x00000000   Number         0  gd32f30x_ctc.o ABSOLUTE
    ..\..\..\Library\Firmware\GD32F30x_standard_peripheral\Source\gd32f30x_dac.c 0x00000000   Number         0  gd32f30x_dac.o ABSOLUTE
    ..\..\..\Library\Firmware\GD32F30x_standard_peripheral\Source\gd32f30x_dbg.c 0x00000000   Number         0  gd32f30x_dbg.o ABSOLUTE
    ..\..\..\Library\Firmware\GD32F30x_standard_peripheral\Source\gd32f30x_dma.c 0x00000000   Number         0  gd32f30x_dma.o ABSOLUTE
    ..\..\..\Library\Firmware\GD32F30x_standard_peripheral\Source\gd32f30x_enet.c 0x00000000   Number         0  gd32f30x_enet.o ABSOLUTE
    ..\..\..\Library\Firmware\GD32F30x_standard_peripheral\Source\gd32f30x_exmc.c 0x00000000   Number         0  gd32f30x_exmc.o ABSOLUTE
    ..\..\..\Library\Firmware\GD32F30x_standard_peripheral\Source\gd32f30x_exti.c 0x00000000   Number         0  gd32f30x_exti.o ABSOLUTE
    ..\..\..\Library\Firmware\GD32F30x_standard_peripheral\Source\gd32f30x_fmc.c 0x00000000   Number         0  gd32f30x_fmc.o ABSOLUTE
    ..\..\..\Library\Firmware\GD32F30x_standard_peripheral\Source\gd32f30x_fwdgt.c 0x00000000   Number         0  gd32f30x_fwdgt.o ABSOLUTE
    ..\..\..\Library\Firmware\GD32F30x_standard_peripheral\Source\gd32f30x_gpio.c 0x00000000   Number         0  gd32f30x_gpio.o ABSOLUTE
    ..\..\..\Library\Firmware\GD32F30x_standard_peripheral\Source\gd32f30x_i2c.c 0x00000000   Number         0  gd32f30x_i2c.o ABSOLUTE
    ..\..\..\Library\Firmware\GD32F30x_standard_peripheral\Source\gd32f30x_misc.c 0x00000000   Number         0  gd32f30x_misc.o ABSOLUTE
    ..\..\..\Library\Firmware\GD32F30x_standard_peripheral\Source\gd32f30x_pmu.c 0x00000000   Number         0  gd32f30x_pmu.o ABSOLUTE
    ..\..\..\Library\Firmware\GD32F30x_standard_peripheral\Source\gd32f30x_rcu.c 0x00000000   Number         0  gd32f30x_rcu.o ABSOLUTE
    ..\..\..\Library\Firmware\GD32F30x_standard_peripheral\Source\gd32f30x_rtc.c 0x00000000   Number         0  gd32f30x_rtc.o ABSOLUTE
    ..\..\..\Library\Firmware\GD32F30x_standard_peripheral\Source\gd32f30x_sdio.c 0x00000000   Number         0  gd32f30x_sdio.o ABSOLUTE
    ..\..\..\Library\Firmware\GD32F30x_standard_peripheral\Source\gd32f30x_spi.c 0x00000000   Number         0  gd32f30x_spi.o ABSOLUTE
    ..\..\..\Library\Firmware\GD32F30x_standard_peripheral\Source\gd32f30x_timer.c 0x00000000   Number         0  gd32f30x_timer.o ABSOLUTE
    ..\..\..\Library\Firmware\GD32F30x_standard_peripheral\Source\gd32f30x_usart.c 0x00000000   Number         0  gd32f30x_usart.o ABSOLUTE
    ..\..\..\Library\Firmware\GD32F30x_standard_peripheral\Source\gd32f30x_wwdgt.c 0x00000000   Number         0  gd32f30x_wwdgt.o ABSOLUTE
    ..\..\..\Library\Utilities\gd32f303e_eval.c 0x00000000   Number         0  gd32f303e_eval.o ABSOLUTE
    ..\\..\\..\\Library\\Firmware\\CMSIS\\GD\\GD32F30x\\Source\\system_gd32f30x.c 0x00000000   Number         0  system_gd32f30x.o ABSOLUTE
    ..\\..\\..\\Library\\Firmware\\GD32F30x_standard_peripheral\\Source\\gd32f30x_adc.c 0x00000000   Number         0  gd32f30x_adc.o ABSOLUTE
    ..\\..\\..\\Library\\Firmware\\GD32F30x_standard_peripheral\\Source\\gd32f30x_bkp.c 0x00000000   Number         0  gd32f30x_bkp.o ABSOLUTE
    ..\\..\\..\\Library\\Firmware\\GD32F30x_standard_peripheral\\Source\\gd32f30x_can.c 0x00000000   Number         0  gd32f30x_can.o ABSOLUTE
    ..\\..\\..\\Library\\Firmware\\GD32F30x_standard_peripheral\\Source\\gd32f30x_crc.c 0x00000000   Number         0  gd32f30x_crc.o ABSOLUTE
    ..\\..\\..\\Library\\Firmware\\GD32F30x_standard_peripheral\\Source\\gd32f30x_ctc.c 0x00000000   Number         0  gd32f30x_ctc.o ABSOLUTE
    ..\\..\\..\\Library\\Firmware\\GD32F30x_standard_peripheral\\Source\\gd32f30x_dac.c 0x00000000   Number         0  gd32f30x_dac.o ABSOLUTE
    ..\\..\\..\\Library\\Firmware\\GD32F30x_standard_peripheral\\Source\\gd32f30x_dbg.c 0x00000000   Number         0  gd32f30x_dbg.o ABSOLUTE
    ..\\..\\..\\Library\\Firmware\\GD32F30x_standard_peripheral\\Source\\gd32f30x_dma.c 0x00000000   Number         0  gd32f30x_dma.o ABSOLUTE
    ..\\..\\..\\Library\\Firmware\\GD32F30x_standard_peripheral\\Source\\gd32f30x_enet.c 0x00000000   Number         0  gd32f30x_enet.o ABSOLUTE
    ..\\..\\..\\Library\\Firmware\\GD32F30x_standard_peripheral\\Source\\gd32f30x_exmc.c 0x00000000   Number         0  gd32f30x_exmc.o ABSOLUTE
    ..\\..\\..\\Library\\Firmware\\GD32F30x_standard_peripheral\\Source\\gd32f30x_exti.c 0x00000000   Number         0  gd32f30x_exti.o ABSOLUTE
    ..\\..\\..\\Library\\Firmware\\GD32F30x_standard_peripheral\\Source\\gd32f30x_fmc.c 0x00000000   Number         0  gd32f30x_fmc.o ABSOLUTE
    ..\\..\\..\\Library\\Firmware\\GD32F30x_standard_peripheral\\Source\\gd32f30x_fwdgt.c 0x00000000   Number         0  gd32f30x_fwdgt.o ABSOLUTE
    ..\\..\\..\\Library\\Firmware\\GD32F30x_standard_peripheral\\Source\\gd32f30x_gpio.c 0x00000000   Number         0  gd32f30x_gpio.o ABSOLUTE
    ..\\..\\..\\Library\\Firmware\\GD32F30x_standard_peripheral\\Source\\gd32f30x_i2c.c 0x00000000   Number         0  gd32f30x_i2c.o ABSOLUTE
    ..\\..\\..\\Library\\Firmware\\GD32F30x_standard_peripheral\\Source\\gd32f30x_misc.c 0x00000000   Number         0  gd32f30x_misc.o ABSOLUTE
    ..\\..\\..\\Library\\Firmware\\GD32F30x_standard_peripheral\\Source\\gd32f30x_pmu.c 0x00000000   Number         0  gd32f30x_pmu.o ABSOLUTE
    ..\\..\\..\\Library\\Firmware\\GD32F30x_standard_peripheral\\Source\\gd32f30x_rcu.c 0x00000000   Number         0  gd32f30x_rcu.o ABSOLUTE
    ..\\..\\..\\Library\\Firmware\\GD32F30x_standard_peripheral\\Source\\gd32f30x_rtc.c 0x00000000   Number         0  gd32f30x_rtc.o ABSOLUTE
    ..\\..\\..\\Library\\Firmware\\GD32F30x_standard_peripheral\\Source\\gd32f30x_sdio.c 0x00000000   Number         0  gd32f30x_sdio.o ABSOLUTE
    ..\\..\\..\\Library\\Firmware\\GD32F30x_standard_peripheral\\Source\\gd32f30x_spi.c 0x00000000   Number         0  gd32f30x_spi.o ABSOLUTE
    ..\\..\\..\\Library\\Firmware\\GD32F30x_standard_peripheral\\Source\\gd32f30x_timer.c 0x00000000   Number         0  gd32f30x_timer.o ABSOLUTE
    ..\\..\\..\\Library\\Firmware\\GD32F30x_standard_peripheral\\Source\\gd32f30x_usart.c 0x00000000   Number         0  gd32f30x_usart.o ABSOLUTE
    ..\\..\\..\\Library\\Firmware\\GD32F30x_standard_peripheral\\Source\\gd32f30x_wwdgt.c 0x00000000   Number         0  gd32f30x_wwdgt.o ABSOLUTE
    ..\\..\\..\\Library\\Utilities\\gd32f303e_eval.c 0x00000000   Number         0  gd32f303e_eval.o ABSOLUTE
    ..\\bsp\\delay\\delay.c                  0x00000000   Number         0  delay.o ABSOLUTE
    ..\\bsp\\i2c\\i2c.c                      0x00000000   Number         0  i2c.o ABSOLUTE
    ..\\bsp\\key\\key.c                      0x00000000   Number         0  key.o ABSOLUTE
    ..\\bsp\\led\\led.c                      0x00000000   Number         0  led.o ABSOLUTE
    ..\\gd32f30x_it.c                        0x00000000   Number         0  gd32f30x_it.o ABSOLUTE
    ..\\main.c                               0x00000000   Number         0  main.o ABSOLUTE
    ..\\osal\\FreeRTOS\\kernel\\portable\\RVDS\\ARM_CM4F\\port.c 0x00000000   Number         0  port.o ABSOLUTE
    ..\\osal\\osal.c                         0x00000000   Number         0  osal.o ABSOLUTE
    ..\\source\\output\\uart_printf.c        0x00000000   Number         0  uart_printf.o ABSOLUTE
    ..\\source\\system\\system.c             0x00000000   Number         0  system.o ABSOLUTE
    ..\\source\\system\\test_task.c          0x00000000   Number         0  test_task.o ABSOLUTE
    ..\\systick.c                            0x00000000   Number         0  systick.o ABSOLUTE
    ..\bsp\delay\delay.c                     0x00000000   Number         0  delay.o ABSOLUTE
    ..\bsp\i2c\i2c.c                         0x00000000   Number         0  i2c.o ABSOLUTE
    ..\bsp\key\key.c                         0x00000000   Number         0  key.o ABSOLUTE
    ..\bsp\led\led.c                         0x00000000   Number         0  led.o ABSOLUTE
    ..\gd32f30x_it.c                         0x00000000   Number         0  gd32f30x_it.o ABSOLUTE
    ..\main.c                                0x00000000   Number         0  main.o ABSOLUTE
    ..\osal\FreeRTOS\kernel\croutine.c       0x00000000   Number         0  croutine.o ABSOLUTE
    ..\osal\FreeRTOS\kernel\event_groups.c   0x00000000   Number         0  event_groups.o ABSOLUTE
    ..\osal\FreeRTOS\kernel\list.c           0x00000000   Number         0  list.o ABSOLUTE
    ..\osal\FreeRTOS\kernel\portable\MemMang\heap_4.c 0x00000000   Number         0  heap_4.o ABSOLUTE
    ..\osal\FreeRTOS\kernel\portable\RVDS\ARM_CM4F\port.c 0x00000000   Number         0  port.o ABSOLUTE
    ..\osal\FreeRTOS\kernel\queue.c          0x00000000   Number         0  queue.o ABSOLUTE
    ..\osal\FreeRTOS\kernel\tasks.c          0x00000000   Number         0  tasks.o ABSOLUTE
    ..\osal\FreeRTOS\kernel\timers.c         0x00000000   Number         0  timers.o ABSOLUTE
    ..\osal\osal.c                           0x00000000   Number         0  osal.o ABSOLUTE
    ..\source\common\kfifo.c                 0x00000000   Number         0  kfifo.o ABSOLUTE
    ..\source\common\timer.c                 0x00000000   Number         0  timer.o ABSOLUTE
    ..\source\common\util.c                  0x00000000   Number         0  util.o ABSOLUTE
    ..\source\output\uart_printf.c           0x00000000   Number         0  uart_printf.o ABSOLUTE
    ..\source\system\system.c                0x00000000   Number         0  system.o ABSOLUTE
    ..\source\system\test_task.c             0x00000000   Number         0  test_task.o ABSOLUTE
    ..\systick.c                             0x00000000   Number         0  systick.o ABSOLUTE
    cdrcmple.s                               0x00000000   Number         0  cdrcmple.o ABSOLUTE
    dc.s                                     0x00000000   Number         0  dc.o ABSOLUTE
    handlers.s                               0x00000000   Number         0  handlers.o ABSOLUTE
    init.s                                   0x00000000   Number         0  init.o ABSOLUTE
    RESET                                    0x08000000   Section      304  startup_gd32f30x_hd.o(RESET)
    .ARM.Collect$$$$00000000                 0x08000130   Section        0  entry.o(.ARM.Collect$$$$00000000)
    .ARM.Collect$$$$00000001                 0x08000130   Section        4  entry2.o(.ARM.Collect$$$$00000001)
    .ARM.Collect$$$$00000004                 0x08000134   Section        4  entry5.o(.ARM.Collect$$$$00000004)
    .ARM.Collect$$$$00000008                 0x08000138   Section        0  entry7b.o(.ARM.Collect$$$$00000008)
    .ARM.Collect$$$$0000000A                 0x08000138   Section        0  entry8b.o(.ARM.Collect$$$$0000000A)
    .ARM.Collect$$$$0000000B                 0x08000138   Section        8  entry9a.o(.ARM.Collect$$$$0000000B)
    .ARM.Collect$$$$0000000E                 0x08000140   Section        4  entry12b.o(.ARM.Collect$$$$0000000E)
    .ARM.Collect$$$$0000000F                 0x08000144   Section        0  entry10a.o(.ARM.Collect$$$$0000000F)
    .ARM.Collect$$$$00000011                 0x08000144   Section        0  entry11a.o(.ARM.Collect$$$$00000011)
    .ARM.Collect$$$$00002712                 0x08000144   Section        4  entry2.o(.ARM.Collect$$$$00002712)
    __lit__00000000                          0x08000144   Data           4  entry2.o(.ARM.Collect$$$$00002712)
    .emb_text                                0x08000148   Section      190  port.o(.emb_text)
    $v0                                      0x08000148   Number         0  port.o(.emb_text)
    .text                                    0x08000208   Section       36  startup_gd32f30x_hd.o(.text)
    $v0                                      0x08000208   Number         0  startup_gd32f30x_hd.o(.text)
    .text                                    0x0800022c   Section        0  memseta.o(.text)
    .text                                    0x08000250   Section        0  strrchr.o(.text)
    .text                                    0x08000266   Section        0  uidiv.o(.text)
    .text                                    0x08000294   Section       36  init.o(.text)
    i.BusFault_Handler                       0x080002b8   Section        0  gd32f30x_it.o(i.BusFault_Handler)
    i.DebugMon_Handler                       0x080002cc   Section        0  gd32f30x_it.o(i.DebugMon_Handler)
    i.HardFault_Handler                      0x080002d0   Section        0  gd32f30x_it.o(i.HardFault_Handler)
    i.MemManage_Handler                      0x080002e4   Section        0  gd32f30x_it.o(i.MemManage_Handler)
    i.NMI_Handler                            0x080002f8   Section        0  gd32f30x_it.o(i.NMI_Handler)
    i.OS_GetVersion                          0x08000308   Section        0  osal.o(i.OS_GetVersion)
    i.OS_Init                                0x08000320   Section        0  osal.o(i.OS_Init)
    i.OS_MsDelay                             0x0800034c   Section        0  osal.o(i.OS_MsDelay)
    i.OS_StartScheduler                      0x08000350   Section        0  osal.o(i.OS_StartScheduler)
    i.OS_TaskCreate                          0x08000354   Section        0  osal.o(i.OS_TaskCreate)
    i.OS_TaskGetFreeStackSpace               0x0800036a   Section        0  osal.o(i.OS_TaskGetFreeStackSpace)
    i.OS_TaskGetName                         0x0800036e   Section        0  osal.o(i.OS_TaskGetName)
    i.OS_TaskGetPriority                     0x08000372   Section        0  osal.o(i.OS_TaskGetPriority)
    i.PendSV_Handler                         0x08000376   Section        0  gd32f30x_it.o(i.PendSV_Handler)
    i.SVC_Handler                            0x0800037a   Section        0  gd32f30x_it.o(i.SVC_Handler)
    i.SysTick_Handler                        0x0800037e   Section        0  gd32f30x_it.o(i.SysTick_Handler)
    i.SystemInit                             0x0800038c   Section        0  system_gd32f30x.o(i.SystemInit)
    i.TIMER6_IRQHandler                      0x080003e8   Section        0  delay.o(i.TIMER6_IRQHandler)
    i.UsageFault_Handler                     0x08000404   Section        0  gd32f30x_it.o(i.UsageFault_Handler)
    i.__0printf$3                            0x08000418   Section        0  printf3.o(i.__0printf$3)
    i.__scatterload_copy                     0x08000438   Section       14  handlers.o(i.__scatterload_copy)
    i.__scatterload_null                     0x08000446   Section        2  handlers.o(i.__scatterload_null)
    i.__scatterload_zeroinit                 0x08000448   Section       14  handlers.o(i.__scatterload_zeroinit)
    i._printf_core                           0x08000458   Section        0  printf3.o(i._printf_core)
    _printf_core                             0x08000459   Thumb Code   436  printf3.o(i._printf_core)
    i.delay_decrement                        0x08000610   Section        0  systick.o(i.delay_decrement)
    i.delay_init                             0x08000624   Section        0  delay.o(i.delay_init)
    i.delay_ms                               0x08000628   Section        0  delay.o(i.delay_ms)
    i.delay_timer_init                       0x08000634   Section        0  delay.o(i.delay_timer_init)
    i.delay_us                               0x08000680   Section        0  delay.o(i.delay_us)
    i.fputc                                  0x08000694   Section        0  uart_printf.o(i.fputc)
    i.get_complie_time                       0x080006b8   Section        0  util.o(i.get_complie_time)
    i.gpio_init                              0x080006c8   Section        0  gd32f30x_gpio.o(i.gpio_init)
    i.main                                   0x08000768   Section        0  main.o(i.main)
    i.nvic_irq_enable                        0x08000788   Section        0  gd32f30x_misc.o(i.nvic_irq_enable)
    i.nvic_priority_group_set                0x0800081c   Section        0  gd32f30x_misc.o(i.nvic_priority_group_set)
    i.pcTaskGetName                          0x08000830   Section        0  tasks.o(i.pcTaskGetName)
    i.prvAddCurrentTaskToDelayedList         0x0800088c   Section        0  tasks.o(i.prvAddCurrentTaskToDelayedList)
    prvAddCurrentTaskToDelayedList           0x0800088d   Thumb Code   102  tasks.o(i.prvAddCurrentTaskToDelayedList)
    i.prvAddNewTaskToReadyList               0x080008fc   Section        0  tasks.o(i.prvAddNewTaskToReadyList)
    prvAddNewTaskToReadyList                 0x080008fd   Thumb Code   194  tasks.o(i.prvAddNewTaskToReadyList)
    i.prvDeleteTCB                           0x080009cc   Section        0  tasks.o(i.prvDeleteTCB)
    prvDeleteTCB                             0x080009cd   Thumb Code    20  tasks.o(i.prvDeleteTCB)
    i.prvHeapInit                            0x080009e0   Section        0  heap_4.o(i.prvHeapInit)
    prvHeapInit                              0x080009e1   Thumb Code    66  heap_4.o(i.prvHeapInit)
    i.prvIdleTask                            0x08000a2c   Section        0  tasks.o(i.prvIdleTask)
    prvIdleTask                              0x08000a2d   Thumb Code    80  tasks.o(i.prvIdleTask)
    i.prvInitialiseNewTask                   0x08000a88   Section        0  tasks.o(i.prvInitialiseNewTask)
    prvInitialiseNewTask                     0x08000a89   Thumb Code   178  tasks.o(i.prvInitialiseNewTask)
    i.prvInsertBlockIntoFreeList             0x08000b68   Section        0  heap_4.o(i.prvInsertBlockIntoFreeList)
    prvInsertBlockIntoFreeList               0x08000b69   Thumb Code    72  heap_4.o(i.prvInsertBlockIntoFreeList)
    i.prvResetNextTaskUnblockTime            0x08000bb4   Section        0  tasks.o(i.prvResetNextTaskUnblockTime)
    prvResetNextTaskUnblockTime              0x08000bb5   Thumb Code    24  tasks.o(i.prvResetNextTaskUnblockTime)
    i.prvTaskExitError                       0x08000bd0   Section        0  port.o(i.prvTaskExitError)
    prvTaskExitError                         0x08000bd1   Thumb Code    46  port.o(i.prvTaskExitError)
    i.pvPortMalloc                           0x08000c30   Section        0  heap_4.o(i.pvPortMalloc)
    i.pxPortInitialiseStack                  0x08000d68   Section        0  port.o(i.pxPortInitialiseStack)
    i.rcu_clock_freq_get                     0x08000d94   Section        0  gd32f30x_rcu.o(i.rcu_clock_freq_get)
    i.rcu_periph_clock_enable                0x08000e8c   Section        0  gd32f30x_rcu.o(i.rcu_periph_clock_enable)
    i.rcu_periph_reset_disable               0x08000ea8   Section        0  gd32f30x_rcu.o(i.rcu_periph_reset_disable)
    i.rcu_periph_reset_enable                0x08000ec4   Section        0  gd32f30x_rcu.o(i.rcu_periph_reset_enable)
    i.system_clock_120m_hxtal                0x08000ee0   Section        0  system_gd32f30x.o(i.system_clock_120m_hxtal)
    system_clock_120m_hxtal                  0x08000ee1   Thumb Code   170  system_gd32f30x.o(i.system_clock_120m_hxtal)
    i.system_init                            0x08000f9c   Section        0  system.o(i.system_init)
    i.test_task                              0x08000fd8   Section        0  test_task.o(i.test_task)
    test_task                                0x08000fd9   Thumb Code   104  test_task.o(i.test_task)
    i.test_task_init                         0x080010c8   Section        0  test_task.o(i.test_task_init)
    i.timer_enable                           0x080010f0   Section        0  gd32f30x_timer.o(i.timer_enable)
    i.timer_init                             0x080010fc   Section        0  gd32f30x_timer.o(i.timer_init)
    i.timer_interrupt_enable                 0x08001190   Section        0  gd32f30x_timer.o(i.timer_interrupt_enable)
    i.timer_interrupt_flag_clear             0x08001198   Section        0  gd32f30x_timer.o(i.timer_interrupt_flag_clear)
    i.uart_printf_init                       0x080011a0   Section        0  uart_printf.o(i.uart_printf_init)
    i.usart_baudrate_set                     0x08001228   Section        0  gd32f30x_usart.o(i.usart_baudrate_set)
    i.usart_data_transmit                    0x0800127c   Section        0  gd32f30x_usart.o(i.usart_data_transmit)
    i.usart_deinit                           0x08001284   Section        0  gd32f30x_usart.o(i.usart_deinit)
    i.usart_enable                           0x080012dc   Section        0  gd32f30x_usart.o(i.usart_enable)
    i.usart_flag_get                         0x080012e6   Section        0  gd32f30x_usart.o(i.usart_flag_get)
    i.usart_hardware_flow_cts_config         0x080012fc   Section        0  gd32f30x_usart.o(i.usart_hardware_flow_cts_config)
    i.usart_hardware_flow_rts_config         0x08001308   Section        0  gd32f30x_usart.o(i.usart_hardware_flow_rts_config)
    i.usart_parity_config                    0x08001314   Section        0  gd32f30x_usart.o(i.usart_parity_config)
    i.usart_receive_config                   0x08001324   Section        0  gd32f30x_usart.o(i.usart_receive_config)
    i.usart_stop_bit_set                     0x08001330   Section        0  gd32f30x_usart.o(i.usart_stop_bit_set)
    i.usart_transmit_config                  0x08001340   Section        0  gd32f30x_usart.o(i.usart_transmit_config)
    i.usart_word_length_set                  0x0800134c   Section        0  gd32f30x_usart.o(i.usart_word_length_set)
    i.uxListRemove                           0x0800135c   Section        0  list.o(i.uxListRemove)
    i.uxTaskGetStackHighWaterMark            0x08001384   Section        0  tasks.o(i.uxTaskGetStackHighWaterMark)
    i.uxTaskPriorityGet                      0x080013a4   Section        0  tasks.o(i.uxTaskPriorityGet)
    i.vApplicationStackOverflowHook          0x080013c0   Section        0  osal.o(i.vApplicationStackOverflowHook)
    i.vListInitialise                        0x080013ec   Section        0  list.o(i.vListInitialise)
    i.vListInitialiseItem                    0x08001402   Section        0  list.o(i.vListInitialiseItem)
    i.vListInsert                            0x08001408   Section        0  list.o(i.vListInsert)
    i.vListInsertEnd                         0x08001438   Section        0  list.o(i.vListInsertEnd)
    i.vPortEnterCritical                     0x08001450   Section        0  port.o(i.vPortEnterCritical)
    i.vPortExitCritical                      0x080014c8   Section        0  port.o(i.vPortExitCritical)
    i.vPortFree                              0x08001528   Section        0  heap_4.o(i.vPortFree)
    i.vPortSetupTimerInterrupt               0x080015d0   Section        0  port.o(i.vPortSetupTimerInterrupt)
    i.vTaskDelay                             0x080015f4   Section        0  tasks.o(i.vTaskDelay)
    i.vTaskStartScheduler                    0x08001678   Section        0  tasks.o(i.vTaskStartScheduler)
    i.vTaskSuspendAll                        0x08001718   Section        0  tasks.o(i.vTaskSuspendAll)
    i.vTaskSwitchContext                     0x08001728   Section        0  tasks.o(i.vTaskSwitchContext)
    i.xPortStartScheduler                    0x080017d4   Section        0  port.o(i.xPortStartScheduler)
    i.xPortSysTickHandler                    0x08001924   Section        0  port.o(i.xPortSysTickHandler)
    i.xTaskCreate                            0x08001950   Section        0  tasks.o(i.xTaskCreate)
    i.xTaskIncrementTick                     0x080019a8   Section        0  tasks.o(i.xTaskIncrementTick)
    i.xTaskResumeAll                         0x08001aac   Section        0  tasks.o(i.xTaskResumeAll)
    .constdata                               0x08001ba8   Section       84  gd32f30x_it.o(.constdata)
    __func__                                 0x08001ba8   Data          12  gd32f30x_it.o(.constdata)
    __func__                                 0x08001bb4   Data          18  gd32f30x_it.o(.constdata)
    __func__                                 0x08001bc6   Data          18  gd32f30x_it.o(.constdata)
    __func__                                 0x08001bd8   Data          17  gd32f30x_it.o(.constdata)
    __func__                                 0x08001be9   Data          19  gd32f30x_it.o(.constdata)
    .constdata                               0x08001bfc   Section      554  tasks.o(.constdata)
    __func__                                 0x08001bfc   Data          21  tasks.o(.constdata)
    __func__                                 0x08001c11   Data          12  tasks.o(.constdata)
    __func__                                 0x08001c1d   Data          16  tasks.o(.constdata)
    __func__                                 0x08001c2d   Data          11  tasks.o(.constdata)
    __func__                                 0x08001c38   Data          17  tasks.o(.constdata)
    __func__                                 0x08001c49   Data          13  tasks.o(.constdata)
    __func__                                 0x08001c56   Data          23  tasks.o(.constdata)
    __func__                                 0x08001c6d   Data          12  tasks.o(.constdata)
    __func__                                 0x08001c79   Data          19  tasks.o(.constdata)
    __func__                                 0x08001c8c   Data          20  tasks.o(.constdata)
    __func__                                 0x08001ca0   Data          15  tasks.o(.constdata)
    __func__                                 0x08001caf   Data          14  tasks.o(.constdata)
    __func__                                 0x08001cbd   Data          18  tasks.o(.constdata)
    __func__                                 0x08001ccf   Data          19  tasks.o(.constdata)
    __func__                                 0x08001ce2   Data          19  tasks.o(.constdata)
    __func__                                 0x08001cf5   Data          22  tasks.o(.constdata)
    __func__                                 0x08001d0b   Data          31  tasks.o(.constdata)
    __func__                                 0x08001d2a   Data          25  tasks.o(.constdata)
    __func__                                 0x08001d43   Data          34  tasks.o(.constdata)
    __func__                                 0x08001d65   Data          21  tasks.o(.constdata)
    __func__                                 0x08001d7a   Data          21  tasks.o(.constdata)
    __func__                                 0x08001d8f   Data          24  tasks.o(.constdata)
    __func__                                 0x08001da7   Data          23  tasks.o(.constdata)
    __func__                                 0x08001dbe   Data          19  tasks.o(.constdata)
    __func__                                 0x08001dd1   Data          26  tasks.o(.constdata)
    __func__                                 0x08001deb   Data          30  tasks.o(.constdata)
    __func__                                 0x08001e09   Data          29  tasks.o(.constdata)
    .constdata                               0x08001e26   Section      123  port.o(.constdata)
    __func__                                 0x08001e26   Data          17  port.o(.constdata)
    __func__                                 0x08001e37   Data          20  port.o(.constdata)
    __func__                                 0x08001e4b   Data          18  port.o(.constdata)
    __func__                                 0x08001e5d   Data          19  port.o(.constdata)
    __func__                                 0x08001e70   Data          18  port.o(.constdata)
    __func__                                 0x08001e82   Data          31  port.o(.constdata)
    .constdata                               0x08001ea1   Section       23  heap_4.o(.constdata)
    __func__                                 0x08001ea1   Data          13  heap_4.o(.constdata)
    __func__                                 0x08001eae   Data          10  heap_4.o(.constdata)
    .data                                    0x20000000   Section        4  systick.o(.data)
    delay                                    0x20000000   Data           4  systick.o(.data)
    .data                                    0x20000004   Section        4  system_gd32f30x.o(.data)
    .data                                    0x20000008   Section        4  delay.o(.data)
    gs_count                                 0x20000008   Data           4  delay.o(.data)
    .data                                    0x2000000c   Section       64  tasks.o(.data)
    uxDeletedTasksWaitingCleanUp             0x20000010   Data           4  tasks.o(.data)
    uxCurrentNumberOfTasks                   0x20000014   Data           4  tasks.o(.data)
    xTickCount                               0x20000018   Data           4  tasks.o(.data)
    uxTopReadyPriority                       0x2000001c   Data           4  tasks.o(.data)
    xSchedulerRunning                        0x20000020   Data           4  tasks.o(.data)
    xPendedTicks                             0x20000024   Data           4  tasks.o(.data)
    xYieldPending                            0x20000028   Data           4  tasks.o(.data)
    xNumOfOverflows                          0x2000002c   Data           4  tasks.o(.data)
    uxTaskNumber                             0x20000030   Data           4  tasks.o(.data)
    xNextTaskUnblockTime                     0x20000034   Data           4  tasks.o(.data)
    xIdleTaskHandle                          0x20000038   Data           4  tasks.o(.data)
    uxSchedulerSuspended                     0x20000040   Data           4  tasks.o(.data)
    pxDelayedTaskList                        0x20000044   Data           4  tasks.o(.data)
    pxOverflowDelayedTaskList                0x20000048   Data           4  tasks.o(.data)
    .data                                    0x2000004c   Section       12  port.o(.data)
    ucMaxSysCallPriority                     0x2000004c   Data           1  port.o(.data)
    uxCriticalNesting                        0x20000050   Data           4  port.o(.data)
    ulMaxPRIGROUPValue                       0x20000054   Data           4  port.o(.data)
    .data                                    0x20000058   Section       32  heap_4.o(.data)
    pxEnd                                    0x20000058   Data           4  heap_4.o(.data)
    xFreeBytesRemaining                      0x2000005c   Data           4  heap_4.o(.data)
    xMinimumEverFreeBytesRemaining           0x20000060   Data           4  heap_4.o(.data)
    xNumberOfSuccessfulAllocations           0x20000064   Data           4  heap_4.o(.data)
    xNumberOfSuccessfulFrees                 0x20000068   Data           4  heap_4.o(.data)
    xBlockAllocatedBit                       0x2000006c   Data           4  heap_4.o(.data)
    xStart                                   0x20000070   Data           8  heap_4.o(.data)
    .data                                    0x20000078   Section        4  stdout.o(.data)
    .bss                                     0x2000007c   Section      200  tasks.o(.bss)
    pxReadyTasksLists                        0x2000007c   Data         100  tasks.o(.bss)
    xDelayedTaskList1                        0x200000e0   Data          20  tasks.o(.bss)
    xDelayedTaskList2                        0x200000f4   Data          20  tasks.o(.bss)
    xPendingReadyList                        0x20000108   Data          20  tasks.o(.bss)
    xTasksWaitingTermination                 0x2000011c   Data          20  tasks.o(.bss)
    xSuspendedTaskList                       0x20000130   Data          20  tasks.o(.bss)
    .bss                                     0x20000144   Section    17408  heap_4.o(.bss)
    ucHeap                                   0x20000144   Data       17408  heap_4.o(.bss)
    STACK                                    0x20004548   Section     1024  startup_gd32f30x_hd.o(STACK)

    Global Symbols

    Symbol Name                              Value     Ov Type        Size  Object(Section)

    BuildAttributes$$THM_ISAv4$E$P$D$K$B$S$7EM$VFPi3$EXTD16$VFPS$VFMA$PE$A:L22UL41UL21$X:L11$S22US41US21$IEEE1$IW$USESV6$~STKCKD$USESV7$~SHL$OSPACE$ROPI$EBA8$MICROLIB$REQ8$PRES8$EABIv2 0x00000000   Number         0  anon$$obj.o ABSOLUTE
    __ARM_use_no_argv                        0x00000000   Number         0  main.o ABSOLUTE
    _printf_a                                0x00000000   Number         0  stubs.o ABSOLUTE
    _printf_c                                0x00000000   Number         0  stubs.o ABSOLUTE
    _printf_charcount                        0x00000000   Number         0  stubs.o ABSOLUTE
    _printf_d                                0x00000000   Number         0  stubs.o ABSOLUTE
    _printf_e                                0x00000000   Number         0  stubs.o ABSOLUTE
    _printf_f                                0x00000000   Number         0  stubs.o ABSOLUTE
    _printf_flags                            0x00000000   Number         0  stubs.o ABSOLUTE
    _printf_fp_dec                           0x00000000   Number         0  stubs.o ABSOLUTE
    _printf_fp_hex                           0x00000000   Number         0  stubs.o ABSOLUTE
    _printf_g                                0x00000000   Number         0  stubs.o ABSOLUTE
    _printf_i                                0x00000000   Number         0  stubs.o ABSOLUTE
    _printf_int_dec                          0x00000000   Number         0  stubs.o ABSOLUTE
    _printf_l                                0x00000000   Number         0  stubs.o ABSOLUTE
    _printf_lc                               0x00000000   Number         0  stubs.o ABSOLUTE
    _printf_ll                               0x00000000   Number         0  stubs.o ABSOLUTE
    _printf_lld                              0x00000000   Number         0  stubs.o ABSOLUTE
    _printf_lli                              0x00000000   Number         0  stubs.o ABSOLUTE
    _printf_llo                              0x00000000   Number         0  stubs.o ABSOLUTE
    _printf_llu                              0x00000000   Number         0  stubs.o ABSOLUTE
    _printf_llx                              0x00000000   Number         0  stubs.o ABSOLUTE
    _printf_longlong_dec                     0x00000000   Number         0  stubs.o ABSOLUTE
    _printf_longlong_hex                     0x00000000   Number         0  stubs.o ABSOLUTE
    _printf_longlong_oct                     0x00000000   Number         0  stubs.o ABSOLUTE
    _printf_ls                               0x00000000   Number         0  stubs.o ABSOLUTE
    _printf_mbtowc                           0x00000000   Number         0  stubs.o ABSOLUTE
    _printf_n                                0x00000000   Number         0  stubs.o ABSOLUTE
    _printf_o                                0x00000000   Number         0  stubs.o ABSOLUTE
    _printf_p                                0x00000000   Number         0  stubs.o ABSOLUTE
    _printf_percent                          0x00000000   Number         0  stubs.o ABSOLUTE
    _printf_pre_padding                      0x00000000   Number         0  stubs.o ABSOLUTE
    _printf_return_value                     0x00000000   Number         0  stubs.o ABSOLUTE
    _printf_s                                0x00000000   Number         0  stubs.o ABSOLUTE
    _printf_sizespec                         0x00000000   Number         0  stubs.o ABSOLUTE
    _printf_str                              0x00000000   Number         0  stubs.o ABSOLUTE
    _printf_truncate_signed                  0x00000000   Number         0  stubs.o ABSOLUTE
    _printf_truncate_unsigned                0x00000000   Number         0  stubs.o ABSOLUTE
    _printf_u                                0x00000000   Number         0  stubs.o ABSOLUTE
    _printf_wc                               0x00000000   Number         0  stubs.o ABSOLUTE
    _printf_wctomb                           0x00000000   Number         0  stubs.o ABSOLUTE
    _printf_widthprec                        0x00000000   Number         0  stubs.o ABSOLUTE
    _printf_x                                0x00000000   Number         0  stubs.o ABSOLUTE
    __arm_fini_                               - Undefined Weak Reference
    __cpp_initialize__aeabi_                  - Undefined Weak Reference
    __cxa_finalize                            - Undefined Weak Reference
    __decompress                              - Undefined Weak Reference
    _clock_init                               - Undefined Weak Reference
    _microlib_exit                            - Undefined Weak Reference
    __Vectors_Size                           0x00000130   Number         0  startup_gd32f30x_hd.o ABSOLUTE
    __Vectors                                0x08000000   Data           4  startup_gd32f30x_hd.o(RESET)
    __Vectors_End                            0x08000130   Data           0  startup_gd32f30x_hd.o(RESET)
    __main                                   0x08000131   Thumb Code     0  entry.o(.ARM.Collect$$$$00000000)
    _main_stk                                0x08000131   Thumb Code     0  entry2.o(.ARM.Collect$$$$00000001)
    _main_scatterload                        0x08000135   Thumb Code     0  entry5.o(.ARM.Collect$$$$00000004)
    __main_after_scatterload                 0x08000139   Thumb Code     0  entry5.o(.ARM.Collect$$$$00000004)
    _main_clock                              0x08000139   Thumb Code     0  entry7b.o(.ARM.Collect$$$$00000008)
    _main_cpp_init                           0x08000139   Thumb Code     0  entry8b.o(.ARM.Collect$$$$0000000A)
    _main_init                               0x08000139   Thumb Code     0  entry9a.o(.ARM.Collect$$$$0000000B)
    __rt_lib_shutdown_fini                   0x08000141   Thumb Code     0  entry12b.o(.ARM.Collect$$$$0000000E)
    __rt_final_cpp                           0x08000145   Thumb Code     0  entry10a.o(.ARM.Collect$$$$0000000F)
    __rt_final_exit                          0x08000145   Thumb Code     0  entry11a.o(.ARM.Collect$$$$00000011)
    vPortSVCHandler                          0x08000149   Thumb Code    28  port.o(.emb_text)
    __asm___6_port_c_39a90d8d__prvStartFirstTask 0x08000169   Thumb Code    36  port.o(.emb_text)
    __asm___6_port_c_39a90d8d__prvEnableVFP  0x08000191   Thumb Code    16  port.o(.emb_text)
    xPortPendSVHandler                       0x080001a5   Thumb Code    88  port.o(.emb_text)
    vPortGetIPSR                             0x08000201   Thumb Code     6  port.o(.emb_text)
    Reset_Handler                            0x08000209   Thumb Code     8  startup_gd32f30x_hd.o(.text)
    ADC0_1_IRQHandler                        0x08000223   Thumb Code     0  startup_gd32f30x_hd.o(.text)
    ADC2_IRQHandler                          0x08000223   Thumb Code     0  startup_gd32f30x_hd.o(.text)
    CAN0_EWMC_IRQHandler                     0x08000223   Thumb Code     0  startup_gd32f30x_hd.o(.text)
    CAN0_RX1_IRQHandler                      0x08000223   Thumb Code     0  startup_gd32f30x_hd.o(.text)
    DMA0_Channel0_IRQHandler                 0x08000223   Thumb Code     0  startup_gd32f30x_hd.o(.text)
    DMA0_Channel1_IRQHandler                 0x08000223   Thumb Code     0  startup_gd32f30x_hd.o(.text)
    DMA0_Channel2_IRQHandler                 0x08000223   Thumb Code     0  startup_gd32f30x_hd.o(.text)
    DMA0_Channel3_IRQHandler                 0x08000223   Thumb Code     0  startup_gd32f30x_hd.o(.text)
    DMA0_Channel4_IRQHandler                 0x08000223   Thumb Code     0  startup_gd32f30x_hd.o(.text)
    DMA0_Channel5_IRQHandler                 0x08000223   Thumb Code     0  startup_gd32f30x_hd.o(.text)
    DMA0_Channel6_IRQHandler                 0x08000223   Thumb Code     0  startup_gd32f30x_hd.o(.text)
    DMA1_Channel0_IRQHandler                 0x08000223   Thumb Code     0  startup_gd32f30x_hd.o(.text)
    DMA1_Channel1_IRQHandler                 0x08000223   Thumb Code     0  startup_gd32f30x_hd.o(.text)
    DMA1_Channel2_IRQHandler                 0x08000223   Thumb Code     0  startup_gd32f30x_hd.o(.text)
    DMA1_Channel3_4_IRQHandler               0x08000223   Thumb Code     0  startup_gd32f30x_hd.o(.text)
    EXMC_IRQHandler                          0x08000223   Thumb Code     0  startup_gd32f30x_hd.o(.text)
    EXTI0_IRQHandler                         0x08000223   Thumb Code     0  startup_gd32f30x_hd.o(.text)
    EXTI10_15_IRQHandler                     0x08000223   Thumb Code     0  startup_gd32f30x_hd.o(.text)
    EXTI1_IRQHandler                         0x08000223   Thumb Code     0  startup_gd32f30x_hd.o(.text)
    EXTI2_IRQHandler                         0x08000223   Thumb Code     0  startup_gd32f30x_hd.o(.text)
    EXTI3_IRQHandler                         0x08000223   Thumb Code     0  startup_gd32f30x_hd.o(.text)
    EXTI4_IRQHandler                         0x08000223   Thumb Code     0  startup_gd32f30x_hd.o(.text)
    EXTI5_9_IRQHandler                       0x08000223   Thumb Code     0  startup_gd32f30x_hd.o(.text)
    FMC_IRQHandler                           0x08000223   Thumb Code     0  startup_gd32f30x_hd.o(.text)
    I2C0_ER_IRQHandler                       0x08000223   Thumb Code     0  startup_gd32f30x_hd.o(.text)
    I2C0_EV_IRQHandler                       0x08000223   Thumb Code     0  startup_gd32f30x_hd.o(.text)
    I2C1_ER_IRQHandler                       0x08000223   Thumb Code     0  startup_gd32f30x_hd.o(.text)
    I2C1_EV_IRQHandler                       0x08000223   Thumb Code     0  startup_gd32f30x_hd.o(.text)
    LVD_IRQHandler                           0x08000223   Thumb Code     0  startup_gd32f30x_hd.o(.text)
    RCU_CTC_IRQHandler                       0x08000223   Thumb Code     0  startup_gd32f30x_hd.o(.text)
    RTC_Alarm_IRQHandler                     0x08000223   Thumb Code     0  startup_gd32f30x_hd.o(.text)
    RTC_IRQHandler                           0x08000223   Thumb Code     0  startup_gd32f30x_hd.o(.text)
    SDIO_IRQHandler                          0x08000223   Thumb Code     0  startup_gd32f30x_hd.o(.text)
    SPI0_IRQHandler                          0x08000223   Thumb Code     0  startup_gd32f30x_hd.o(.text)
    SPI1_IRQHandler                          0x08000223   Thumb Code     0  startup_gd32f30x_hd.o(.text)
    SPI2_IRQHandler                          0x08000223   Thumb Code     0  startup_gd32f30x_hd.o(.text)
    TAMPER_IRQHandler                        0x08000223   Thumb Code     0  startup_gd32f30x_hd.o(.text)
    TIMER0_BRK_IRQHandler                    0x08000223   Thumb Code     0  startup_gd32f30x_hd.o(.text)
    TIMER0_Channel_IRQHandler                0x08000223   Thumb Code     0  startup_gd32f30x_hd.o(.text)
    TIMER0_TRG_CMT_IRQHandler                0x08000223   Thumb Code     0  startup_gd32f30x_hd.o(.text)
    TIMER0_UP_IRQHandler                     0x08000223   Thumb Code     0  startup_gd32f30x_hd.o(.text)
    TIMER1_IRQHandler                        0x08000223   Thumb Code     0  startup_gd32f30x_hd.o(.text)
    TIMER2_IRQHandler                        0x08000223   Thumb Code     0  startup_gd32f30x_hd.o(.text)
    TIMER3_IRQHandler                        0x08000223   Thumb Code     0  startup_gd32f30x_hd.o(.text)
    TIMER4_IRQHandler                        0x08000223   Thumb Code     0  startup_gd32f30x_hd.o(.text)
    TIMER5_IRQHandler                        0x08000223   Thumb Code     0  startup_gd32f30x_hd.o(.text)
    TIMER7_BRK_IRQHandler                    0x08000223   Thumb Code     0  startup_gd32f30x_hd.o(.text)
    TIMER7_Channel_IRQHandler                0x08000223   Thumb Code     0  startup_gd32f30x_hd.o(.text)
    TIMER7_TRG_CMT_IRQHandler                0x08000223   Thumb Code     0  startup_gd32f30x_hd.o(.text)
    TIMER7_UP_IRQHandler                     0x08000223   Thumb Code     0  startup_gd32f30x_hd.o(.text)
    UART3_IRQHandler                         0x08000223   Thumb Code     0  startup_gd32f30x_hd.o(.text)
    UART4_IRQHandler                         0x08000223   Thumb Code     0  startup_gd32f30x_hd.o(.text)
    USART0_IRQHandler                        0x08000223   Thumb Code     0  startup_gd32f30x_hd.o(.text)
    USART1_IRQHandler                        0x08000223   Thumb Code     0  startup_gd32f30x_hd.o(.text)
    USART2_IRQHandler                        0x08000223   Thumb Code     0  startup_gd32f30x_hd.o(.text)
    USBD_HP_CAN0_TX_IRQHandler               0x08000223   Thumb Code     0  startup_gd32f30x_hd.o(.text)
    USBD_LP_CAN0_RX0_IRQHandler              0x08000223   Thumb Code     0  startup_gd32f30x_hd.o(.text)
    USBD_WKUP_IRQHandler                     0x08000223   Thumb Code     0  startup_gd32f30x_hd.o(.text)
    WWDGT_IRQHandler                         0x08000223   Thumb Code     0  startup_gd32f30x_hd.o(.text)
    __aeabi_memset                           0x0800022d   Thumb Code    14  memseta.o(.text)
    __aeabi_memset4                          0x0800022d   Thumb Code     0  memseta.o(.text)
    __aeabi_memset8                          0x0800022d   Thumb Code     0  memseta.o(.text)
    __aeabi_memclr                           0x0800023b   Thumb Code     4  memseta.o(.text)
    __aeabi_memclr4                          0x0800023b   Thumb Code     0  memseta.o(.text)
    __aeabi_memclr8                          0x0800023b   Thumb Code     0  memseta.o(.text)
    _memset$wrapper                          0x0800023f   Thumb Code    18  memseta.o(.text)
    strrchr                                  0x08000251   Thumb Code    22  strrchr.o(.text)
    __aeabi_uidiv                            0x08000267   Thumb Code     0  uidiv.o(.text)
    __aeabi_uidivmod                         0x08000267   Thumb Code    44  uidiv.o(.text)
    __scatterload                            0x08000295   Thumb Code    28  init.o(.text)
    __scatterload_rt2                        0x08000295   Thumb Code     0  init.o(.text)
    BusFault_Handler                         0x080002b9   Thumb Code    10  gd32f30x_it.o(i.BusFault_Handler)
    DebugMon_Handler                         0x080002cd   Thumb Code     2  gd32f30x_it.o(i.DebugMon_Handler)
    HardFault_Handler                        0x080002d1   Thumb Code    10  gd32f30x_it.o(i.HardFault_Handler)
    MemManage_Handler                        0x080002e5   Thumb Code    10  gd32f30x_it.o(i.MemManage_Handler)
    NMI_Handler                              0x080002f9   Thumb Code     8  gd32f30x_it.o(i.NMI_Handler)
    OS_GetVersion                            0x08000309   Thumb Code     4  osal.o(i.OS_GetVersion)
    OS_Init                                  0x08000321   Thumb Code    26  osal.o(i.OS_Init)
    OS_MsDelay                               0x0800034d   Thumb Code     4  osal.o(i.OS_MsDelay)
    OS_StartScheduler                        0x08000351   Thumb Code     4  osal.o(i.OS_StartScheduler)
    OS_TaskCreate                            0x08000355   Thumb Code    22  osal.o(i.OS_TaskCreate)
    OS_TaskGetFreeStackSpace                 0x0800036b   Thumb Code     4  osal.o(i.OS_TaskGetFreeStackSpace)
    OS_TaskGetName                           0x0800036f   Thumb Code     4  osal.o(i.OS_TaskGetName)
    OS_TaskGetPriority                       0x08000373   Thumb Code     4  osal.o(i.OS_TaskGetPriority)
    PendSV_Handler                           0x08000377   Thumb Code     4  gd32f30x_it.o(i.PendSV_Handler)
    SVC_Handler                              0x0800037b   Thumb Code     4  gd32f30x_it.o(i.SVC_Handler)
    SysTick_Handler                          0x0800037f   Thumb Code    14  gd32f30x_it.o(i.SysTick_Handler)
    SystemInit                               0x0800038d   Thumb Code    80  system_gd32f30x.o(i.SystemInit)
    TIMER6_IRQHandler                        0x080003e9   Thumb Code    20  delay.o(i.TIMER6_IRQHandler)
    UsageFault_Handler                       0x08000405   Thumb Code    10  gd32f30x_it.o(i.UsageFault_Handler)
    __0printf$3                              0x08000419   Thumb Code    22  printf3.o(i.__0printf$3)
    __1printf$3                              0x08000419   Thumb Code     0  printf3.o(i.__0printf$3)
    __2printf                                0x08000419   Thumb Code     0  printf3.o(i.__0printf$3)
    __scatterload_copy                       0x08000439   Thumb Code    14  handlers.o(i.__scatterload_copy)
    __scatterload_null                       0x08000447   Thumb Code     2  handlers.o(i.__scatterload_null)
    __scatterload_zeroinit                   0x08000449   Thumb Code    14  handlers.o(i.__scatterload_zeroinit)
    delay_decrement                          0x08000611   Thumb Code    16  systick.o(i.delay_decrement)
    delay_init                               0x08000625   Thumb Code     4  delay.o(i.delay_init)
    delay_ms                                 0x08000629   Thumb Code    10  delay.o(i.delay_ms)
    delay_timer_init                         0x08000635   Thumb Code    70  delay.o(i.delay_timer_init)
    delay_us                                 0x08000681   Thumb Code    14  delay.o(i.delay_us)
    fputc                                    0x08000695   Thumb Code    30  uart_printf.o(i.fputc)
    get_complie_time                         0x080006b9   Thumb Code     4  util.o(i.get_complie_time)
    gpio_init                                0x080006c9   Thumb Code   160  gd32f30x_gpio.o(i.gpio_init)
    main                                     0x08000769   Thumb Code    28  main.o(i.main)
    nvic_irq_enable                          0x08000789   Thumb Code   144  gd32f30x_misc.o(i.nvic_irq_enable)
    nvic_priority_group_set                  0x0800081d   Thumb Code    10  gd32f30x_misc.o(i.nvic_priority_group_set)
    pcTaskGetName                            0x08000831   Thumb Code    42  tasks.o(i.pcTaskGetName)
    pvPortMalloc                             0x08000c31   Thumb Code   264  heap_4.o(i.pvPortMalloc)
    pxPortInitialiseStack                    0x08000d69   Thumb Code    40  port.o(i.pxPortInitialiseStack)
    rcu_clock_freq_get                       0x08000d95   Thumb Code   218  gd32f30x_rcu.o(i.rcu_clock_freq_get)
    rcu_periph_clock_enable                  0x08000e8d   Thumb Code    22  gd32f30x_rcu.o(i.rcu_periph_clock_enable)
    rcu_periph_reset_disable                 0x08000ea9   Thumb Code    22  gd32f30x_rcu.o(i.rcu_periph_reset_disable)
    rcu_periph_reset_enable                  0x08000ec5   Thumb Code    22  gd32f30x_rcu.o(i.rcu_periph_reset_enable)
    system_init                              0x08000f9d   Thumb Code    24  system.o(i.system_init)
    test_task_init                           0x080010c9   Thumb Code    24  test_task.o(i.test_task_init)
    timer_enable                             0x080010f1   Thumb Code    10  gd32f30x_timer.o(i.timer_enable)
    timer_init                               0x080010fd   Thumb Code   120  gd32f30x_timer.o(i.timer_init)
    timer_interrupt_enable                   0x08001191   Thumb Code     8  gd32f30x_timer.o(i.timer_interrupt_enable)
    timer_interrupt_flag_clear               0x08001199   Thumb Code     6  gd32f30x_timer.o(i.timer_interrupt_flag_clear)
    uart_printf_init                         0x080011a1   Thumb Code   128  uart_printf.o(i.uart_printf_init)
    usart_baudrate_set                       0x08001229   Thumb Code    76  gd32f30x_usart.o(i.usart_baudrate_set)
    usart_data_transmit                      0x0800127d   Thumb Code     8  gd32f30x_usart.o(i.usart_data_transmit)
    usart_deinit                             0x08001285   Thumb Code    80  gd32f30x_usart.o(i.usart_deinit)
    usart_enable                             0x080012dd   Thumb Code    10  gd32f30x_usart.o(i.usart_enable)
    usart_flag_get                           0x080012e7   Thumb Code    22  gd32f30x_usart.o(i.usart_flag_get)
    usart_hardware_flow_cts_config           0x080012fd   Thumb Code    12  gd32f30x_usart.o(i.usart_hardware_flow_cts_config)
    usart_hardware_flow_rts_config           0x08001309   Thumb Code    12  gd32f30x_usart.o(i.usart_hardware_flow_rts_config)
    usart_parity_config                      0x08001315   Thumb Code    16  gd32f30x_usart.o(i.usart_parity_config)
    usart_receive_config                     0x08001325   Thumb Code    12  gd32f30x_usart.o(i.usart_receive_config)
    usart_stop_bit_set                       0x08001331   Thumb Code    16  gd32f30x_usart.o(i.usart_stop_bit_set)
    usart_transmit_config                    0x08001341   Thumb Code    12  gd32f30x_usart.o(i.usart_transmit_config)
    usart_word_length_set                    0x0800134d   Thumb Code    16  gd32f30x_usart.o(i.usart_word_length_set)
    uxListRemove                             0x0800135d   Thumb Code    38  list.o(i.uxListRemove)
    uxTaskGetStackHighWaterMark              0x08001385   Thumb Code    28  tasks.o(i.uxTaskGetStackHighWaterMark)
    uxTaskPriorityGet                        0x080013a5   Thumb Code    24  tasks.o(i.uxTaskPriorityGet)
    vApplicationStackOverflowHook            0x080013c1   Thumb Code     6  osal.o(i.vApplicationStackOverflowHook)
    vListInitialise                          0x080013ed   Thumb Code    22  list.o(i.vListInitialise)
    vListInitialiseItem                      0x08001403   Thumb Code     6  list.o(i.vListInitialiseItem)
    vListInsert                              0x08001409   Thumb Code    48  list.o(i.vListInsert)
    vListInsertEnd                           0x08001439   Thumb Code    24  list.o(i.vListInsertEnd)
    vPortEnterCritical                       0x08001451   Thumb Code    68  port.o(i.vPortEnterCritical)
    vPortExitCritical                        0x080014c9   Thumb Code    48  port.o(i.vPortExitCritical)
    vPortFree                                0x08001529   Thumb Code   118  heap_4.o(i.vPortFree)
    vPortSetupTimerInterrupt                 0x080015d1   Thumb Code    32  port.o(i.vPortSetupTimerInterrupt)
    vTaskDelay                               0x080015f5   Thumb Code    78  tasks.o(i.vTaskDelay)
    vTaskStartScheduler                      0x08001679   Thumb Code    98  tasks.o(i.vTaskStartScheduler)
    vTaskSuspendAll                          0x08001719   Thumb Code    10  tasks.o(i.vTaskSuspendAll)
    vTaskSwitchContext                       0x08001729   Thumb Code   118  tasks.o(i.vTaskSwitchContext)
    xPortStartScheduler                      0x080017d5   Thumb Code   272  port.o(i.xPortStartScheduler)
    xPortSysTickHandler                      0x08001925   Thumb Code    38  port.o(i.xPortSysTickHandler)
    xTaskCreate                              0x08001951   Thumb Code    86  tasks.o(i.xTaskCreate)
    xTaskIncrementTick                       0x080019a9   Thumb Code   206  tasks.o(i.xTaskIncrementTick)
    xTaskResumeAll                           0x08001aad   Thumb Code   194  tasks.o(i.xTaskResumeAll)
    Region$$Table$$Base                      0x08001eb8   Number         0  anon$$obj.o(Region$$Table)
    Region$$Table$$Limit                     0x08001ed8   Number         0  anon$$obj.o(Region$$Table)
    SystemCoreClock                          0x20000004   Data           4  system_gd32f30x.o(.data)
    pxCurrentTCB                             0x2000000c   Data           4  tasks.o(.data)
    uxTopUsedPriority                        0x2000003c   Data           4  tasks.o(.data)
    __stdout                                 0x20000078   Data           4  stdout.o(.data)
    __initial_sp                             0x20004948   Data           0  startup_gd32f30x_hd.o(STACK)



==============================================================================

Memory Map of the image

  Image Entry point : 0x08000131

  Load Region LR_IROM1 (Base: 0x08000000, Size: 0x00001f54, Max: 0x00080000, ABSOLUTE)

    Execution Region ER_IROM1 (Base: 0x08000000, Size: 0x00001ed8, Max: 0x00080000, ABSOLUTE)

    Base Addr    Size         Type   Attr      Idx    E Section Name        Object

    0x08000000   0x00000130   Data   RO         4439    RESET               startup_gd32f30x_hd.o
    0x08000130   0x00000000   Code   RO         5720  * .ARM.Collect$$$$00000000  mc_w.l(entry.o)
    0x08000130   0x00000004   Code   RO         5992    .ARM.Collect$$$$00000001  mc_w.l(entry2.o)
    0x08000134   0x00000004   Code   RO         5995    .ARM.Collect$$$$00000004  mc_w.l(entry5.o)
    0x08000138   0x00000000   Code   RO         5997    .ARM.Collect$$$$00000008  mc_w.l(entry7b.o)
    0x08000138   0x00000000   Code   RO         5999    .ARM.Collect$$$$0000000A  mc_w.l(entry8b.o)
    0x08000138   0x00000008   Code   RO         6000    .ARM.Collect$$$$0000000B  mc_w.l(entry9a.o)
    0x08000140   0x00000004   Code   RO         6007    .ARM.Collect$$$$0000000E  mc_w.l(entry12b.o)
    0x08000144   0x00000000   Code   RO         6002    .ARM.Collect$$$$0000000F  mc_w.l(entry10a.o)
    0x08000144   0x00000000   Code   RO         6004    .ARM.Collect$$$$00000011  mc_w.l(entry11a.o)
    0x08000144   0x00000004   Code   RO         5993    .ARM.Collect$$$$00002712  mc_w.l(entry2.o)
    0x08000148   0x000000be   Code   RO         5574    .emb_text           port.o
    0x08000206   0x00000002   PAD
    0x08000208   0x00000024   Code   RO         4440    .text               startup_gd32f30x_hd.o
    0x0800022c   0x00000024   Code   RO         5725    .text               mc_w.l(memseta.o)
    0x08000250   0x00000016   Code   RO         5727    .text               mc_w.l(strrchr.o)
    0x08000266   0x0000002c   Code   RO         6009    .text               mc_w.l(uidiv.o)
    0x08000292   0x00000002   PAD
    0x08000294   0x00000024   Code   RO         6024    .text               mc_w.l(init.o)
    0x080002b8   0x00000014   Code   RO          185    i.BusFault_Handler  gd32f30x_it.o
    0x080002cc   0x00000002   Code   RO          186    i.DebugMon_Handler  gd32f30x_it.o
    0x080002ce   0x00000002   PAD
    0x080002d0   0x00000014   Code   RO          187    i.HardFault_Handler  gd32f30x_it.o
    0x080002e4   0x00000014   Code   RO          188    i.MemManage_Handler  gd32f30x_it.o
    0x080002f8   0x00000010   Code   RO          189    i.NMI_Handler       gd32f30x_it.o
    0x08000308   0x00000018   Code   RO         4902    i.OS_GetVersion     osal.o
    0x08000320   0x0000002c   Code   RO         4903    i.OS_Init           osal.o
    0x0800034c   0x00000004   Code   RO         4904    i.OS_MsDelay        osal.o
    0x08000350   0x00000004   Code   RO         4905    i.OS_StartScheduler  osal.o
    0x08000354   0x00000016   Code   RO         4906    i.OS_TaskCreate     osal.o
    0x0800036a   0x00000004   Code   RO         4908    i.OS_TaskGetFreeStackSpace  osal.o
    0x0800036e   0x00000004   Code   RO         4909    i.OS_TaskGetName    osal.o
    0x08000372   0x00000004   Code   RO         4910    i.OS_TaskGetPriority  osal.o
    0x08000376   0x00000004   Code   RO          190    i.PendSV_Handler    gd32f30x_it.o
    0x0800037a   0x00000004   Code   RO          191    i.SVC_Handler       gd32f30x_it.o
    0x0800037e   0x0000000e   Code   RO          192    i.SysTick_Handler   gd32f30x_it.o
    0x0800038c   0x0000005c   Code   RO          351    i.SystemInit        system_gd32f30x.o
    0x080003e8   0x0000001c   Code   RO         4604    i.TIMER6_IRQHandler  delay.o
    0x08000404   0x00000014   Code   RO          193    i.UsageFault_Handler  gd32f30x_it.o
    0x08000418   0x00000020   Code   RO         5820    i.__0printf$3       mc_w.l(printf3.o)
    0x08000438   0x0000000e   Code   RO         6036    i.__scatterload_copy  mc_w.l(handlers.o)
    0x08000446   0x00000002   Code   RO         6037    i.__scatterload_null  mc_w.l(handlers.o)
    0x08000448   0x0000000e   Code   RO         6038    i.__scatterload_zeroinit  mc_w.l(handlers.o)
    0x08000456   0x00000002   PAD
    0x08000458   0x000001b8   Code   RO         5827    i._printf_core      mc_w.l(printf3.o)
    0x08000610   0x00000014   Code   RO          309    i.delay_decrement   systick.o
    0x08000624   0x00000004   Code   RO         4605    i.delay_init        delay.o
    0x08000628   0x0000000a   Code   RO         4606    i.delay_ms          delay.o
    0x08000632   0x00000002   PAD
    0x08000634   0x0000004c   Code   RO         4607    i.delay_timer_init  delay.o
    0x08000680   0x00000014   Code   RO         4608    i.delay_us          delay.o
    0x08000694   0x00000024   Code   RO         4694    i.fputc             uart_printf.o
    0x080006b8   0x00000010   Code   RO         4838    i.get_complie_time  util.o
    0x080006c8   0x000000a0   Code   RO         2163    i.gpio_init         gd32f30x_gpio.o
    0x08000768   0x00000020   Code   RO            3    i.main              main.o
    0x08000788   0x00000094   Code   RO         2487    i.nvic_irq_enable   gd32f30x_misc.o
    0x0800081c   0x00000014   Code   RO         2488    i.nvic_priority_group_set  gd32f30x_misc.o
    0x08000830   0x0000005c   Code   RO         5274    i.pcTaskGetName     tasks.o
    0x0800088c   0x00000070   Code   RO         5275    i.prvAddCurrentTaskToDelayedList  tasks.o
    0x080008fc   0x000000d0   Code   RO         5276    i.prvAddNewTaskToReadyList  tasks.o
    0x080009cc   0x00000014   Code   RO         5277    i.prvDeleteTCB      tasks.o
    0x080009e0   0x0000004c   Code   RO         5652    i.prvHeapInit       heap_4.o
    0x08000a2c   0x0000005c   Code   RO         5278    i.prvIdleTask       tasks.o
    0x08000a88   0x000000e0   Code   RO         5279    i.prvInitialiseNewTask  tasks.o
    0x08000b68   0x0000004c   Code   RO         5653    i.prvInsertBlockIntoFreeList  heap_4.o
    0x08000bb4   0x0000001c   Code   RO         5280    i.prvResetNextTaskUnblockTime  tasks.o
    0x08000bd0   0x00000060   Code   RO         5575    i.prvTaskExitError  port.o
    0x08000c30   0x00000138   Code   RO         5654    i.pvPortMalloc      heap_4.o
    0x08000d68   0x0000002c   Code   RO         5576    i.pxPortInitialiseStack  port.o
    0x08000d94   0x000000f8   Code   RO         2686    i.rcu_clock_freq_get  gd32f30x_rcu.o
    0x08000e8c   0x0000001c   Code   RO         2704    i.rcu_periph_clock_enable  gd32f30x_rcu.o
    0x08000ea8   0x0000001c   Code   RO         2707    i.rcu_periph_reset_disable  gd32f30x_rcu.o
    0x08000ec4   0x0000001c   Code   RO         2708    i.rcu_periph_reset_enable  gd32f30x_rcu.o
    0x08000ee0   0x000000bc   Code   RO          352    i.system_clock_120m_hxtal  system_gd32f30x.o
    0x08000f9c   0x0000003c   Code   RO         4650    i.system_init       system.o
    0x08000fd8   0x000000f0   Code   RO         4852    i.test_task         test_task.o
    0x080010c8   0x00000028   Code   RO         4853    i.test_task_init    test_task.o
    0x080010f0   0x0000000a   Code   RO         3602    i.timer_enable      gd32f30x_timer.o
    0x080010fa   0x00000002   PAD
    0x080010fc   0x00000094   Code   RO         3612    i.timer_init        gd32f30x_timer.o
    0x08001190   0x00000008   Code   RO         3619    i.timer_interrupt_enable  gd32f30x_timer.o
    0x08001198   0x00000006   Code   RO         3620    i.timer_interrupt_flag_clear  gd32f30x_timer.o
    0x0800119e   0x00000002   PAD
    0x080011a0   0x00000088   Code   RO         4695    i.uart_printf_init  uart_printf.o
    0x08001228   0x00000054   Code   RO         4009    i.usart_baudrate_set  gd32f30x_usart.o
    0x0800127c   0x00000008   Code   RO         4013    i.usart_data_transmit  gd32f30x_usart.o
    0x08001284   0x00000058   Code   RO         4014    i.usart_deinit      gd32f30x_usart.o
    0x080012dc   0x0000000a   Code   RO         4018    i.usart_enable      gd32f30x_usart.o
    0x080012e6   0x00000016   Code   RO         4020    i.usart_flag_get    gd32f30x_usart.o
    0x080012fc   0x0000000c   Code   RO         4024    i.usart_hardware_flow_cts_config  gd32f30x_usart.o
    0x08001308   0x0000000c   Code   RO         4025    i.usart_hardware_flow_rts_config  gd32f30x_usart.o
    0x08001314   0x00000010   Code   RO         4040    i.usart_parity_config  gd32f30x_usart.o
    0x08001324   0x0000000c   Code   RO         4042    i.usart_receive_config  gd32f30x_usart.o
    0x08001330   0x00000010   Code   RO         4052    i.usart_stop_bit_set  gd32f30x_usart.o
    0x08001340   0x0000000c   Code   RO         4056    i.usart_transmit_config  gd32f30x_usart.o
    0x0800134c   0x00000010   Code   RO         4057    i.usart_word_length_set  gd32f30x_usart.o
    0x0800135c   0x00000026   Code   RO         5112    i.uxListRemove      list.o
    0x08001382   0x00000002   PAD
    0x08001384   0x00000020   Code   RO         5285    i.uxTaskGetStackHighWaterMark  tasks.o
    0x080013a4   0x0000001c   Code   RO         5286    i.uxTaskPriorityGet  tasks.o
    0x080013c0   0x0000002c   Code   RO         4914    i.vApplicationStackOverflowHook  osal.o
    0x080013ec   0x00000016   Code   RO         5113    i.vListInitialise   list.o
    0x08001402   0x00000006   Code   RO         5114    i.vListInitialiseItem  list.o
    0x08001408   0x00000030   Code   RO         5115    i.vListInsert       list.o
    0x08001438   0x00000018   Code   RO         5116    i.vListInsertEnd    list.o
    0x08001450   0x00000078   Code   RO         5578    i.vPortEnterCritical  port.o
    0x080014c8   0x00000060   Code   RO         5579    i.vPortExitCritical  port.o
    0x08001528   0x000000a8   Code   RO         5655    i.vPortFree         heap_4.o
    0x080015d0   0x00000024   Code   RO         5580    i.vPortSetupTimerInterrupt  port.o
    0x080015f4   0x00000084   Code   RO         5289    i.vTaskDelay        tasks.o
    0x08001678   0x000000a0   Code   RO         5301    i.vTaskStartScheduler  tasks.o
    0x08001718   0x00000010   Code   RO         5303    i.vTaskSuspendAll   tasks.o
    0x08001728   0x000000ac   Code   RO         5304    i.vTaskSwitchContext  tasks.o
    0x080017d4   0x00000150   Code   RO         5582    i.xPortStartScheduler  port.o
    0x08001924   0x0000002c   Code   RO         5583    i.xPortSysTickHandler  port.o
    0x08001950   0x00000056   Code   RO         5307    i.xTaskCreate       tasks.o
    0x080019a6   0x00000002   PAD
    0x080019a8   0x00000104   Code   RO         5317    i.xTaskIncrementTick  tasks.o
    0x08001aac   0x000000fc   Code   RO         5319    i.xTaskResumeAll    tasks.o
    0x08001ba8   0x00000054   Data   RO          194    .constdata          gd32f30x_it.o
    0x08001bfc   0x0000022a   Data   RO         5322    .constdata          tasks.o
    0x08001e26   0x0000007b   Data   RO         5584    .constdata          port.o
    0x08001ea1   0x00000017   Data   RO         5661    .constdata          heap_4.o
    0x08001eb8   0x00000020   Data   RO         6034    Region$$Table       anon$$obj.o


    Execution Region RW_IRAM1 (Base: 0x20000000, Size: 0x00004948, Max: 0x00010000, ABSOLUTE)

    Base Addr    Size         Type   Attr      Idx    E Section Name        Object

    0x20000000   0x00000004   Data   RW          311    .data               systick.o
    0x20000004   0x00000004   Data   RW          353    .data               system_gd32f30x.o
    0x20000008   0x00000004   Data   RW         4609    .data               delay.o
    0x2000000c   0x00000040   Data   RW         5323    .data               tasks.o
    0x2000004c   0x0000000c   Data   RW         5585    .data               port.o
    0x20000058   0x00000020   Data   RW         5662    .data               heap_4.o
    0x20000078   0x00000004   Data   RW         6008    .data               mc_w.l(stdout.o)
    0x2000007c   0x000000c8   Zero   RW         5321    .bss                tasks.o
    0x20000144   0x00004400   Zero   RW         5660    .bss                heap_4.o
    0x20004544   0x00000004   PAD
    0x20004548   0x00000400   Zero   RW         4437    STACK               startup_gd32f30x_hd.o


==============================================================================

Image component sizes


      Code (inc. data)   RO Data    RW Data    ZI Data      Debug   Object Name

       138         20          0          4          0       3238   delay.o
         0          0          0          0          0       5168   event_groups.o
       160          0          0          0          0       1052   gd32f30x_gpio.o
       120         48         84          0          0       5530   gd32f30x_it.o
       168         14          0          0          0       2140   gd32f30x_misc.o
       332         48          0          0          0      20528   gd32f30x_rcu.o
       172         28          0          0          0      18960   gd32f30x_timer.o
       308         16          0          0          0      14878   gd32f30x_usart.o
       632        112         23         32      17408       7435   heap_4.o
       138          0          0          0          0       3390   list.o
        32          4          0          0          0      19155   main.o
       154         76          0          0          0       5100   osal.o
       962        244        123         12          0      12229   port.o
        36          8        304          0       1024        916   startup_gd32f30x_hd.o
        60         36          0          0          0       1546   system.o
       280         30          0          4          0       2443   system_gd32f30x.o
        20          4          0          4          0        934   systick.o
      1914        432        554         64        200      41572   tasks.o
       280        152          0          0          0      13909   test_task.o
       172         14          0          0          0       1175   uart_printf.o
        16         12          0          0          0        763   util.o

    ----------------------------------------------------------------------
      6108       1298       1120        120      18636     182061   Object Totals
         0          0         32          0          0          0   (incl. Generated)
        14          0          0          0          4          0   (incl. Padding)

    ----------------------------------------------------------------------

      Code (inc. data)   RO Data    RW Data    ZI Data      Debug   Library Member Name

         0          0          0          0          0          0   entry.o
         0          0          0          0          0          0   entry10a.o
         0          0          0          0          0          0   entry11a.o
         4          0          0          0          0          0   entry12b.o
         8          4          0          0          0          0   entry2.o
         4          0          0          0          0          0   entry5.o
         0          0          0          0          0          0   entry7b.o
         0          0          0          0          0          0   entry8b.o
         8          4          0          0          0          0   entry9a.o
        30          0          0          0          0          0   handlers.o
        36          8          0          0          0         68   init.o
        36          0          0          0          0        108   memseta.o
       472         14          0          0          0        184   printf3.o
         0          0          0          4          0          0   stdout.o
        22          0          0          0          0         68   strrchr.o
        44          0          0          0          0         80   uidiv.o

    ----------------------------------------------------------------------
       668         30          0          4          0        508   Library Totals
         4          0          0          0          0          0   (incl. Padding)

    ----------------------------------------------------------------------

      Code (inc. data)   RO Data    RW Data    ZI Data      Debug   Library Name

       664         30          0          4          0        508   mc_w.l

    ----------------------------------------------------------------------
       668         30          0          4          0        508   Library Totals

    ----------------------------------------------------------------------

==============================================================================


      Code (inc. data)   RO Data    RW Data    ZI Data      Debug   

      6776       1328       1120        124      18636     174417   Grand Totals
      6776       1328       1120        124      18636     174417   ELF Image Totals
      6776       1328       1120        124          0          0   ROM Totals

==============================================================================

    Total RO  Size (Code + RO Data)                 7896 (   7.71kB)
    Total RW  Size (RW Data + ZI Data)             18760 (  18.32kB)
    Total ROM Size (Code + RO Data + RW Data)       8020 (   7.83kB)

==============================================================================

